Archive member included because of file (symbol)

c:/winavr-20100110/bin/../lib/gcc/avr/4.3.3/avr5\libgcc.a(_mulsi3.o)
                              peripherals.o (__mulsi3)
c:/winavr-20100110/bin/../lib/gcc/avr/4.3.3/avr5\libgcc.a(_udivmodsi4.o)
                              peripherals.o (__udivmodsi4)
c:/winavr-20100110/bin/../lib/gcc/avr/4.3.3/avr5\libgcc.a(_exit.o)
                              c:/winavr-20100110/bin/../lib/gcc/avr/4.3.3/../../../../avr/lib/avr5/crtm328p.o (exit)
c:/winavr-20100110/bin/../lib/gcc/avr/4.3.3/avr5\libgcc.a(_copy_data.o)
                              nrf24l01p.o (__do_copy_data)
c:/winavr-20100110/bin/../lib/gcc/avr/4.3.3/avr5\libgcc.a(_clear_bss.o)
                              tasks.o (__do_clear_bss)

Allocating common symbols
Common symbol       size              file

nRF24L01P_type      0x13              nrf24l01p.o
NTC                 0x8               sensors.o
OTAU                0x105             tasks.o
HDC1080             0x16              sensors.o
TaskData            0x30              tasks.o
nRF24L01P           0x2               nrf24l01p.o

Memory Configuration

Name             Origin             Length             Attributes
text             0x00000000         0x00020000         xr
data             0x00800060         0x0000ffa0         rw !x
eeprom           0x00810000         0x00010000         rw !x
fuse             0x00820000         0x00000400         rw !x
lock             0x00830000         0x00000400         rw !x
signature        0x00840000         0x00000400         rw !x
*default*        0x00000000         0xffffffff

Linker script and memory map

Address of section .data set to 0x800100
LOAD c:/winavr-20100110/bin/../lib/gcc/avr/4.3.3/../../../../avr/lib/avr5/crtm328p.o
LOAD main.o
LOAD tasks.o
LOAD nrf24l01p.o
LOAD peripherals.o
LOAD rgb.o
LOAD sensors.o
LOAD kernel.o
LOAD debug.o
LOAD c:/winavr-20100110/bin/../lib/gcc/avr/4.3.3/../../../../avr/lib/avr5\libm.a
LOAD c:/winavr-20100110/bin/../lib/gcc/avr/4.3.3/avr5\libgcc.a
LOAD c:/winavr-20100110/bin/../lib/gcc/avr/4.3.3/../../../../avr/lib/avr5\libc.a
LOAD c:/winavr-20100110/bin/../lib/gcc/avr/4.3.3/avr5\libgcc.a

.hash
 *(.hash)

.dynsym
 *(.dynsym)

.dynstr
 *(.dynstr)

.gnu.version
 *(.gnu.version)

.gnu.version_d
 *(.gnu.version_d)

.gnu.version_r
 *(.gnu.version_r)

.rel.init
 *(.rel.init)

.rela.init
 *(.rela.init)

.rel.text
 *(.rel.text)
 *(.rel.text.*)
 *(.rel.gnu.linkonce.t*)

.rela.text
 *(.rela.text)
 *(.rela.text.*)
 *(.rela.gnu.linkonce.t*)

.rel.fini
 *(.rel.fini)

.rela.fini
 *(.rela.fini)

.rel.rodata
 *(.rel.rodata)
 *(.rel.rodata.*)
 *(.rel.gnu.linkonce.r*)

.rela.rodata
 *(.rela.rodata)
 *(.rela.rodata.*)
 *(.rela.gnu.linkonce.r*)

.rel.data
 *(.rel.data)
 *(.rel.data.*)
 *(.rel.gnu.linkonce.d*)

.rela.data
 *(.rela.data)
 *(.rela.data.*)
 *(.rela.gnu.linkonce.d*)

.rel.ctors
 *(.rel.ctors)

.rela.ctors
 *(.rela.ctors)

.rel.dtors
 *(.rel.dtors)

.rela.dtors
 *(.rela.dtors)

.rel.got
 *(.rel.got)

.rela.got
 *(.rela.got)

.rel.bss
 *(.rel.bss)

.rela.bss
 *(.rela.bss)

.rel.plt
 *(.rel.plt)

.rela.plt
 *(.rela.plt)

.text           0x00000000     0x1e54
 *(.vectors)
 .vectors       0x00000000       0x68 c:/winavr-20100110/bin/../lib/gcc/avr/4.3.3/../../../../avr/lib/avr5/crtm328p.o
                0x00000000                __vectors
                0x00000000                __vector_default
 *(.vectors)
 *(.progmem.gcc*)
 *(.progmem*)
                0x00000068                . = ALIGN (0x2)
                0x00000068                __trampolines_start = .
 *(.trampolines)
 .trampolines   0x00000068        0x0 linker stubs
 *(.trampolines*)
                0x00000068                __trampolines_end = .
 *(.jumptables)
 *(.jumptables*)
 *(.lowtext)
 *(.lowtext*)
                0x00000068                __ctors_start = .
 *(.ctors)
                0x00000068                __ctors_end = .
                0x00000068                __dtors_start = .
 *(.dtors)
                0x00000068                __dtors_end = .
 SORT(*)(.ctors)
 SORT(*)(.dtors)
 *(.init0)
 .init0         0x00000068        0x0 c:/winavr-20100110/bin/../lib/gcc/avr/4.3.3/../../../../avr/lib/avr5/crtm328p.o
                0x00000068                __init
 *(.init0)
 *(.init1)
 *(.init1)
 *(.init2)
 .init2         0x00000068        0xc c:/winavr-20100110/bin/../lib/gcc/avr/4.3.3/../../../../avr/lib/avr5/crtm328p.o
 *(.init2)
 *(.init3)
 *(.init3)
 *(.init4)
 .init4         0x00000074       0x16 c:/winavr-20100110/bin/../lib/gcc/avr/4.3.3/avr5\libgcc.a(_copy_data.o)
                0x00000074                __do_copy_data
 .init4         0x0000008a       0x10 c:/winavr-20100110/bin/../lib/gcc/avr/4.3.3/avr5\libgcc.a(_clear_bss.o)
                0x0000008a                __do_clear_bss
 *(.init4)
 *(.init5)
 *(.init5)
 *(.init6)
 *(.init6)
 *(.init7)
 *(.init7)
 *(.init8)
 *(.init8)
 *(.init9)
 .init9         0x0000009a        0x8 c:/winavr-20100110/bin/../lib/gcc/avr/4.3.3/../../../../avr/lib/avr5/crtm328p.o
 *(.init9)
 *(.text)
 .text          0x000000a2        0x4 c:/winavr-20100110/bin/../lib/gcc/avr/4.3.3/../../../../avr/lib/avr5/crtm328p.o
                0x000000a2                __vector_22
                0x000000a2                __vector_1
                0x000000a2                __vector_24
                0x000000a2                __vector_12
                0x000000a2                __bad_interrupt
                0x000000a2                __vector_6
                0x000000a2                __vector_3
                0x000000a2                __vector_23
                0x000000a2                __vector_25
                0x000000a2                __vector_11
                0x000000a2                __vector_13
                0x000000a2                __vector_17
                0x000000a2                __vector_19
                0x000000a2                __vector_5
                0x000000a2                __vector_4
                0x000000a2                __vector_9
                0x000000a2                __vector_2
                0x000000a2                __vector_21
                0x000000a2                __vector_15
                0x000000a2                __vector_8
                0x000000a2                __vector_14
                0x000000a2                __vector_10
                0x000000a2                __vector_16
                0x000000a2                __vector_18
                0x000000a2                __vector_20
 .text          0x000000a6       0x38 main.o
                0x000000a6                main
 .text          0x000000de      0x1a4 tasks.o
                0x000000de                Task_Disable_Peripherals
                0x00000228                Task_Vin_Sense
                0x0000023e                Task_RGB_LED
                0x000000e0                Task_OTAU
                0x000000ee                Task_Sensor
                0x00000114                Task_Radio
 .text          0x00000282      0x958 nrf24l01p.o
                0x00000912                nRF24L01P_Init
                0x000008ba                nRF24L01P_Set_Destination_Address
                0x00000620                nRF24L01P_Set_Mode_Tx
                0x00000398                nRF24L01P_SPI_Transfer
                0x000003d6                nRF24L01P_Calcuate_CRC
                0x00000546                nRF24L01P_Flush_Receive_Buffer
                0x00000314                nRF24L01P_Enable_SPI
                0x00000654                nRF24L01P_Set_Mode_Rx
                0x000005f4                nRF24L01P_Set_Mode_Sleep
                0x000008d4                nRF24L01P_Set_MaxRetransmission
                0x000002e4                nRF24L01P_CSN_High
                0x00000756                nRF24L01P_Get_Speed
                0x000007ac                nRF24L01P_Set_Speed
                0x00000402                nRF24L01P_Calcuate_CRC_Block
                0x0000080e                nRF24L01P_Get_Tx_Power
                0x00000580                nRF24L01P_Receive_Buffer_Not_Empty
                0x000004e2                nRF24L01P_Transmit_Buffer_Empty
                0x00000324                nRF24L01P_Enable
                0x000002e8                nRF24L01P_CSN_Low
                0x00000840                nRF24L01P_Set_Tx_Power
                0x00000bbc                nRF24L01P_Error_Handler
                0x0000034c                nRF24L01P_Get_Error
                0x0000036e                nRF24L01P_Error_Timeout
                0x000008ae                nRF24L01P_Set_Own_Address
                0x000008c6                nRF24L01P_Set_Receive_Timeout
                0x00000684                nRF24L01P_ReadModifyWrite
                0x00000306                nRF24L01P_Disable_GPIO
                0x00000332                nRF24L01P_Disable
                0x00000ac4                nRF24L01P_Transmit_Basic
                0x0000072c                nRF24L01P_Set_Channel
                0x00000700                nRF24L01P_Get_Channel
                0x0000033c                nRF24L01P_Error_Clear
                0x000005b2                nRF24L01P_Get_Mode
                0x000002f4                nRF24L01P_Enable_GPIO
                0x0000051e                nRF24L01P_Wait_Till_Transmission_Completes
                0x00000b22                nRF24L01P_Recieve_Basic
                0x000004c6                nRF24L01P_Write_Data_To_Transmit_Buffer
                0x00000358                nRF24L01P_No_Error
                0x000004a8                nRF24L01P_Flush_Transmit_Buffer
                0x000008fa                nRF24L01P_WakeUp
                0x0000031e                nRF24L01P_Disable_SPI
                0x00000282                nRF24L01P_Struct_Init
                0x000008e2                nRF24L01P_Deep_Sleep
                0x000002ec                nRF24L01P_CE_High
                0x000002f0                nRF24L01P_CE_Low
                0x00000564                nRF24L01P_Read_Data_From_Receive_Buffer
                0x00000432                nRF24L01P_ReadWrite_Register
 .text          0x00000bda      0x216 peripherals.o
                0x00000dca                Peripherals_V3V3_RawADC_Get
                0x00000d4a                Peripherals_V3V3_Sense_Sample
                0x00000dde                Peripherals_Analog_Temp_Get
                0x00000dd4                Peripherals_V3V3_Get
                0x00000db6                Peripherals_Vin_RawADC_Get
                0x00000dc0                Peripherals_Vin_Get
                0x00000dea                Peripherals_Digital_Temp_Get
                0x00000bda                Peripherals_ADC_Init
                0x00000de4                Peripherals_Digital_RH_Get
                0x00000cda                Peripherals_Vin_Sense_Sample
                0x00000c1c                Peripherals_ADC_Sample
 .text          0x00000df0       0x2e rgb.o
                0x00000df0                RGB_Init
                0x00000dfe                RGB_Set_State
 .text          0x00000e1e      0x5d4 sensors.o
                0x000013de                Sensors_HDC1080_RH_Get
                0x00000ed6                Sensors_I2C_SDA_State_Get
                0x00000ef4                Sensors_I2C_Bus_Idle
                0x000013d4                Sensors_HDC1080_Temp_Get
                0x000013e8                Sensors_NTC_Temp_Get
                0x000010fe                Sensors_HDC1080_Slave_Addr_Send
                0x00001138                Sensors_HDC1080_Config
                0x000013c8                Sensors_HDC1080_Error_Get
                0x00000f8a                Sensors_HDC1080_I2C_Forced_Stop
                0x00001022                Sensors_HDC1080_I2C_Receive
                0x00000e9e                Sensors_Power_Enable
                0x00000f46                Sensors_HDC1080_I2C_Stop
                0x00000ea6                Sensors_I2C_SCL_State_Set
                0x00000ea2                Sensors_Power_Disable
                0x000013c2                Sensors_HDC1080_Status_Get
                0x000010c8                Sensors_HDC1080_I2C_Send_Ack
                0x00001198                Sensors_Sample_Temp_RH
                0x00000fce                Sensors_HDC1080_I2C_Send
                0x000013bc                Sensors_HDC1080_Address_Get
                0x00000e1e                Sensors_HDC1080_Struct_Init
                0x00000ebe                Sensors_I2C_SDA_State_Set
                0x00000f08                Sensors_HDC1080_I2C_Start
                0x0000107c                Sensors_HDC1080_I2C_Check_Ack
                0x00000e8c                Sensors_Init
                0x00001330                Sensors_HDC1080_Calculate
                0x000013ce                Sensors_HDC1080_Sticky_Error_Get
 .text          0x000013f2      0x920 kernel.o
                0x0000159e                Kernel_Tick_Init
                0x00001adc                Kernel_Task_Constant_Latency
                0x00001cee                Kernel_Abs_High_Prio_Task_ID_Get
                0x00001cfa                Kernel_Tick_Val_Get
                0x00001946                Kernel_Task_Sleep
                0x00001ca6                Kernel_Task_Sleep_Time_Get
                0x00001cd0                Kernel_Task_Prio_Get
                0x00001c8a                Kernel_PreSleep_Hook
                0x00001ce0                Kernel_Lowest_Prio_Get
                0x00001cf4                Kernel_CPU_Usage_Get
                0x00001cca                Kernel_NTask_Get
                0x00001918                Kernel_Task_Idle
                0x00001c90                Kernel_Clock_Prescale
                0x00001728                Kernel_Start_Tasks
                0x00001cba                Kernel_Task_Status_Get
                0x000013f2                __vector_7
                0x000018ba                Kernel_Init
                0x00001638                Kernel_Task_Create
                0x00001b08                Kernel_Task_Constant_Latency_Sleep
                0x00001ce6                Kernel_High_Prio_Task_ID_Get
 .text          0x00001d12       0xbc debug.o
                0x00001d32                Debug_Tx_Byte
                0x00001d70                Debug_Tx_Word_Conf
                0x00001dc0                Debug_Tx_RAM_Area
                0x00001d12                Debug_Init
                0x00001d80                Debug_Tx_DWord_Conf
                0x00001da8                Debug_Tx_From_RAM
                0x00001d44                Debug_Tx_Word
                0x00001d54                Debug_Tx_Byte_Conf
 .text          0x00001dce        0x0 c:/winavr-20100110/bin/../lib/gcc/avr/4.3.3/avr5\libgcc.a(_mulsi3.o)
 .text          0x00001dce        0x0 c:/winavr-20100110/bin/../lib/gcc/avr/4.3.3/avr5\libgcc.a(_udivmodsi4.o)
 .text          0x00001dce        0x0 c:/winavr-20100110/bin/../lib/gcc/avr/4.3.3/avr5\libgcc.a(_exit.o)
 .text          0x00001dce        0x0 c:/winavr-20100110/bin/../lib/gcc/avr/4.3.3/avr5\libgcc.a(_copy_data.o)
 .text          0x00001dce        0x0 c:/winavr-20100110/bin/../lib/gcc/avr/4.3.3/avr5\libgcc.a(_clear_bss.o)
                0x00001dce                . = ALIGN (0x2)
 *(.text.*)
 .text.libgcc   0x00001dce       0x3e c:/winavr-20100110/bin/../lib/gcc/avr/4.3.3/avr5\libgcc.a(_mulsi3.o)
                0x00001dce                __mulsi3
 .text.libgcc   0x00001e0c       0x44 c:/winavr-20100110/bin/../lib/gcc/avr/4.3.3/avr5\libgcc.a(_udivmodsi4.o)
                0x00001e0c                __udivmodsi4
 .text.libgcc   0x00001e50        0x0 c:/winavr-20100110/bin/../lib/gcc/avr/4.3.3/avr5\libgcc.a(_exit.o)
 .text.libgcc   0x00001e50        0x0 c:/winavr-20100110/bin/../lib/gcc/avr/4.3.3/avr5\libgcc.a(_copy_data.o)
 .text.libgcc   0x00001e50        0x0 c:/winavr-20100110/bin/../lib/gcc/avr/4.3.3/avr5\libgcc.a(_clear_bss.o)
                0x00001e50                . = ALIGN (0x2)
 *(.fini9)
 .fini9         0x00001e50        0x0 c:/winavr-20100110/bin/../lib/gcc/avr/4.3.3/avr5\libgcc.a(_exit.o)
                0x00001e50                exit
                0x00001e50                _exit
 *(.fini9)
 *(.fini8)
 *(.fini8)
 *(.fini7)
 *(.fini7)
 *(.fini6)
 *(.fini6)
 *(.fini5)
 *(.fini5)
 *(.fini4)
 *(.fini4)
 *(.fini3)
 *(.fini3)
 *(.fini2)
 *(.fini2)
 *(.fini1)
 *(.fini1)
 *(.fini0)
 .fini0         0x00001e50        0x4 c:/winavr-20100110/bin/../lib/gcc/avr/4.3.3/avr5\libgcc.a(_exit.o)
 *(.fini0)
                0x00001e54                _etext = .

.data           0x00800100       0x24 load address 0x00001e54
                0x00800100                PROVIDE (__data_start, .)
 *(.data)
 .data          0x00800100        0x0 c:/winavr-20100110/bin/../lib/gcc/avr/4.3.3/../../../../avr/lib/avr5/crtm328p.o
 .data          0x00800100        0x0 main.o
 .data          0x00800100        0x0 tasks.o
 .data          0x00800100       0x24 nrf24l01p.o
 .data          0x00800124        0x0 peripherals.o
 .data          0x00800124        0x0 rgb.o
 .data          0x00800124        0x0 sensors.o
 .data          0x00800124        0x0 kernel.o
 .data          0x00800124        0x0 debug.o
 .data          0x00800124        0x0 c:/winavr-20100110/bin/../lib/gcc/avr/4.3.3/avr5\libgcc.a(_mulsi3.o)
 .data          0x00800124        0x0 c:/winavr-20100110/bin/../lib/gcc/avr/4.3.3/avr5\libgcc.a(_udivmodsi4.o)
 .data          0x00800124        0x0 c:/winavr-20100110/bin/../lib/gcc/avr/4.3.3/avr5\libgcc.a(_exit.o)
 .data          0x00800124        0x0 c:/winavr-20100110/bin/../lib/gcc/avr/4.3.3/avr5\libgcc.a(_copy_data.o)
 .data          0x00800124        0x0 c:/winavr-20100110/bin/../lib/gcc/avr/4.3.3/avr5\libgcc.a(_clear_bss.o)
 *(.data*)
 *(.rodata)
 *(.rodata*)
 *(.gnu.linkonce.d*)
                0x00800124                . = ALIGN (0x2)
                0x00800124                _edata = .
                0x00800124                PROVIDE (__data_end, .)

.bss            0x00800124      0x4b9
                0x00800124                PROVIDE (__bss_start, .)
 *(.bss)
 .bss           0x00800124        0x0 c:/winavr-20100110/bin/../lib/gcc/avr/4.3.3/../../../../avr/lib/avr5/crtm328p.o
 .bss           0x00800124        0x0 main.o
 .bss           0x00800124        0x0 tasks.o
 .bss           0x00800124        0x0 nrf24l01p.o
 .bss           0x00800124        0xf peripherals.o
                0x00800124                Peripherals
 .bss           0x00800133        0x0 rgb.o
 .bss           0x00800133        0x0 sensors.o
 .bss           0x00800133      0x342 kernel.o
                0x00800175                KerStack
                0x0080015d                KerSchSts
                0x0080014f                KerSSZ
                0x00800143                KerPSP
                0x00800133                KerBase
                0x00800169                KerSchSlp
                0x00800163                KerSchPr
 .bss           0x00800475        0x0 debug.o
 .bss           0x00800475        0x0 c:/winavr-20100110/bin/../lib/gcc/avr/4.3.3/avr5\libgcc.a(_mulsi3.o)
 .bss           0x00800475        0x0 c:/winavr-20100110/bin/../lib/gcc/avr/4.3.3/avr5\libgcc.a(_udivmodsi4.o)
 .bss           0x00800475        0x0 c:/winavr-20100110/bin/../lib/gcc/avr/4.3.3/avr5\libgcc.a(_exit.o)
 .bss           0x00800475        0x0 c:/winavr-20100110/bin/../lib/gcc/avr/4.3.3/avr5\libgcc.a(_copy_data.o)
 .bss           0x00800475        0x0 c:/winavr-20100110/bin/../lib/gcc/avr/4.3.3/avr5\libgcc.a(_clear_bss.o)
 *(.bss*)
 *(COMMON)
 COMMON         0x00800475      0x135 tasks.o
                0x00800475                OTAU
                0x0080057a                TaskData
 COMMON         0x008005aa       0x15 nrf24l01p.o
                0x008005aa                nRF24L01P_type
                0x008005bd                nRF24L01P
 COMMON         0x008005bf       0x1e sensors.o
                0x008005bf                NTC
                0x008005c7                HDC1080
                0x008005dd                PROVIDE (__bss_end, .)
                0x00001e54                __data_load_start = LOADADDR (.data)
                0x00001e78                __data_load_end = (__data_load_start + SIZEOF (.data))

.noinit         0x008005dd        0x0
                0x008005dd                PROVIDE (__noinit_start, .)
 *(.noinit*)
                0x008005dd                PROVIDE (__noinit_end, .)
                0x008005dd                _end = .
                0x008005dd                PROVIDE (__heap_start, .)

.eeprom         0x00810000        0x0
 *(.eeprom*)
                0x00810000                __eeprom_end = .

.fuse
 *(.fuse)
 *(.lfuse)
 *(.hfuse)
 *(.efuse)

.lock
 *(.lock*)

.signature
 *(.signature*)

.stab           0x00000000      0xd2c
 *(.stab)
 .stab          0x00000000      0x9d8 kernel.o
 .stab          0x000009d8      0x354 debug.o
                                0x360 (size before relaxing)

.stabstr        0x00000000       0x6c
 *(.stabstr)
 .stabstr       0x00000000       0x6c kernel.o

.stab.excl
 *(.stab.excl)

.stab.exclstr
 *(.stab.exclstr)

.stab.index
 *(.stab.index)

.stab.indexstr
 *(.stab.indexstr)

.comment
 *(.comment)

.debug
 *(.debug)

.line
 *(.line)

.debug_srcinfo
 *(.debug_srcinfo)

.debug_sfnames
 *(.debug_sfnames)

.debug_aranges  0x00000000       0xc0
 *(.debug_aranges)
 .debug_aranges
                0x00000000       0x20 main.o
 .debug_aranges
                0x00000020       0x20 tasks.o
 .debug_aranges
                0x00000040       0x20 nrf24l01p.o
 .debug_aranges
                0x00000060       0x20 peripherals.o
 .debug_aranges
                0x00000080       0x20 rgb.o
 .debug_aranges
                0x000000a0       0x20 sensors.o

.debug_pubnames
                0x00000000      0xae0
 *(.debug_pubnames)
 .debug_pubnames
                0x00000000       0x1b main.o
 .debug_pubnames
                0x0000001b       0x96 tasks.o
 .debug_pubnames
                0x000000b1      0x56e nrf24l01p.o
 .debug_pubnames
                0x0000061f      0x169 peripherals.o
 .debug_pubnames
                0x00000788       0x31 rgb.o
 .debug_pubnames
                0x000007b9      0x327 sensors.o

.debug_info     0x00000000     0x21cf
 *(.debug_info)
 .debug_info    0x00000000       0x76 main.o
 .debug_info    0x00000076      0x325 tasks.o
 .debug_info    0x0000039b      0xdbc nrf24l01p.o
 .debug_info    0x00001157      0x3dd peripherals.o
 .debug_info    0x00001534       0xb3 rgb.o
 .debug_info    0x000015e7      0xbe8 sensors.o
 *(.gnu.linkonce.wi.*)

.debug_abbrev   0x00000000      0x8ca
 *(.debug_abbrev)
 .debug_abbrev  0x00000000       0x41 main.o
 .debug_abbrev  0x00000041      0x132 tasks.o
 .debug_abbrev  0x00000173      0x32a nrf24l01p.o
 .debug_abbrev  0x0000049d      0x18e peripherals.o
 .debug_abbrev  0x0000062b       0x70 rgb.o
 .debug_abbrev  0x0000069b      0x22f sensors.o

.debug_line     0x00000000     0x1c1a
 *(.debug_line)
 .debug_line    0x00000000       0x88 main.o
 .debug_line    0x00000088      0x302 tasks.o
 .debug_line    0x0000038a      0xbc1 nrf24l01p.o
 .debug_line    0x00000f4b      0x2fc peripherals.o
 .debug_line    0x00001247      0x110 rgb.o
 .debug_line    0x00001357      0x8c3 sensors.o

.debug_frame    0x00000000      0x630
 *(.debug_frame)
 .debug_frame   0x00000000       0x20 main.o
 .debug_frame   0x00000020       0x70 tasks.o
 .debug_frame   0x00000090      0x300 nrf24l01p.o
 .debug_frame   0x00000390       0xc0 peripherals.o
 .debug_frame   0x00000450       0x30 rgb.o
 .debug_frame   0x00000480      0x1b0 sensors.o

.debug_str      0x00000000      0xbad
 *(.debug_str)
 .debug_str     0x00000000       0x7c main.o
                                 0xb0 (size before relaxing)
 .debug_str     0x0000007c      0x117 tasks.o
                                0x1c8 (size before relaxing)
 .debug_str     0x00000193      0x584 nrf24l01p.o
                                0x6aa (size before relaxing)
 .debug_str     0x00000717      0x179 peripherals.o
                                0x2bc (size before relaxing)
 .debug_str     0x00000890       0x1d rgb.o
                                 0xc9 (size before relaxing)
 .debug_str     0x000008ad      0x300 sensors.o
                                0x45c (size before relaxing)

.debug_loc      0x00000000      0xa2e
 *(.debug_loc)
 .debug_loc     0x00000000       0x18 tasks.o
 .debug_loc     0x00000018      0x522 nrf24l01p.o
 .debug_loc     0x0000053a      0x17f peripherals.o
 .debug_loc     0x000006b9      0x375 sensors.o

.debug_macinfo
 *(.debug_macinfo)
OUTPUT(main.elf elf32-avr)
LOAD linker stubs

.debug_ranges   0x00000000      0x1e0
 .debug_ranges  0x00000000       0x78 tasks.o
 .debug_ranges  0x00000078       0x48 nrf24l01p.o
 .debug_ranges  0x000000c0       0x90 peripherals.o
 .debug_ranges  0x00000150       0x90 sensors.o

Cross Reference Table

Symbol                                            File
Debug_Init                                        debug.o
Debug_Tx_Byte                                     debug.o
Debug_Tx_Byte_Conf                                debug.o
Debug_Tx_DWord_Conf                               debug.o
Debug_Tx_From_RAM                                 debug.o
Debug_Tx_RAM_Area                                 debug.o
Debug_Tx_Word                                     debug.o
Debug_Tx_Word_Conf                                debug.o
HDC1080                                           sensors.o
KerBase                                           kernel.o
KerPSP                                            kernel.o
KerSSZ                                            kernel.o
KerSchPr                                          kernel.o
KerSchSlp                                         kernel.o
KerSchSts                                         kernel.o
KerStack                                          kernel.o
Kernel_Abs_High_Prio_Task_ID_Get                  kernel.o
Kernel_CPU_Usage_Get                              kernel.o
Kernel_Clock_Prescale                             kernel.o
                                                  main.o
Kernel_High_Prio_Task_ID_Get                      kernel.o
Kernel_Init                                       kernel.o
                                                  main.o
Kernel_Lowest_Prio_Get                            kernel.o
Kernel_NTask_Get                                  kernel.o
Kernel_PreSleep_Hook                              kernel.o
Kernel_Start_Tasks                                kernel.o
                                                  main.o
Kernel_Task_Constant_Latency                      kernel.o
Kernel_Task_Constant_Latency_Sleep                kernel.o
Kernel_Task_Create                                kernel.o
                                                  main.o
Kernel_Task_Idle                                  kernel.o
Kernel_Task_Prio_Get                              kernel.o
Kernel_Task_Sleep                                 kernel.o
                                                  tasks.o
Kernel_Task_Sleep_Time_Get                        kernel.o
Kernel_Task_Status_Get                            kernel.o
Kernel_Tick_Init                                  kernel.o
Kernel_Tick_Val_Get                               kernel.o
                                                  tasks.o
Kernel_Tick_Val_Safely_Get                        kernel.o
NTC                                               sensors.o
OTAU                                              tasks.o
Peripherals                                       peripherals.o
Peripherals_ADC_Init                              peripherals.o
Peripherals_ADC_Sample                            peripherals.o
Peripherals_Analog_Temp_Get                       peripherals.o
                                                  tasks.o
Peripherals_Digital_RH_Get                        peripherals.o
                                                  tasks.o
Peripherals_Digital_Temp_Get                      peripherals.o
                                                  tasks.o
Peripherals_V3V3_Get                              peripherals.o
                                                  tasks.o
Peripherals_V3V3_RawADC_Get                       peripherals.o
Peripherals_V3V3_Sense_Sample                     peripherals.o
                                                  tasks.o
Peripherals_Vin_Get                               peripherals.o
                                                  tasks.o
Peripherals_Vin_RawADC_Get                        peripherals.o
Peripherals_Vin_Sense_Sample                      peripherals.o
                                                  tasks.o
RGB_Init                                          rgb.o
                                                  tasks.o
RGB_Set_State                                     rgb.o
                                                  tasks.o
Sensors_HDC1080_Address_Get                       sensors.o
Sensors_HDC1080_Calculate                         sensors.o
                                                  tasks.o
Sensors_HDC1080_Config                            sensors.o
Sensors_HDC1080_Error_Get                         sensors.o
Sensors_HDC1080_I2C_Check_Ack                     sensors.o
Sensors_HDC1080_I2C_Forced_Stop                   sensors.o
Sensors_HDC1080_I2C_Receive                       sensors.o
Sensors_HDC1080_I2C_Send                          sensors.o
Sensors_HDC1080_I2C_Send_Ack                      sensors.o
Sensors_HDC1080_I2C_Start                         sensors.o
Sensors_HDC1080_I2C_Stop                          sensors.o
Sensors_HDC1080_RH_Get                            sensors.o
                                                  peripherals.o
Sensors_HDC1080_Slave_Addr_Send                   sensors.o
Sensors_HDC1080_Status_Get                        sensors.o
Sensors_HDC1080_Sticky_Error_Get                  sensors.o
Sensors_HDC1080_Struct_Init                       sensors.o
Sensors_HDC1080_Temp_Get                          sensors.o
                                                  peripherals.o
Sensors_I2C_Bus_Idle                              sensors.o
Sensors_I2C_SCL_State_Set                         sensors.o
Sensors_I2C_SDA_State_Get                         sensors.o
Sensors_I2C_SDA_State_Set                         sensors.o
Sensors_Init                                      sensors.o
                                                  tasks.o
Sensors_NTC_Temp_Get                              sensors.o
Sensors_Power_Disable                             sensors.o
                                                  tasks.o
Sensors_Power_Enable                              sensors.o
                                                  tasks.o
Sensors_Sample_Temp_RH                            sensors.o
                                                  tasks.o
TaskData                                          tasks.o
Task_Disable_Peripherals                          tasks.o
Task_OTAU                                         tasks.o
Task_RGB_LED                                      tasks.o
                                                  main.o
Task_Radio                                        tasks.o
                                                  main.o
Task_Sensor                                       tasks.o
                                                  main.o
Task_Vin_Sense                                    tasks.o
                                                  main.o
__bad_interrupt                                   c:/winavr-20100110/bin/../lib/gcc/avr/4.3.3/../../../../avr/lib/avr5/crtm328p.o
__bss_end                                         c:/winavr-20100110/bin/../lib/gcc/avr/4.3.3/avr5\libgcc.a(_clear_bss.o)
__bss_start                                       c:/winavr-20100110/bin/../lib/gcc/avr/4.3.3/avr5\libgcc.a(_clear_bss.o)
__data_end                                        c:/winavr-20100110/bin/../lib/gcc/avr/4.3.3/avr5\libgcc.a(_copy_data.o)
__data_load_start                                 c:/winavr-20100110/bin/../lib/gcc/avr/4.3.3/avr5\libgcc.a(_copy_data.o)
__data_start                                      c:/winavr-20100110/bin/../lib/gcc/avr/4.3.3/avr5\libgcc.a(_copy_data.o)
__do_clear_bss                                    c:/winavr-20100110/bin/../lib/gcc/avr/4.3.3/avr5\libgcc.a(_clear_bss.o)
                                                  sensors.o
                                                  peripherals.o
                                                  nrf24l01p.o
                                                  tasks.o
__do_copy_data                                    c:/winavr-20100110/bin/../lib/gcc/avr/4.3.3/avr5\libgcc.a(_copy_data.o)
                                                  nrf24l01p.o
__heap_end                                        c:/winavr-20100110/bin/../lib/gcc/avr/4.3.3/../../../../avr/lib/avr5/crtm328p.o
__init                                            c:/winavr-20100110/bin/../lib/gcc/avr/4.3.3/../../../../avr/lib/avr5/crtm328p.o
__mulsi3                                          c:/winavr-20100110/bin/../lib/gcc/avr/4.3.3/avr5\libgcc.a(_mulsi3.o)
                                                  sensors.o
                                                  peripherals.o
__stack                                           c:/winavr-20100110/bin/../lib/gcc/avr/4.3.3/../../../../avr/lib/avr5/crtm328p.o
__udivmodsi4                                      c:/winavr-20100110/bin/../lib/gcc/avr/4.3.3/avr5\libgcc.a(_udivmodsi4.o)
                                                  peripherals.o
__vector_1                                        c:/winavr-20100110/bin/../lib/gcc/avr/4.3.3/../../../../avr/lib/avr5/crtm328p.o
__vector_10                                       c:/winavr-20100110/bin/../lib/gcc/avr/4.3.3/../../../../avr/lib/avr5/crtm328p.o
__vector_11                                       c:/winavr-20100110/bin/../lib/gcc/avr/4.3.3/../../../../avr/lib/avr5/crtm328p.o
__vector_12                                       c:/winavr-20100110/bin/../lib/gcc/avr/4.3.3/../../../../avr/lib/avr5/crtm328p.o
__vector_13                                       c:/winavr-20100110/bin/../lib/gcc/avr/4.3.3/../../../../avr/lib/avr5/crtm328p.o
__vector_14                                       c:/winavr-20100110/bin/../lib/gcc/avr/4.3.3/../../../../avr/lib/avr5/crtm328p.o
__vector_15                                       c:/winavr-20100110/bin/../lib/gcc/avr/4.3.3/../../../../avr/lib/avr5/crtm328p.o
__vector_16                                       c:/winavr-20100110/bin/../lib/gcc/avr/4.3.3/../../../../avr/lib/avr5/crtm328p.o
__vector_17                                       c:/winavr-20100110/bin/../lib/gcc/avr/4.3.3/../../../../avr/lib/avr5/crtm328p.o
__vector_18                                       c:/winavr-20100110/bin/../lib/gcc/avr/4.3.3/../../../../avr/lib/avr5/crtm328p.o
__vector_19                                       c:/winavr-20100110/bin/../lib/gcc/avr/4.3.3/../../../../avr/lib/avr5/crtm328p.o
__vector_2                                        c:/winavr-20100110/bin/../lib/gcc/avr/4.3.3/../../../../avr/lib/avr5/crtm328p.o
__vector_20                                       c:/winavr-20100110/bin/../lib/gcc/avr/4.3.3/../../../../avr/lib/avr5/crtm328p.o
__vector_21                                       c:/winavr-20100110/bin/../lib/gcc/avr/4.3.3/../../../../avr/lib/avr5/crtm328p.o
__vector_22                                       c:/winavr-20100110/bin/../lib/gcc/avr/4.3.3/../../../../avr/lib/avr5/crtm328p.o
__vector_23                                       c:/winavr-20100110/bin/../lib/gcc/avr/4.3.3/../../../../avr/lib/avr5/crtm328p.o
__vector_24                                       c:/winavr-20100110/bin/../lib/gcc/avr/4.3.3/../../../../avr/lib/avr5/crtm328p.o
__vector_25                                       c:/winavr-20100110/bin/../lib/gcc/avr/4.3.3/../../../../avr/lib/avr5/crtm328p.o
__vector_3                                        c:/winavr-20100110/bin/../lib/gcc/avr/4.3.3/../../../../avr/lib/avr5/crtm328p.o
__vector_4                                        c:/winavr-20100110/bin/../lib/gcc/avr/4.3.3/../../../../avr/lib/avr5/crtm328p.o
__vector_5                                        c:/winavr-20100110/bin/../lib/gcc/avr/4.3.3/../../../../avr/lib/avr5/crtm328p.o
__vector_6                                        c:/winavr-20100110/bin/../lib/gcc/avr/4.3.3/../../../../avr/lib/avr5/crtm328p.o
__vector_7                                        kernel.o
                                                  c:/winavr-20100110/bin/../lib/gcc/avr/4.3.3/../../../../avr/lib/avr5/crtm328p.o
__vector_8                                        c:/winavr-20100110/bin/../lib/gcc/avr/4.3.3/../../../../avr/lib/avr5/crtm328p.o
__vector_9                                        c:/winavr-20100110/bin/../lib/gcc/avr/4.3.3/../../../../avr/lib/avr5/crtm328p.o
__vector_default                                  c:/winavr-20100110/bin/../lib/gcc/avr/4.3.3/../../../../avr/lib/avr5/crtm328p.o
__vectors                                         c:/winavr-20100110/bin/../lib/gcc/avr/4.3.3/../../../../avr/lib/avr5/crtm328p.o
_exit                                             c:/winavr-20100110/bin/../lib/gcc/avr/4.3.3/avr5\libgcc.a(_exit.o)
exit                                              c:/winavr-20100110/bin/../lib/gcc/avr/4.3.3/avr5\libgcc.a(_exit.o)
                                                  c:/winavr-20100110/bin/../lib/gcc/avr/4.3.3/../../../../avr/lib/avr5/crtm328p.o
main                                              main.o
                                                  c:/winavr-20100110/bin/../lib/gcc/avr/4.3.3/../../../../avr/lib/avr5/crtm328p.o
nRF24L01P                                         nrf24l01p.o
nRF24L01P_CE_High                                 nrf24l01p.o
nRF24L01P_CE_Low                                  nrf24l01p.o
nRF24L01P_CSN_High                                nrf24l01p.o
nRF24L01P_CSN_Low                                 nrf24l01p.o
nRF24L01P_Calcuate_CRC                            nrf24l01p.o
nRF24L01P_Calcuate_CRC_Block                      nrf24l01p.o
                                                  tasks.o
nRF24L01P_Deep_Sleep                              nrf24l01p.o
                                                  tasks.o
nRF24L01P_Disable                                 nrf24l01p.o
nRF24L01P_Disable_GPIO                            nrf24l01p.o
nRF24L01P_Disable_SPI                             nrf24l01p.o
nRF24L01P_Enable                                  nrf24l01p.o
nRF24L01P_Enable_GPIO                             nrf24l01p.o
nRF24L01P_Enable_SPI                              nrf24l01p.o
nRF24L01P_Error_Clear                             nrf24l01p.o
nRF24L01P_Error_Handler                           nrf24l01p.o
                                                  tasks.o
nRF24L01P_Error_Timeout                           nrf24l01p.o
nRF24L01P_Flush_Receive_Buffer                    nrf24l01p.o
nRF24L01P_Flush_Transmit_Buffer                   nrf24l01p.o
nRF24L01P_Get_Channel                             nrf24l01p.o
nRF24L01P_Get_Error                               nrf24l01p.o
nRF24L01P_Get_Mode                                nrf24l01p.o
nRF24L01P_Get_Speed                               nrf24l01p.o
nRF24L01P_Get_Tx_Power                            nrf24l01p.o
nRF24L01P_Init                                    nrf24l01p.o
                                                  tasks.o
nRF24L01P_No_Error                                nrf24l01p.o
nRF24L01P_ReadModifyWrite                         nrf24l01p.o
nRF24L01P_ReadWrite_Register                      nrf24l01p.o
nRF24L01P_Read_Data_From_Receive_Buffer           nrf24l01p.o
nRF24L01P_Receive_Buffer_Not_Empty                nrf24l01p.o
nRF24L01P_Recieve_Basic                           nrf24l01p.o
nRF24L01P_SPI_Transfer                            nrf24l01p.o
nRF24L01P_Set_Channel                             nrf24l01p.o
nRF24L01P_Set_Destination_Address                 nrf24l01p.o
nRF24L01P_Set_MaxRetransmission                   nrf24l01p.o
nRF24L01P_Set_Mode_Rx                             nrf24l01p.o
nRF24L01P_Set_Mode_Sleep                          nrf24l01p.o
nRF24L01P_Set_Mode_Tx                             nrf24l01p.o
nRF24L01P_Set_Own_Address                         nrf24l01p.o
nRF24L01P_Set_Receive_Timeout                     nrf24l01p.o
nRF24L01P_Set_Speed                               nrf24l01p.o
nRF24L01P_Set_Tx_Power                            nrf24l01p.o
nRF24L01P_Struct_Init                             nrf24l01p.o
nRF24L01P_Transmit_Basic                          nrf24l01p.o
                                                  tasks.o
nRF24L01P_Transmit_Buffer_Empty                   nrf24l01p.o
nRF24L01P_Wait_Till_Transmission_Completes        nrf24l01p.o
nRF24L01P_WakeUp                                  nrf24l01p.o
                                                  tasks.o
nRF24L01P_Write_Data_To_Transmit_Buffer           nrf24l01p.o
nRF24L01P_type                                    nrf24l01p.o
