Archive member included because of file (symbol)

c:/winavr-20100110/bin/../lib/gcc/avr/4.3.3/avr5\libgcc.a(_mulsi3.o)
                              sensors.o (__mulsi3)
c:/winavr-20100110/bin/../lib/gcc/avr/4.3.3/avr5\libgcc.a(_udivmodsi4.o)
                              peripherals.o (__udivmodsi4)
c:/winavr-20100110/bin/../lib/gcc/avr/4.3.3/avr5\libgcc.a(_exit.o)
                              c:/winavr-20100110/bin/../lib/gcc/avr/4.3.3/../../../../avr/lib/avr5/crtm328p.o (exit)
c:/winavr-20100110/bin/../lib/gcc/avr/4.3.3/avr5\libgcc.a(_copy_data.o)
                              nrf24l01p.o (__do_copy_data)
c:/winavr-20100110/bin/../lib/gcc/avr/4.3.3/avr5\libgcc.a(_clear_bss.o)
                              nrf24l01p.o (__do_clear_bss)

Allocating common symbols
Common symbol       size              file

nRF24L01P_type      0x13              nrf24l01p.o
HDC1080             0xe               sensors.o
nRF24L01P           0x2               nrf24l01p.o

Memory Configuration

Name             Origin             Length             Attributes
text             0x00000000         0x00020000         xr
data             0x00800060         0x0000ffa0         rw !x
eeprom           0x00810000         0x00010000         rw !x
fuse             0x00820000         0x00000400         rw !x
lock             0x00830000         0x00000400         rw !x
signature        0x00840000         0x00000400         rw !x
*default*        0x00000000         0xffffffff

Linker script and memory map

Address of section .data set to 0x800100
LOAD c:/winavr-20100110/bin/../lib/gcc/avr/4.3.3/../../../../avr/lib/avr5/crtm328p.o
LOAD main.o
LOAD tasks.o
LOAD nrf24l01p.o
LOAD peripherals.o
LOAD rgb.o
LOAD sensors.o
LOAD kernel.o
LOAD debug.o
LOAD c:/winavr-20100110/bin/../lib/gcc/avr/4.3.3/../../../../avr/lib/avr5\libm.a
LOAD c:/winavr-20100110/bin/../lib/gcc/avr/4.3.3/avr5\libgcc.a
LOAD c:/winavr-20100110/bin/../lib/gcc/avr/4.3.3/../../../../avr/lib/avr5\libc.a
LOAD c:/winavr-20100110/bin/../lib/gcc/avr/4.3.3/avr5\libgcc.a

.hash
 *(.hash)

.dynsym
 *(.dynsym)

.dynstr
 *(.dynstr)

.gnu.version
 *(.gnu.version)

.gnu.version_d
 *(.gnu.version_d)

.gnu.version_r
 *(.gnu.version_r)

.rel.init
 *(.rel.init)

.rela.init
 *(.rela.init)

.rel.text
 *(.rel.text)
 *(.rel.text.*)
 *(.rel.gnu.linkonce.t*)

.rela.text
 *(.rela.text)
 *(.rela.text.*)
 *(.rela.gnu.linkonce.t*)

.rel.fini
 *(.rel.fini)

.rela.fini
 *(.rela.fini)

.rel.rodata
 *(.rel.rodata)
 *(.rel.rodata.*)
 *(.rel.gnu.linkonce.r*)

.rela.rodata
 *(.rela.rodata)
 *(.rela.rodata.*)
 *(.rela.gnu.linkonce.r*)

.rel.data
 *(.rel.data)
 *(.rel.data.*)
 *(.rel.gnu.linkonce.d*)

.rela.data
 *(.rela.data)
 *(.rela.data.*)
 *(.rela.gnu.linkonce.d*)

.rel.ctors
 *(.rel.ctors)

.rela.ctors
 *(.rela.ctors)

.rel.dtors
 *(.rel.dtors)

.rela.dtors
 *(.rela.dtors)

.rel.got
 *(.rel.got)

.rela.got
 *(.rela.got)

.rel.bss
 *(.rel.bss)

.rela.bss
 *(.rela.bss)

.rel.plt
 *(.rel.plt)

.rela.plt
 *(.rela.plt)

.text           0x00000000     0x1e48
 *(.vectors)
 .vectors       0x00000000       0x68 c:/winavr-20100110/bin/../lib/gcc/avr/4.3.3/../../../../avr/lib/avr5/crtm328p.o
                0x00000000                __vectors
                0x00000000                __vector_default
 *(.vectors)
 *(.progmem.gcc*)
 *(.progmem*)
                0x00000068                . = ALIGN (0x2)
                0x00000068                __trampolines_start = .
 *(.trampolines)
 .trampolines   0x00000068        0x0 linker stubs
 *(.trampolines*)
                0x00000068                __trampolines_end = .
 *(.jumptables)
 *(.jumptables*)
 *(.lowtext)
 *(.lowtext*)
                0x00000068                __ctors_start = .
 *(.ctors)
                0x00000068                __ctors_end = .
                0x00000068                __dtors_start = .
 *(.dtors)
                0x00000068                __dtors_end = .
 SORT(*)(.ctors)
 SORT(*)(.dtors)
 *(.init0)
 .init0         0x00000068        0x0 c:/winavr-20100110/bin/../lib/gcc/avr/4.3.3/../../../../avr/lib/avr5/crtm328p.o
                0x00000068                __init
 *(.init0)
 *(.init1)
 *(.init1)
 *(.init2)
 .init2         0x00000068        0xc c:/winavr-20100110/bin/../lib/gcc/avr/4.3.3/../../../../avr/lib/avr5/crtm328p.o
 *(.init2)
 *(.init3)
 *(.init3)
 *(.init4)
 .init4         0x00000074       0x16 c:/winavr-20100110/bin/../lib/gcc/avr/4.3.3/avr5\libgcc.a(_copy_data.o)
                0x00000074                __do_copy_data
 .init4         0x0000008a       0x10 c:/winavr-20100110/bin/../lib/gcc/avr/4.3.3/avr5\libgcc.a(_clear_bss.o)
                0x0000008a                __do_clear_bss
 *(.init4)
 *(.init5)
 *(.init5)
 *(.init6)
 *(.init6)
 *(.init7)
 *(.init7)
 *(.init8)
 *(.init8)
 *(.init9)
 .init9         0x0000009a        0x8 c:/winavr-20100110/bin/../lib/gcc/avr/4.3.3/../../../../avr/lib/avr5/crtm328p.o
 *(.init9)
 *(.text)
 .text          0x000000a2        0x4 c:/winavr-20100110/bin/../lib/gcc/avr/4.3.3/../../../../avr/lib/avr5/crtm328p.o
                0x000000a2                __vector_22
                0x000000a2                __vector_1
                0x000000a2                __vector_24
                0x000000a2                __vector_12
                0x000000a2                __bad_interrupt
                0x000000a2                __vector_6
                0x000000a2                __vector_3
                0x000000a2                __vector_23
                0x000000a2                __vector_25
                0x000000a2                __vector_11
                0x000000a2                __vector_13
                0x000000a2                __vector_17
                0x000000a2                __vector_19
                0x000000a2                __vector_5
                0x000000a2                __vector_4
                0x000000a2                __vector_2
                0x000000a2                __vector_21
                0x000000a2                __vector_15
                0x000000a2                __vector_8
                0x000000a2                __vector_14
                0x000000a2                __vector_10
                0x000000a2                __vector_16
                0x000000a2                __vector_18
                0x000000a2                __vector_20
 .text          0x000000a6       0x48 main.o
                0x000000a6                main
 .text          0x000000ee       0xfe tasks.o
                0x000000ee                Task_Disable_Peripherals
                0x000001a2                Task_Vin_Sense
                0x000001b8                Task_RGB_LED
                0x000000f0                Task_Sensor
                0x00000106                Task_Radio
 .text          0x000001ec      0x9ae nrf24l01p.o
                0x00000878                nRF24L01P_Init
                0x00000820                nRF24L01P_Set_Destination_Address
                0x00000586                nRF24L01P_Set_Mode_Tx
                0x00000b24                nRF24L01P_Transmit_With_ACK
                0x00000302                nRF24L01P_SPI_Transfer
                0x00000340                nRF24L01P_Calcuate_CRC
                0x000004b0                nRF24L01P_Flush_Receive_Buffer
                0x0000027e                nRF24L01P_Enable_SPI
                0x000005ba                nRF24L01P_Set_Mode_Rx
                0x0000055e                nRF24L01P_Set_Mode_Sleep
                0x0000083a                nRF24L01P_Set_MaxRetransmission
                0x0000024e                nRF24L01P_CSN_High
                0x000006bc                nRF24L01P_Get_Speed
                0x00000712                nRF24L01P_Set_Speed
                0x0000036c                nRF24L01P_Calcuate_CRC_Block
                0x00000774                nRF24L01P_Get_Tx_Power
                0x000004ea                nRF24L01P_Receive_Buffer_Not_Empty
                0x0000044c                nRF24L01P_Transmit_Buffer_Empty
                0x0000028e                nRF24L01P_Enable
                0x00000252                nRF24L01P_CSN_Low
                0x000007a6                nRF24L01P_Set_Tx_Power
                0x000002b6                nRF24L01P_Get_Error
                0x000002d8                nRF24L01P_Error_Timeout
                0x00000814                nRF24L01P_Set_Own_Address
                0x0000082c                nRF24L01P_Set_Receive_Timeout
                0x000005ea                nRF24L01P_ReadModifyWrite
                0x00000270                nRF24L01P_Disable_GPIO
                0x0000029c                nRF24L01P_Disable
                0x00000a2c                nRF24L01P_Transmit_Basic
                0x00000692                nRF24L01P_Set_Channel
                0x00000666                nRF24L01P_Get_Channel
                0x000002a6                nRF24L01P_Error_Clear
                0x0000051c                nRF24L01P_Get_Mode
                0x0000025e                nRF24L01P_Enable_GPIO
                0x00000488                nRF24L01P_Wait_Till_Transmission_Completes
                0x00000a8a                nRF24L01P_Recieve_Basic
                0x00000430                nRF24L01P_Write_Data_To_Transmit_Buffer
                0x000002c2                nRF24L01P_No_Error
                0x00000412                nRF24L01P_Flush_Transmit_Buffer
                0x00000860                nRF24L01P_WakeUp
                0x00000b56                nRF24L01P_Recieve_With_ACK
                0x00000288                nRF24L01P_Disable_SPI
                0x000001ec                nRF24L01P_Struct_Init
                0x00000848                nRF24L01P_Deep_Sleep
                0x00000256                nRF24L01P_CE_High
                0x0000025a                nRF24L01P_CE_Low
                0x000004ce                nRF24L01P_Read_Data_From_Receive_Buffer
                0x0000039c                nRF24L01P_ReadWrite_Register
 .text          0x00000b9a       0xe8 peripherals.o
                0x00000c70                Peripherals_Analog_Temp_Get
                0x00000c66                Peripherals_Vin_RawADC_Get
                0x00000c7c                Peripherals_Digital_Temp_Get
                0x00000b9a                Peripherals_ADC_Init
                0x00000c76                Peripherals_Digital_RH_Get
                0x00000c3c                Peripherals_Vin_Sense_Sample
                0x00000bc2                Peripherals_ADC_Sample
 .text          0x00000c82       0x2e rgb.o
                0x00000c82                RGB_Init
                0x00000c90                RGB_Set_State
 .text          0x00000cb0      0x53e sensors.o
                0x000011e4                Sensors_HDC1080_RH_Get
                0x00000d20                Sensors_I2C_SDA_State_Get
                0x00000d3e                Sensors_I2C_Bus_Idle
                0x000011da                Sensors_HDC1080_Temp_Get
                0x00000dda                Sensors_HDC1080_I2C_Forced_Stop_Clear_Error
                0x00000f5a                Sensors_HDC1080_Config
                0x000010ee                Sensors_Sample_RH
                0x000011ce                Sensors_HDC1080_Error_Get
                0x00000e7e                Sensors_HDC1080_I2C_Receive
                0x00000d96                Sensors_HDC1080_I2C_Stop
                0x00000cf0                Sensors_I2C_SCL_State_Set
                0x000011c8                Sensors_HDC1080_Status_Get
                0x00000f24                Sensors_HDC1080_I2C_Send_Ack
                0x00000fb8                Sensors_Sample_Temp_RH
                0x00000e2a                Sensors_HDC1080_I2C_Send
                0x000011c2                Sensors_HDC1080_Address_Get
                0x00000cb0                Sensors_HDC1080_Struct_Init
                0x00000d08                Sensors_I2C_SDA_State_Set
                0x00000d58                Sensors_HDC1080_I2C_Start
                0x00000ed8                Sensors_HDC1080_I2C_Check_Ack
                0x00000cde                Sensors_Init
                0x000011d4                Sensors_HDC1080_Sticky_Error_Get
 .text          0x000011ee      0xb18 kernel.o
                0x00001ae8                Kernel_Task_Constant_Latency
                0x00001cfa                Kernel_Abs_High_Prio_Task_ID_Get
                0x000015b2                Kernel_SysTick_Reg_Init
                0x00001952                Kernel_Task_Sleep
                0x00001cb2                Kernel_Task_Sleep_Time_Get
                0x00001cdc                Kernel_Task_Prio_Get
                0x00001c96                Kernel_PreSleep_Hook
                0x00001cec                Kernel_Lowest_Prio_Get
                0x00001d00                Kernel_CPU_Usage_Get
                0x00001cd6                Kernel_NTask_Get
                0x00001924                Kernel_Task_Idle
                0x00001c9c                Kernel_Clock_Prescale
                0x00001732                Kernel_Start_Tasks
                0x00001cc6                Kernel_Task_Status_Get
                0x000011ee                __vector_7
                0x000018c6                Kernel_Init
                0x000013d0                __vector_9
                0x00001642                Kernel_Task_Create
                0x00001b14                Kernel_Task_Constant_Latency_Sleep
                0x00001cf2                Kernel_High_Prio_Task_ID_Get
 .text          0x00001d06       0xbc debug.o
                0x00001d26                Debug_Tx_Byte
                0x00001d64                Debug_Tx_Word_Conf
                0x00001db4                Debug_Tx_RAM_Area
                0x00001d06                Debug_Init
                0x00001d74                Debug_Tx_DWord_Conf
                0x00001d9c                Debug_Tx_From_RAM
                0x00001d38                Debug_Tx_Word
                0x00001d48                Debug_Tx_Byte_Conf
 .text          0x00001dc2        0x0 c:/winavr-20100110/bin/../lib/gcc/avr/4.3.3/avr5\libgcc.a(_mulsi3.o)
 .text          0x00001dc2        0x0 c:/winavr-20100110/bin/../lib/gcc/avr/4.3.3/avr5\libgcc.a(_udivmodsi4.o)
 .text          0x00001dc2        0x0 c:/winavr-20100110/bin/../lib/gcc/avr/4.3.3/avr5\libgcc.a(_exit.o)
 .text          0x00001dc2        0x0 c:/winavr-20100110/bin/../lib/gcc/avr/4.3.3/avr5\libgcc.a(_copy_data.o)
 .text          0x00001dc2        0x0 c:/winavr-20100110/bin/../lib/gcc/avr/4.3.3/avr5\libgcc.a(_clear_bss.o)
                0x00001dc2                . = ALIGN (0x2)
 *(.text.*)
 .text.libgcc   0x00001dc2       0x3e c:/winavr-20100110/bin/../lib/gcc/avr/4.3.3/avr5\libgcc.a(_mulsi3.o)
                0x00001dc2                __mulsi3
 .text.libgcc   0x00001e00       0x44 c:/winavr-20100110/bin/../lib/gcc/avr/4.3.3/avr5\libgcc.a(_udivmodsi4.o)
                0x00001e00                __udivmodsi4
 .text.libgcc   0x00001e44        0x0 c:/winavr-20100110/bin/../lib/gcc/avr/4.3.3/avr5\libgcc.a(_exit.o)
 .text.libgcc   0x00001e44        0x0 c:/winavr-20100110/bin/../lib/gcc/avr/4.3.3/avr5\libgcc.a(_copy_data.o)
 .text.libgcc   0x00001e44        0x0 c:/winavr-20100110/bin/../lib/gcc/avr/4.3.3/avr5\libgcc.a(_clear_bss.o)
                0x00001e44                . = ALIGN (0x2)
 *(.fini9)
 .fini9         0x00001e44        0x0 c:/winavr-20100110/bin/../lib/gcc/avr/4.3.3/avr5\libgcc.a(_exit.o)
                0x00001e44                exit
                0x00001e44                _exit
 *(.fini9)
 *(.fini8)
 *(.fini8)
 *(.fini7)
 *(.fini7)
 *(.fini6)
 *(.fini6)
 *(.fini5)
 *(.fini5)
 *(.fini4)
 *(.fini4)
 *(.fini3)
 *(.fini3)
 *(.fini2)
 *(.fini2)
 *(.fini1)
 *(.fini1)
 *(.fini0)
 .fini0         0x00001e44        0x4 c:/winavr-20100110/bin/../lib/gcc/avr/4.3.3/avr5\libgcc.a(_exit.o)
 *(.fini0)
                0x00001e48                _etext = .

.data           0x00800100       0x24 load address 0x00001e48
                0x00800100                PROVIDE (__data_start, .)
 *(.data)
 .data          0x00800100        0x0 c:/winavr-20100110/bin/../lib/gcc/avr/4.3.3/../../../../avr/lib/avr5/crtm328p.o
 .data          0x00800100        0x0 main.o
 .data          0x00800100        0x0 tasks.o
 .data          0x00800100       0x24 nrf24l01p.o
 .data          0x00800124        0x0 peripherals.o
 .data          0x00800124        0x0 rgb.o
 .data          0x00800124        0x0 sensors.o
 .data          0x00800124        0x0 kernel.o
 .data          0x00800124        0x0 debug.o
 .data          0x00800124        0x0 c:/winavr-20100110/bin/../lib/gcc/avr/4.3.3/avr5\libgcc.a(_mulsi3.o)
 .data          0x00800124        0x0 c:/winavr-20100110/bin/../lib/gcc/avr/4.3.3/avr5\libgcc.a(_udivmodsi4.o)
 .data          0x00800124        0x0 c:/winavr-20100110/bin/../lib/gcc/avr/4.3.3/avr5\libgcc.a(_exit.o)
 .data          0x00800124        0x0 c:/winavr-20100110/bin/../lib/gcc/avr/4.3.3/avr5\libgcc.a(_copy_data.o)
 .data          0x00800124        0x0 c:/winavr-20100110/bin/../lib/gcc/avr/4.3.3/avr5\libgcc.a(_clear_bss.o)
 *(.data*)
 *(.rodata)
 *(.rodata*)
 *(.gnu.linkonce.d*)
                0x00800124                . = ALIGN (0x2)
                0x00800124                _edata = .
                0x00800124                PROVIDE (__data_end, .)

.bss            0x00800124      0x586
                0x00800124                PROVIDE (__bss_start, .)
 *(.bss)
 .bss           0x00800124        0x0 c:/winavr-20100110/bin/../lib/gcc/avr/4.3.3/../../../../avr/lib/avr5/crtm328p.o
 .bss           0x00800124        0x0 main.o
 .bss           0x00800124        0x0 tasks.o
 .bss           0x00800124        0x0 nrf24l01p.o
 .bss           0x00800124        0x9 peripherals.o
                0x00800124                Peripherals
 .bss           0x0080012d        0x0 rgb.o
 .bss           0x0080012d        0x0 sensors.o
 .bss           0x0080012d      0x55a kernel.o
                0x00800187                KerStack
                0x0080015f                KerSchSts
                0x00800151                KerSSZ
                0x0080013d                KerPSP
                0x0080012d                KerBase
                0x00800173                KerSchSlp
                0x00800169                KerSchPr
 .bss           0x00800687        0x0 debug.o
 .bss           0x00800687        0x0 c:/winavr-20100110/bin/../lib/gcc/avr/4.3.3/avr5\libgcc.a(_mulsi3.o)
 .bss           0x00800687        0x0 c:/winavr-20100110/bin/../lib/gcc/avr/4.3.3/avr5\libgcc.a(_udivmodsi4.o)
 .bss           0x00800687        0x0 c:/winavr-20100110/bin/../lib/gcc/avr/4.3.3/avr5\libgcc.a(_exit.o)
 .bss           0x00800687        0x0 c:/winavr-20100110/bin/../lib/gcc/avr/4.3.3/avr5\libgcc.a(_copy_data.o)
 .bss           0x00800687        0x0 c:/winavr-20100110/bin/../lib/gcc/avr/4.3.3/avr5\libgcc.a(_clear_bss.o)
 *(.bss*)
 *(COMMON)
 COMMON         0x00800687       0x15 nrf24l01p.o
                0x00800687                nRF24L01P_type
                0x0080069a                nRF24L01P
 COMMON         0x0080069c        0xe sensors.o
                0x0080069c                HDC1080
                0x008006aa                PROVIDE (__bss_end, .)
                0x00001e48                __data_load_start = LOADADDR (.data)
                0x00001e6c                __data_load_end = (__data_load_start + SIZEOF (.data))

.noinit         0x008006aa        0x0
                0x008006aa                PROVIDE (__noinit_start, .)
 *(.noinit*)
                0x008006aa                PROVIDE (__noinit_end, .)
                0x008006aa                _end = .
                0x008006aa                PROVIDE (__heap_start, .)

.eeprom         0x00810000        0x0
 *(.eeprom*)
                0x00810000                __eeprom_end = .

.fuse
 *(.fuse)
 *(.lfuse)
 *(.hfuse)
 *(.efuse)

.lock
 *(.lock*)

.signature
 *(.signature*)

.stab           0x00000000      0xdc8
 *(.stab)
 .stab          0x00000000      0xa74 kernel.o
 .stab          0x00000a74      0x354 debug.o
                                0x360 (size before relaxing)

.stabstr        0x00000000       0x6d
 *(.stabstr)
 .stabstr       0x00000000       0x6d kernel.o

.stab.excl
 *(.stab.excl)

.stab.exclstr
 *(.stab.exclstr)

.stab.index
 *(.stab.index)

.stab.indexstr
 *(.stab.indexstr)

.comment
 *(.comment)

.debug
 *(.debug)

.line
 *(.line)

.debug_srcinfo
 *(.debug_srcinfo)

.debug_sfnames
 *(.debug_sfnames)

.debug_aranges  0x00000000       0xc0
 *(.debug_aranges)
 .debug_aranges
                0x00000000       0x20 main.o
 .debug_aranges
                0x00000020       0x20 tasks.o
 .debug_aranges
                0x00000040       0x20 nrf24l01p.o
 .debug_aranges
                0x00000060       0x20 peripherals.o
 .debug_aranges
                0x00000080       0x20 rgb.o
 .debug_aranges
                0x000000a0       0x20 sensors.o

.debug_pubnames
                0x00000000      0x9f8
 *(.debug_pubnames)
 .debug_pubnames
                0x00000000       0x1b main.o
 .debug_pubnames
                0x0000001b       0x72 tasks.o
 .debug_pubnames
                0x0000008d      0x591 nrf24l01p.o
 .debug_pubnames
                0x0000061e       0xf6 peripherals.o
 .debug_pubnames
                0x00000714       0x31 rgb.o
 .debug_pubnames
                0x00000745      0x2b3 sensors.o

.debug_info     0x00000000     0x202b
 *(.debug_info)
 .debug_info    0x00000000       0x76 main.o
 .debug_info    0x00000076      0x218 tasks.o
 .debug_info    0x0000028e      0xe79 nrf24l01p.o
 .debug_info    0x00001107      0x2f6 peripherals.o
 .debug_info    0x000013fd       0xb3 rgb.o
 .debug_info    0x000014b0      0xb7b sensors.o
 *(.gnu.linkonce.wi.*)

.debug_abbrev   0x00000000      0x879
 *(.debug_abbrev)
 .debug_abbrev  0x00000000       0x41 main.o
 .debug_abbrev  0x00000041      0x125 tasks.o
 .debug_abbrev  0x00000166      0x346 nrf24l01p.o
 .debug_abbrev  0x000004ac      0x154 peripherals.o
 .debug_abbrev  0x00000600       0x70 rgb.o
 .debug_abbrev  0x00000670      0x209 sensors.o

.debug_line     0x00000000     0x1b11
 *(.debug_line)
 .debug_line    0x00000000       0x98 main.o
 .debug_line    0x00000098      0x267 tasks.o
 .debug_line    0x000002ff      0xbfd nrf24l01p.o
 .debug_line    0x00000efc      0x1fe peripherals.o
 .debug_line    0x000010fa      0x110 rgb.o
 .debug_line    0x0000120a      0x907 sensors.o

.debug_frame    0x00000000      0x5b0
 *(.debug_frame)
 .debug_frame   0x00000000       0x20 main.o
 .debug_frame   0x00000020       0x60 tasks.o
 .debug_frame   0x00000080      0x310 nrf24l01p.o
 .debug_frame   0x00000390       0x80 peripherals.o
 .debug_frame   0x00000410       0x30 rgb.o
 .debug_frame   0x00000440      0x170 sensors.o

.debug_str      0x00000000      0xabe
 *(.debug_str)
 .debug_str     0x00000000       0x7c main.o
                                 0xb0 (size before relaxing)
 .debug_str     0x0000007c       0xc8 tasks.o
                                0x174 (size before relaxing)
 .debug_str     0x00000144      0x5a3 nrf24l01p.o
                                0x6c9 (size before relaxing)
 .debug_str     0x000006e7      0x10e peripherals.o
                                0x242 (size before relaxing)
 .debug_str     0x000007f5       0x1d rgb.o
                                 0xc9 (size before relaxing)
 .debug_str     0x00000812      0x2ac sensors.o
                                0x3ed (size before relaxing)

.debug_loc      0x00000000      0xaae
 *(.debug_loc)
 .debug_loc     0x00000000       0x43 tasks.o
 .debug_loc     0x00000043      0x5bb nrf24l01p.o
 .debug_loc     0x000005fe       0xce peripherals.o
 .debug_loc     0x000006cc      0x3e2 sensors.o

.debug_macinfo
 *(.debug_macinfo)
OUTPUT(main.elf elf32-avr)
LOAD linker stubs

.debug_ranges   0x00000000      0x120
 .debug_ranges  0x00000000       0x48 tasks.o
 .debug_ranges  0x00000048       0x48 nrf24l01p.o
 .debug_ranges  0x00000090       0x90 sensors.o

Cross Reference Table

Symbol                                            File
Debug_Init                                        debug.o
                                                  main.o
Debug_Tx_Byte                                     debug.o
                                                  tasks.o
Debug_Tx_Byte_Conf                                debug.o
Debug_Tx_DWord_Conf                               debug.o
Debug_Tx_From_RAM                                 debug.o
Debug_Tx_RAM_Area                                 debug.o
Debug_Tx_Word                                     debug.o
Debug_Tx_Word_Conf                                debug.o
HDC1080                                           sensors.o
KerBase                                           kernel.o
KerPSP                                            kernel.o
KerSSZ                                            kernel.o
KerSchPr                                          kernel.o
KerSchSlp                                         kernel.o
KerSchSts                                         kernel.o
KerStack                                          kernel.o
Kernel_Abs_High_Prio_Task_ID_Get                  kernel.o
Kernel_CPU_Usage_Get                              kernel.o
Kernel_Clock_Prescale                             kernel.o
                                                  main.o
Kernel_High_Prio_Task_ID_Get                      kernel.o
Kernel_Init                                       kernel.o
                                                  main.o
Kernel_Interrupt_Sts_Get                          kernel.o
Kernel_Lowest_Prio_Get                            kernel.o
Kernel_NTask_Get                                  kernel.o
Kernel_PreSleep_Hook                              kernel.o
                                                  main.o
Kernel_Start_Tasks                                kernel.o
                                                  main.o
Kernel_SysTick_Reg_Init                           kernel.o
Kernel_SysTick_Val_Get                            kernel.o
Kernel_SysTick_Val_Safely_Get                     kernel.o
Kernel_Task_Constant_Latency                      kernel.o
Kernel_Task_Constant_Latency_Sleep                kernel.o
Kernel_Task_Create                                kernel.o
                                                  main.o
Kernel_Task_Idle                                  kernel.o
Kernel_Task_Prio_Get                              kernel.o
Kernel_Task_Sleep                                 kernel.o
                                                  tasks.o
Kernel_Task_Sleep_Time_Get                        kernel.o
Kernel_Task_Status_Get                            kernel.o
Peripherals                                       peripherals.o
Peripherals_ADC_Init                              peripherals.o
Peripherals_ADC_Sample                            peripherals.o
Peripherals_Analog_Temp_Get                       peripherals.o
                                                  tasks.o
Peripherals_Digital_RH_Get                        peripherals.o
                                                  tasks.o
Peripherals_Digital_Temp_Get                      peripherals.o
                                                  tasks.o
Peripherals_Vin_RawADC_Get                        peripherals.o
                                                  tasks.o
Peripherals_Vin_Sense_Sample                      peripherals.o
                                                  tasks.o
RGB_Init                                          rgb.o
                                                  tasks.o
RGB_Set_State                                     rgb.o
                                                  tasks.o
Sensors_HDC1080_Address_Get                       sensors.o
Sensors_HDC1080_Config                            sensors.o
Sensors_HDC1080_Error_Get                         sensors.o
Sensors_HDC1080_I2C_Check_Ack                     sensors.o
Sensors_HDC1080_I2C_Forced_Stop_Clear_Error       sensors.o
Sensors_HDC1080_I2C_Receive                       sensors.o
Sensors_HDC1080_I2C_Send                          sensors.o
Sensors_HDC1080_I2C_Send_Ack                      sensors.o
Sensors_HDC1080_I2C_Start                         sensors.o
Sensors_HDC1080_I2C_Stop                          sensors.o
Sensors_HDC1080_RH_Get                            sensors.o
                                                  peripherals.o
Sensors_HDC1080_Status_Get                        sensors.o
Sensors_HDC1080_Sticky_Error_Get                  sensors.o
Sensors_HDC1080_Struct_Init                       sensors.o
Sensors_HDC1080_Temp_Get                          sensors.o
                                                  peripherals.o
Sensors_I2C_Bus_Idle                              sensors.o
Sensors_I2C_SCL_State_Set                         sensors.o
Sensors_I2C_SDA_State_Get                         sensors.o
Sensors_I2C_SDA_State_Set                         sensors.o
Sensors_Init                                      sensors.o
                                                  tasks.o
Sensors_Sample_RH                                 sensors.o
Sensors_Sample_Temp_RH                            sensors.o
                                                  tasks.o
Task_Disable_Peripherals                          tasks.o
                                                  main.o
Task_RGB_LED                                      tasks.o
                                                  main.o
Task_Radio                                        tasks.o
                                                  main.o
Task_Sensor                                       tasks.o
                                                  main.o
Task_Vin_Sense                                    tasks.o
                                                  main.o
__bad_interrupt                                   c:/winavr-20100110/bin/../lib/gcc/avr/4.3.3/../../../../avr/lib/avr5/crtm328p.o
__bss_end                                         c:/winavr-20100110/bin/../lib/gcc/avr/4.3.3/avr5\libgcc.a(_clear_bss.o)
__bss_start                                       c:/winavr-20100110/bin/../lib/gcc/avr/4.3.3/avr5\libgcc.a(_clear_bss.o)
__data_end                                        c:/winavr-20100110/bin/../lib/gcc/avr/4.3.3/avr5\libgcc.a(_copy_data.o)
__data_load_start                                 c:/winavr-20100110/bin/../lib/gcc/avr/4.3.3/avr5\libgcc.a(_copy_data.o)
__data_start                                      c:/winavr-20100110/bin/../lib/gcc/avr/4.3.3/avr5\libgcc.a(_copy_data.o)
__do_clear_bss                                    c:/winavr-20100110/bin/../lib/gcc/avr/4.3.3/avr5\libgcc.a(_clear_bss.o)
                                                  sensors.o
                                                  peripherals.o
                                                  nrf24l01p.o
__do_copy_data                                    c:/winavr-20100110/bin/../lib/gcc/avr/4.3.3/avr5\libgcc.a(_copy_data.o)
                                                  nrf24l01p.o
__heap_end                                        c:/winavr-20100110/bin/../lib/gcc/avr/4.3.3/../../../../avr/lib/avr5/crtm328p.o
__init                                            c:/winavr-20100110/bin/../lib/gcc/avr/4.3.3/../../../../avr/lib/avr5/crtm328p.o
__mulsi3                                          c:/winavr-20100110/bin/../lib/gcc/avr/4.3.3/avr5\libgcc.a(_mulsi3.o)
                                                  sensors.o
__stack                                           c:/winavr-20100110/bin/../lib/gcc/avr/4.3.3/../../../../avr/lib/avr5/crtm328p.o
__udivmodsi4                                      c:/winavr-20100110/bin/../lib/gcc/avr/4.3.3/avr5\libgcc.a(_udivmodsi4.o)
                                                  sensors.o
                                                  peripherals.o
__vector_1                                        c:/winavr-20100110/bin/../lib/gcc/avr/4.3.3/../../../../avr/lib/avr5/crtm328p.o
__vector_10                                       c:/winavr-20100110/bin/../lib/gcc/avr/4.3.3/../../../../avr/lib/avr5/crtm328p.o
__vector_11                                       c:/winavr-20100110/bin/../lib/gcc/avr/4.3.3/../../../../avr/lib/avr5/crtm328p.o
__vector_12                                       c:/winavr-20100110/bin/../lib/gcc/avr/4.3.3/../../../../avr/lib/avr5/crtm328p.o
__vector_13                                       c:/winavr-20100110/bin/../lib/gcc/avr/4.3.3/../../../../avr/lib/avr5/crtm328p.o
__vector_14                                       c:/winavr-20100110/bin/../lib/gcc/avr/4.3.3/../../../../avr/lib/avr5/crtm328p.o
__vector_15                                       c:/winavr-20100110/bin/../lib/gcc/avr/4.3.3/../../../../avr/lib/avr5/crtm328p.o
__vector_16                                       c:/winavr-20100110/bin/../lib/gcc/avr/4.3.3/../../../../avr/lib/avr5/crtm328p.o
__vector_17                                       c:/winavr-20100110/bin/../lib/gcc/avr/4.3.3/../../../../avr/lib/avr5/crtm328p.o
__vector_18                                       c:/winavr-20100110/bin/../lib/gcc/avr/4.3.3/../../../../avr/lib/avr5/crtm328p.o
__vector_19                                       c:/winavr-20100110/bin/../lib/gcc/avr/4.3.3/../../../../avr/lib/avr5/crtm328p.o
__vector_2                                        c:/winavr-20100110/bin/../lib/gcc/avr/4.3.3/../../../../avr/lib/avr5/crtm328p.o
__vector_20                                       c:/winavr-20100110/bin/../lib/gcc/avr/4.3.3/../../../../avr/lib/avr5/crtm328p.o
__vector_21                                       c:/winavr-20100110/bin/../lib/gcc/avr/4.3.3/../../../../avr/lib/avr5/crtm328p.o
__vector_22                                       c:/winavr-20100110/bin/../lib/gcc/avr/4.3.3/../../../../avr/lib/avr5/crtm328p.o
__vector_23                                       c:/winavr-20100110/bin/../lib/gcc/avr/4.3.3/../../../../avr/lib/avr5/crtm328p.o
__vector_24                                       c:/winavr-20100110/bin/../lib/gcc/avr/4.3.3/../../../../avr/lib/avr5/crtm328p.o
__vector_25                                       c:/winavr-20100110/bin/../lib/gcc/avr/4.3.3/../../../../avr/lib/avr5/crtm328p.o
__vector_3                                        c:/winavr-20100110/bin/../lib/gcc/avr/4.3.3/../../../../avr/lib/avr5/crtm328p.o
__vector_4                                        c:/winavr-20100110/bin/../lib/gcc/avr/4.3.3/../../../../avr/lib/avr5/crtm328p.o
__vector_5                                        c:/winavr-20100110/bin/../lib/gcc/avr/4.3.3/../../../../avr/lib/avr5/crtm328p.o
__vector_6                                        c:/winavr-20100110/bin/../lib/gcc/avr/4.3.3/../../../../avr/lib/avr5/crtm328p.o
__vector_7                                        kernel.o
                                                  c:/winavr-20100110/bin/../lib/gcc/avr/4.3.3/../../../../avr/lib/avr5/crtm328p.o
__vector_8                                        c:/winavr-20100110/bin/../lib/gcc/avr/4.3.3/../../../../avr/lib/avr5/crtm328p.o
__vector_9                                        kernel.o
                                                  c:/winavr-20100110/bin/../lib/gcc/avr/4.3.3/../../../../avr/lib/avr5/crtm328p.o
__vector_default                                  c:/winavr-20100110/bin/../lib/gcc/avr/4.3.3/../../../../avr/lib/avr5/crtm328p.o
__vectors                                         c:/winavr-20100110/bin/../lib/gcc/avr/4.3.3/../../../../avr/lib/avr5/crtm328p.o
_exit                                             c:/winavr-20100110/bin/../lib/gcc/avr/4.3.3/avr5\libgcc.a(_exit.o)
exit                                              c:/winavr-20100110/bin/../lib/gcc/avr/4.3.3/avr5\libgcc.a(_exit.o)
                                                  c:/winavr-20100110/bin/../lib/gcc/avr/4.3.3/../../../../avr/lib/avr5/crtm328p.o
main                                              main.o
                                                  c:/winavr-20100110/bin/../lib/gcc/avr/4.3.3/../../../../avr/lib/avr5/crtm328p.o
nRF24L01P                                         nrf24l01p.o
nRF24L01P_CE_High                                 nrf24l01p.o
nRF24L01P_CE_Low                                  nrf24l01p.o
nRF24L01P_CSN_High                                nrf24l01p.o
nRF24L01P_CSN_Low                                 nrf24l01p.o
nRF24L01P_Calcuate_CRC                            nrf24l01p.o
nRF24L01P_Calcuate_CRC_Block                      nrf24l01p.o
nRF24L01P_Deep_Sleep                              nrf24l01p.o
                                                  tasks.o
nRF24L01P_Disable                                 nrf24l01p.o
nRF24L01P_Disable_GPIO                            nrf24l01p.o
nRF24L01P_Disable_SPI                             nrf24l01p.o
nRF24L01P_Enable                                  nrf24l01p.o
nRF24L01P_Enable_GPIO                             nrf24l01p.o
nRF24L01P_Enable_SPI                              nrf24l01p.o
nRF24L01P_Error_Clear                             nrf24l01p.o
nRF24L01P_Error_Timeout                           nrf24l01p.o
nRF24L01P_Flush_Receive_Buffer                    nrf24l01p.o
nRF24L01P_Flush_Transmit_Buffer                   nrf24l01p.o
nRF24L01P_Get_Channel                             nrf24l01p.o
nRF24L01P_Get_Error                               nrf24l01p.o
nRF24L01P_Get_Mode                                nrf24l01p.o
nRF24L01P_Get_Speed                               nrf24l01p.o
nRF24L01P_Get_Tx_Power                            nrf24l01p.o
nRF24L01P_Init                                    nrf24l01p.o
                                                  tasks.o
nRF24L01P_No_Error                                nrf24l01p.o
nRF24L01P_ReadModifyWrite                         nrf24l01p.o
nRF24L01P_ReadWrite_Register                      nrf24l01p.o
nRF24L01P_Read_Data_From_Receive_Buffer           nrf24l01p.o
nRF24L01P_Receive_Buffer_Not_Empty                nrf24l01p.o
nRF24L01P_Recieve_Basic                           nrf24l01p.o
nRF24L01P_Recieve_With_ACK                        nrf24l01p.o
nRF24L01P_SPI_Transfer                            nrf24l01p.o
nRF24L01P_Set_Channel                             nrf24l01p.o
nRF24L01P_Set_Destination_Address                 nrf24l01p.o
nRF24L01P_Set_MaxRetransmission                   nrf24l01p.o
nRF24L01P_Set_Mode_Rx                             nrf24l01p.o
nRF24L01P_Set_Mode_Sleep                          nrf24l01p.o
nRF24L01P_Set_Mode_Tx                             nrf24l01p.o
nRF24L01P_Set_Own_Address                         nrf24l01p.o
nRF24L01P_Set_Receive_Timeout                     nrf24l01p.o
nRF24L01P_Set_Speed                               nrf24l01p.o
nRF24L01P_Set_Tx_Power                            nrf24l01p.o
nRF24L01P_Struct_Init                             nrf24l01p.o
nRF24L01P_Transmit_Basic                          nrf24l01p.o
                                                  tasks.o
nRF24L01P_Transmit_Buffer_Empty                   nrf24l01p.o
nRF24L01P_Transmit_With_ACK                       nrf24l01p.o
nRF24L01P_Wait_Till_Transmission_Completes        nrf24l01p.o
nRF24L01P_WakeUp                                  nrf24l01p.o
                                                  tasks.o
nRF24L01P_Write_Data_To_Transmit_Buffer           nrf24l01p.o
nRF24L01P_type                                    nrf24l01p.o
