Archive member included because of file (symbol)

c:/winavr-20100110/bin/../lib/gcc/avr/4.3.3/avr5\libgcc.a(_udivmodsi4.o)
                              peripherals.o (__udivmodsi4)
c:/winavr-20100110/bin/../lib/gcc/avr/4.3.3/avr5\libgcc.a(_exit.o)
                              c:/winavr-20100110/bin/../lib/gcc/avr/4.3.3/../../../../avr/lib/avr5/crtm328p.o (exit)
c:/winavr-20100110/bin/../lib/gcc/avr/4.3.3/avr5\libgcc.a(_copy_data.o)
                              nrf24l01p.o (__do_copy_data)
c:/winavr-20100110/bin/../lib/gcc/avr/4.3.3/avr5\libgcc.a(_clear_bss.o)
                              nrf24l01p.o (__do_clear_bss)

Allocating common symbols
Common symbol       size              file

nRF24L01P           0x2b              nrf24l01p.o

Memory Configuration

Name             Origin             Length             Attributes
text             0x00000000         0x00020000         xr
data             0x00800060         0x0000ffa0         rw !x
eeprom           0x00810000         0x00010000         rw !x
fuse             0x00820000         0x00000400         rw !x
lock             0x00830000         0x00000400         rw !x
signature        0x00840000         0x00000400         rw !x
*default*        0x00000000         0xffffffff

Linker script and memory map

Address of section .data set to 0x800100
LOAD c:/winavr-20100110/bin/../lib/gcc/avr/4.3.3/../../../../avr/lib/avr5/crtm328p.o
LOAD main.o
LOAD tasks.o
LOAD nrf24l01p.o
LOAD peripherals.o
LOAD kernel.o
LOAD c:/winavr-20100110/bin/../lib/gcc/avr/4.3.3/../../../../avr/lib/avr5\libm.a
LOAD c:/winavr-20100110/bin/../lib/gcc/avr/4.3.3/avr5\libgcc.a
LOAD c:/winavr-20100110/bin/../lib/gcc/avr/4.3.3/../../../../avr/lib/avr5\libc.a
LOAD c:/winavr-20100110/bin/../lib/gcc/avr/4.3.3/avr5\libgcc.a

.hash
 *(.hash)

.dynsym
 *(.dynsym)

.dynstr
 *(.dynstr)

.gnu.version
 *(.gnu.version)

.gnu.version_d
 *(.gnu.version_d)

.gnu.version_r
 *(.gnu.version_r)

.rel.init
 *(.rel.init)

.rela.init
 *(.rela.init)

.rel.text
 *(.rel.text)
 *(.rel.text.*)
 *(.rel.gnu.linkonce.t*)

.rela.text
 *(.rela.text)
 *(.rela.text.*)
 *(.rela.gnu.linkonce.t*)

.rel.fini
 *(.rel.fini)

.rela.fini
 *(.rela.fini)

.rel.rodata
 *(.rel.rodata)
 *(.rel.rodata.*)
 *(.rel.gnu.linkonce.r*)

.rela.rodata
 *(.rela.rodata)
 *(.rela.rodata.*)
 *(.rela.gnu.linkonce.r*)

.rel.data
 *(.rel.data)
 *(.rel.data.*)
 *(.rel.gnu.linkonce.d*)

.rela.data
 *(.rela.data)
 *(.rela.data.*)
 *(.rela.gnu.linkonce.d*)

.rel.ctors
 *(.rel.ctors)

.rela.ctors
 *(.rela.ctors)

.rel.dtors
 *(.rel.dtors)

.rela.dtors
 *(.rela.dtors)

.rel.got
 *(.rel.got)

.rela.got
 *(.rela.got)

.rel.bss
 *(.rel.bss)

.rela.bss
 *(.rela.bss)

.rel.plt
 *(.rel.plt)

.rela.plt
 *(.rela.plt)

.text           0x00000000     0x18f4
 *(.vectors)
 .vectors       0x00000000       0x68 c:/winavr-20100110/bin/../lib/gcc/avr/4.3.3/../../../../avr/lib/avr5/crtm328p.o
                0x00000000                __vectors
                0x00000000                __vector_default
 .vectors       0x00000068       0x22 kernel.o
 *(.vectors)
 *(.progmem.gcc*)
 *(.progmem*)
                0x0000008a                . = ALIGN (0x2)
                0x0000008a                __trampolines_start = .
 *(.trampolines)
 .trampolines   0x0000008a        0x0 linker stubs
 *(.trampolines*)
                0x0000008a                __trampolines_end = .
 *(.jumptables)
 *(.jumptables*)
 *(.lowtext)
 *(.lowtext*)
                0x0000008a                __ctors_start = .
 *(.ctors)
                0x0000008a                __ctors_end = .
                0x0000008a                __dtors_start = .
 *(.dtors)
                0x0000008a                __dtors_end = .
 SORT(*)(.ctors)
 SORT(*)(.dtors)
 *(.init0)
 .init0         0x0000008a        0x0 c:/winavr-20100110/bin/../lib/gcc/avr/4.3.3/../../../../avr/lib/avr5/crtm328p.o
                0x0000008a                __init
 *(.init0)
 *(.init1)
 *(.init1)
 *(.init2)
 .init2         0x0000008a        0xc c:/winavr-20100110/bin/../lib/gcc/avr/4.3.3/../../../../avr/lib/avr5/crtm328p.o
 *(.init2)
 *(.init3)
 *(.init3)
 *(.init4)
 .init4         0x00000096       0x16 c:/winavr-20100110/bin/../lib/gcc/avr/4.3.3/avr5\libgcc.a(_copy_data.o)
                0x00000096                __do_copy_data
 .init4         0x000000ac       0x10 c:/winavr-20100110/bin/../lib/gcc/avr/4.3.3/avr5\libgcc.a(_clear_bss.o)
                0x000000ac                __do_clear_bss
 *(.init4)
 *(.init5)
 *(.init5)
 *(.init6)
 *(.init6)
 *(.init7)
 *(.init7)
 *(.init8)
 *(.init8)
 *(.init9)
 .init9         0x000000bc        0x8 c:/winavr-20100110/bin/../lib/gcc/avr/4.3.3/../../../../avr/lib/avr5/crtm328p.o
 *(.init9)
 *(.text)
 .text          0x000000c4        0x4 c:/winavr-20100110/bin/../lib/gcc/avr/4.3.3/../../../../avr/lib/avr5/crtm328p.o
                0x000000c4                __vector_22
                0x000000c4                __vector_1
                0x000000c4                __vector_24
                0x000000c4                __vector_12
                0x000000c4                __bad_interrupt
                0x000000c4                __vector_6
                0x000000c4                __vector_3
                0x000000c4                __vector_23
                0x000000c4                __vector_25
                0x000000c4                __vector_11
                0x000000c4                __vector_13
                0x000000c4                __vector_17
                0x000000c4                __vector_19
                0x000000c4                __vector_5
                0x000000c4                __vector_4
                0x000000c4                __vector_2
                0x000000c4                __vector_21
                0x000000c4                __vector_15
                0x000000c4                __vector_8
                0x000000c4                __vector_14
                0x000000c4                __vector_10
                0x000000c4                __vector_16
                0x000000c4                __vector_18
                0x000000c4                __vector_20
 .text          0x000000c8       0x3a main.o
                0x000000c8                main
 .text          0x00000102       0x8e tasks.o
                0x00000122                Tasks_Task6
                0x00000118                Tasks_Task7
                0x0000017a                Task_Vin_Sense
                0x00000144                Task_RGB_LED
                0x00000104                Tasks_Task9
                0x00000136                Task_Sensor
                0x0000012c                Tasks_Task5
                0x0000010e                Tasks_Task8
                0x0000016c                Task_Radio
                0x00000102                Tasks_Disable_Peripherals
 .text          0x00000190      0xb58 nrf24l01p.o
                0x00000bd8                nRF24L01P_Init
                0x000007a4                nRF24L01P_Speed_Set
                0x00000258                nRF24L01P_Set_CSN_DD
                0x000008c6                nRF24L01P_Own_Addr_Set
                0x0000056e                nRF24L01P_Read_Data_Rx_Buf
                0x000008d2                nRF24L01P_Dest_Addr_Set
                0x00000636                nRF24L01P_Mode_Set_DeepSleep
                0x00000906                nRF24L01P_MaxRetransmission_Set
                0x00000234                nRF24L01P_Set_SCK_DD
                0x000003f2                nRF24L01P_SPI_Transfer
                0x00000534                nRF24L01P_Flush_Rx_Buf
                0x000005bc                nRF24L01P_Rx_Buf_Not_Empty
                0x00000836                nRF24L01P_Tx_Power_Set
                0x00000344                nRF24L01P_Error_Set
                0x0000030e                nRF24L01P_Error_Clear_Ticks
                0x00000386                nRF24L01P_Error_Free
                0x00000240                nRF24L01P_Set_MISO_DD
                0x00000350                nRF24L01P_Error_Get_Index
                0x000008d8                nRF24L01P_Dest_Addr_Get
                0x00000910                nRF24L01P_MaxRetransmission_Get
                0x000002e0                nRF24L01P_SPI_Disable
                0x00000396                nRF24L01P_CRC
                0x00000686                nRF24L01P_Mode_Set_Rx
                0x000009c2                nRF24L01P_Rx_Basic
                0x000002e6                nRF24L01P_Enable
                0x0000091a                nRF24L01P_Tx_Basic
                0x000008e8                nRF24L01P_RxTicks_Get
                0x000006ec                nRF24L01P_Mode_Set
                0x0000034a                nRF24L01P_Error_Get
                0x0000035c                nRF24L01P_Error_Timeout
                0x00000a8c                nRF24L01P_Tx_With_Ack
                0x000008fc                nRF24L01P_RxTimeout_Get
                0x000003c2                nRF24L01P_CRC_Block
                0x00000b14                nRF24L01P_Rx_With_Ack
                0x000002a0                nRF24L01P_Set_CE
                0x00000288                nRF24L01P_Set_MOSI
                0x00000264                nRF24L01P_Set_CE_DD
                0x00000270                nRF24L01P_Set_SCK
                0x00000658                nRF24L01P_Mode_Set_Sleep
                0x00000516                nRF24L01P_Flush_Tx_Buf
                0x00000318                nRF24L01P_Error_Clear_Buf
                0x000002d4                nRF24L01P_SPI_Enable
                0x000002fa                nRF24L01P_Disable
                0x00000328                nRF24L01P_Error_Clear_All
                0x00000308                nRF24L01P_Error_Clear
                0x00000724                nRF24L01P_Mode_Get
                0x000008cc                nRF24L01P_Own_Addr_Get
                0x0000027c                nRF24L01P_Set_MISO
                0x000008de                nRF24L01P_RxTicks_Set
                0x000002be                nRF24L01P_GPIO_Disable
                0x0000024c                nRF24L01P_Set_MOSI_DD
                0x00000552                nRF24L01P_Write_Data_Tx_Buf
                0x00000294                nRF24L01P_Set_CSN
                0x000002ac                nRF24L01P_GPIO_Enable
                0x000007dc                nRF24L01P_Speed_Get
                0x000006b8                nRF24L01P_Mode_Set_Tx
                0x00000784                nRF24L01P_Channel_Get
                0x000005e4                nRF24L01P_Wait_Tx_Complete
                0x0000075e                nRF24L01P_Channel_Set
                0x0000089e                nRF24L01P_Tx_Power_Get
                0x00000190                nRF24L01P_Struct_Init
                0x000008f2                nRF24L01P_RxTimeout_Set
                0x000004aa                nRF24L01P_ReadModifyWrite_Register
                0x00000424                nRF24L01P_ReadWrite_Register
                0x0000058a                nRF24L01P_Tx_Buf_Empty
 .text          0x00000ce8       0xc4 peripherals.o
                0x00000d82                Peripherals_Vin_Sense
                0x00000ce8                Peripherals_ADC_Init
                0x00000d10                Peripherals_ADC_Sample
 .text          0x00000dac      0xb00 kernel.o
                0x000016a4                Kernel_Task_Constant_Latency
                0x000018a0                Kernel_Abs_High_Prio_Task_ID_Get
                0x00001170                Kernel_SysTick_Reg_Init
                0x0000150e                Kernel_Task_Sleep
                0x00001858                Kernel_Task_Sleep_Time_Get
                0x00001882                Kernel_Task_Prio_Get
                0x00001852                Kernel_PreSleep_Hook
                0x00001892                Kernel_Lowest_Prio_Get
                0x000018a6                Kernel_CPU_Usage_Get
                0x0000187c                Kernel_NTask_Get
                0x000014e2                Kernel_Task_Idle
                0x000012f0                Kernel_Start_Tasks
                0x0000186c                Kernel_Task_Status_Get
                0x00000dac                __vector_7
                0x00001484                Kernel_Init
                0x00000f8e                __vector_9
                0x00001200                Kernel_Task_Create
                0x000016d0                Kernel_Task_Constant_Latency_Sleep
                0x00001898                Kernel_High_Prio_Task_ID_Get
 .text          0x000018ac        0x0 c:/winavr-20100110/bin/../lib/gcc/avr/4.3.3/avr5\libgcc.a(_udivmodsi4.o)
 .text          0x000018ac        0x0 c:/winavr-20100110/bin/../lib/gcc/avr/4.3.3/avr5\libgcc.a(_exit.o)
 .text          0x000018ac        0x0 c:/winavr-20100110/bin/../lib/gcc/avr/4.3.3/avr5\libgcc.a(_copy_data.o)
 .text          0x000018ac        0x0 c:/winavr-20100110/bin/../lib/gcc/avr/4.3.3/avr5\libgcc.a(_clear_bss.o)
                0x000018ac                . = ALIGN (0x2)
 *(.text.*)
 .text.libgcc   0x000018ac       0x44 c:/winavr-20100110/bin/../lib/gcc/avr/4.3.3/avr5\libgcc.a(_udivmodsi4.o)
                0x000018ac                __udivmodsi4
 .text.libgcc   0x000018f0        0x0 c:/winavr-20100110/bin/../lib/gcc/avr/4.3.3/avr5\libgcc.a(_exit.o)
 .text.libgcc   0x000018f0        0x0 c:/winavr-20100110/bin/../lib/gcc/avr/4.3.3/avr5\libgcc.a(_copy_data.o)
 .text.libgcc   0x000018f0        0x0 c:/winavr-20100110/bin/../lib/gcc/avr/4.3.3/avr5\libgcc.a(_clear_bss.o)
                0x000018f0                . = ALIGN (0x2)
 *(.fini9)
 .fini9         0x000018f0        0x0 c:/winavr-20100110/bin/../lib/gcc/avr/4.3.3/avr5\libgcc.a(_exit.o)
                0x000018f0                exit
                0x000018f0                _exit
 *(.fini9)
 *(.fini8)
 *(.fini8)
 *(.fini7)
 *(.fini7)
 *(.fini6)
 *(.fini6)
 *(.fini5)
 *(.fini5)
 *(.fini4)
 *(.fini4)
 *(.fini3)
 *(.fini3)
 *(.fini2)
 *(.fini2)
 *(.fini1)
 *(.fini1)
 *(.fini0)
 .fini0         0x000018f0        0x4 c:/winavr-20100110/bin/../lib/gcc/avr/4.3.3/avr5\libgcc.a(_exit.o)
 *(.fini0)
                0x000018f4                _etext = .

.data           0x00800100        0x6 load address 0x000018f4
                0x00800100                PROVIDE (__data_start, .)
 *(.data)
 .data          0x00800100        0x0 c:/winavr-20100110/bin/../lib/gcc/avr/4.3.3/../../../../avr/lib/avr5/crtm328p.o
 .data          0x00800100        0x0 main.o
 .data          0x00800100        0x0 tasks.o
 .data          0x00800100        0x6 nrf24l01p.o
 .data          0x00800106        0x0 peripherals.o
 .data          0x00800106        0x0 kernel.o
 .data          0x00800106        0x0 c:/winavr-20100110/bin/../lib/gcc/avr/4.3.3/avr5\libgcc.a(_udivmodsi4.o)
 .data          0x00800106        0x0 c:/winavr-20100110/bin/../lib/gcc/avr/4.3.3/avr5\libgcc.a(_exit.o)
 .data          0x00800106        0x0 c:/winavr-20100110/bin/../lib/gcc/avr/4.3.3/avr5\libgcc.a(_copy_data.o)
 .data          0x00800106        0x0 c:/winavr-20100110/bin/../lib/gcc/avr/4.3.3/avr5\libgcc.a(_clear_bss.o)
 *(.data*)
 *(.rodata)
 *(.rodata*)
 *(.gnu.linkonce.d*)
                0x00800106                . = ALIGN (0x2)
                0x00800106                _edata = .
                0x00800106                PROVIDE (__data_end, .)

.bss            0x00800106      0x58e
                0x00800106                PROVIDE (__bss_start, .)
 *(.bss)
 .bss           0x00800106        0x0 c:/winavr-20100110/bin/../lib/gcc/avr/4.3.3/../../../../avr/lib/avr5/crtm328p.o
 .bss           0x00800106        0x0 main.o
 .bss           0x00800106        0x0 tasks.o
 .bss           0x00800106        0x0 nrf24l01p.o
 .bss           0x00800106        0x9 peripherals.o
                0x00800106                Peripherals
 .bss           0x0080010f      0x55a kernel.o
                0x00800169                KerStack
                0x00800141                KerSchSts
                0x00800133                KerSSZ
                0x0080011f                KerPSP
                0x0080010f                KerBase
                0x00800155                KerSchSlp
                0x0080014b                KerSchPr
 .bss           0x00800669        0x0 c:/winavr-20100110/bin/../lib/gcc/avr/4.3.3/avr5\libgcc.a(_udivmodsi4.o)
 .bss           0x00800669        0x0 c:/winavr-20100110/bin/../lib/gcc/avr/4.3.3/avr5\libgcc.a(_exit.o)
 .bss           0x00800669        0x0 c:/winavr-20100110/bin/../lib/gcc/avr/4.3.3/avr5\libgcc.a(_copy_data.o)
 .bss           0x00800669        0x0 c:/winavr-20100110/bin/../lib/gcc/avr/4.3.3/avr5\libgcc.a(_clear_bss.o)
 *(.bss*)
 *(COMMON)
 COMMON         0x00800669       0x2b nrf24l01p.o
                0x00800669                nRF24L01P
                0x00800694                PROVIDE (__bss_end, .)
                0x000018f4                __data_load_start = LOADADDR (.data)
                0x000018fa                __data_load_end = (__data_load_start + SIZEOF (.data))

.noinit         0x00800694        0x0
                0x00800694                PROVIDE (__noinit_start, .)
 *(.noinit*)
                0x00800694                PROVIDE (__noinit_end, .)
                0x00800694                _end = .
                0x00800694                PROVIDE (__heap_start, .)

.eeprom         0x00810000        0x0
 *(.eeprom*)
                0x00810000                __eeprom_end = .

.fuse
 *(.fuse)
 *(.lfuse)
 *(.hfuse)
 *(.efuse)

.lock
 *(.lock*)

.signature
 *(.signature*)

.stab           0x00000000      0xa74
 *(.stab)
 .stab          0x00000000      0xa74 kernel.o

.stabstr        0x00000000       0x37
 *(.stabstr)
 .stabstr       0x00000000       0x37 kernel.o

.stab.excl
 *(.stab.excl)

.stab.exclstr
 *(.stab.exclstr)

.stab.index
 *(.stab.index)

.stab.indexstr
 *(.stab.indexstr)

.comment
 *(.comment)

.debug
 *(.debug)

.line
 *(.line)

.debug_srcinfo
 *(.debug_srcinfo)

.debug_sfnames
 *(.debug_sfnames)

.debug_aranges  0x00000000       0x80
 *(.debug_aranges)
 .debug_aranges
                0x00000000       0x20 main.o
 .debug_aranges
                0x00000020       0x20 tasks.o
 .debug_aranges
                0x00000040       0x20 nrf24l01p.o
 .debug_aranges
                0x00000060       0x20 peripherals.o

.debug_pubnames
                0x00000000      0x82d
 *(.debug_pubnames)
 .debug_pubnames
                0x00000000       0x1b main.o
 .debug_pubnames
                0x0000001b       0xc3 tasks.o
 .debug_pubnames
                0x000000de      0x6df nrf24l01p.o
 .debug_pubnames
                0x000007bd       0x70 peripherals.o

.debug_info     0x00000000     0x199c
 *(.debug_info)
 .debug_info    0x00000000       0x76 main.o
 .debug_info    0x00000076      0x1ae tasks.o
 .debug_info    0x00000224     0x15f1 nrf24l01p.o
 .debug_info    0x00001815      0x187 peripherals.o
 *(.gnu.linkonce.wi.*)

.debug_abbrev   0x00000000      0x505
 *(.debug_abbrev)
 .debug_abbrev  0x00000000       0x41 main.o
 .debug_abbrev  0x00000041       0xb0 tasks.o
 .debug_abbrev  0x000000f1      0x34a nrf24l01p.o
 .debug_abbrev  0x0000043b       0xca peripherals.o

.debug_line     0x00000000     0x12cd
 *(.debug_line)
 .debug_line    0x00000000       0x88 main.o
 .debug_line    0x00000088      0x1f6 tasks.o
 .debug_line    0x0000027e      0xf07 nrf24l01p.o
 .debug_line    0x00001185      0x148 peripherals.o

.debug_frame    0x00000000      0x530
 *(.debug_frame)
 .debug_frame   0x00000000       0x20 main.o
 .debug_frame   0x00000020       0xb0 tasks.o
 .debug_frame   0x000000d0      0x420 nrf24l01p.o
 .debug_frame   0x000004f0       0x40 peripherals.o

.debug_str      0x00000000      0x970
 *(.debug_str)
 .debug_str     0x00000000       0x7c main.o
                                 0xb0 (size before relaxing)
 .debug_str     0x0000007c       0xd4 tasks.o
                                0x178 (size before relaxing)
 .debug_str     0x00000150      0x781 nrf24l01p.o
                                0x87b (size before relaxing)
 .debug_str     0x000008d1       0x9f peripherals.o
                                0x16d (size before relaxing)

.debug_loc      0x00000000      0x6c0
 *(.debug_loc)
 .debug_loc     0x00000000       0x18 tasks.o
 .debug_loc     0x00000018      0x5f7 nrf24l01p.o
 .debug_loc     0x0000060f       0xb1 peripherals.o

.debug_macinfo
 *(.debug_macinfo)
OUTPUT(main.elf elf32-avr)
LOAD linker stubs

.debug_ranges   0x00000000       0xc0
 .debug_ranges  0x00000000       0x48 tasks.o
 .debug_ranges  0x00000048       0x78 nrf24l01p.o

Cross Reference Table

Symbol                                            File
KerBase                                           kernel.o
KerPSP                                            kernel.o
KerSSZ                                            kernel.o
KerSchPr                                          kernel.o
KerSchSlp                                         kernel.o
KerSchSts                                         kernel.o
KerStack                                          kernel.o
Kernel_Abs_High_Prio_Task_ID_Get                  kernel.o
Kernel_CPU_Usage_Get                              kernel.o
Kernel_High_Prio_Task_ID_Get                      kernel.o
Kernel_Init                                       kernel.o
                                                  main.o
Kernel_Interrupt_Sts_Get                          kernel.o
Kernel_Lowest_Prio_Get                            kernel.o
Kernel_NTask_Get                                  kernel.o
Kernel_PreSleep_Hook                              kernel.o
                                                  main.o
Kernel_Start_Tasks                                kernel.o
                                                  main.o
Kernel_SysTick_Reg_Init                           kernel.o
Kernel_SysTick_Val_Get                            kernel.o
Kernel_SysTick_Val_Safely_Get                     kernel.o
Kernel_Task_Constant_Latency                      kernel.o
Kernel_Task_Constant_Latency_Sleep                kernel.o
Kernel_Task_Create                                kernel.o
                                                  main.o
Kernel_Task_Idle                                  kernel.o
Kernel_Task_Prio_Get                              kernel.o
Kernel_Task_Sleep                                 kernel.o
                                                  tasks.o
Kernel_Task_Sleep_Time_Get                        kernel.o
Kernel_Task_Status_Get                            kernel.o
Peripherals                                       peripherals.o
Peripherals_ADC_Init                              peripherals.o
Peripherals_ADC_Sample                            peripherals.o
                                                  tasks.o
Peripherals_Vin_Sense                             peripherals.o
Task_RGB_LED                                      tasks.o
                                                  main.o
Task_Radio                                        tasks.o
                                                  main.o
Task_Sensor                                       tasks.o
                                                  main.o
Task_Vin_Sense                                    tasks.o
                                                  main.o
Tasks_Disable_Peripherals                         tasks.o
                                                  main.o
Tasks_Task5                                       tasks.o
Tasks_Task6                                       tasks.o
Tasks_Task7                                       tasks.o
Tasks_Task8                                       tasks.o
Tasks_Task9                                       tasks.o
__bad_interrupt                                   c:/winavr-20100110/bin/../lib/gcc/avr/4.3.3/../../../../avr/lib/avr5/crtm328p.o
__bss_end                                         c:/winavr-20100110/bin/../lib/gcc/avr/4.3.3/avr5\libgcc.a(_clear_bss.o)
__bss_start                                       c:/winavr-20100110/bin/../lib/gcc/avr/4.3.3/avr5\libgcc.a(_clear_bss.o)
__data_end                                        c:/winavr-20100110/bin/../lib/gcc/avr/4.3.3/avr5\libgcc.a(_copy_data.o)
__data_load_start                                 c:/winavr-20100110/bin/../lib/gcc/avr/4.3.3/avr5\libgcc.a(_copy_data.o)
__data_start                                      c:/winavr-20100110/bin/../lib/gcc/avr/4.3.3/avr5\libgcc.a(_copy_data.o)
__do_clear_bss                                    c:/winavr-20100110/bin/../lib/gcc/avr/4.3.3/avr5\libgcc.a(_clear_bss.o)
                                                  peripherals.o
                                                  nrf24l01p.o
__do_copy_data                                    c:/winavr-20100110/bin/../lib/gcc/avr/4.3.3/avr5\libgcc.a(_copy_data.o)
                                                  nrf24l01p.o
__heap_end                                        c:/winavr-20100110/bin/../lib/gcc/avr/4.3.3/../../../../avr/lib/avr5/crtm328p.o
__init                                            c:/winavr-20100110/bin/../lib/gcc/avr/4.3.3/../../../../avr/lib/avr5/crtm328p.o
__stack                                           c:/winavr-20100110/bin/../lib/gcc/avr/4.3.3/../../../../avr/lib/avr5/crtm328p.o
__udivmodsi4                                      c:/winavr-20100110/bin/../lib/gcc/avr/4.3.3/avr5\libgcc.a(_udivmodsi4.o)
                                                  peripherals.o
__vector_1                                        c:/winavr-20100110/bin/../lib/gcc/avr/4.3.3/../../../../avr/lib/avr5/crtm328p.o
__vector_10                                       c:/winavr-20100110/bin/../lib/gcc/avr/4.3.3/../../../../avr/lib/avr5/crtm328p.o
__vector_11                                       c:/winavr-20100110/bin/../lib/gcc/avr/4.3.3/../../../../avr/lib/avr5/crtm328p.o
__vector_12                                       c:/winavr-20100110/bin/../lib/gcc/avr/4.3.3/../../../../avr/lib/avr5/crtm328p.o
__vector_13                                       c:/winavr-20100110/bin/../lib/gcc/avr/4.3.3/../../../../avr/lib/avr5/crtm328p.o
__vector_14                                       c:/winavr-20100110/bin/../lib/gcc/avr/4.3.3/../../../../avr/lib/avr5/crtm328p.o
__vector_15                                       c:/winavr-20100110/bin/../lib/gcc/avr/4.3.3/../../../../avr/lib/avr5/crtm328p.o
__vector_16                                       c:/winavr-20100110/bin/../lib/gcc/avr/4.3.3/../../../../avr/lib/avr5/crtm328p.o
                                                  kernel.o
__vector_17                                       c:/winavr-20100110/bin/../lib/gcc/avr/4.3.3/../../../../avr/lib/avr5/crtm328p.o
__vector_18                                       c:/winavr-20100110/bin/../lib/gcc/avr/4.3.3/../../../../avr/lib/avr5/crtm328p.o
__vector_19                                       c:/winavr-20100110/bin/../lib/gcc/avr/4.3.3/../../../../avr/lib/avr5/crtm328p.o
__vector_2                                        c:/winavr-20100110/bin/../lib/gcc/avr/4.3.3/../../../../avr/lib/avr5/crtm328p.o
__vector_20                                       c:/winavr-20100110/bin/../lib/gcc/avr/4.3.3/../../../../avr/lib/avr5/crtm328p.o
__vector_21                                       c:/winavr-20100110/bin/../lib/gcc/avr/4.3.3/../../../../avr/lib/avr5/crtm328p.o
__vector_22                                       c:/winavr-20100110/bin/../lib/gcc/avr/4.3.3/../../../../avr/lib/avr5/crtm328p.o
__vector_23                                       c:/winavr-20100110/bin/../lib/gcc/avr/4.3.3/../../../../avr/lib/avr5/crtm328p.o
__vector_24                                       c:/winavr-20100110/bin/../lib/gcc/avr/4.3.3/../../../../avr/lib/avr5/crtm328p.o
__vector_25                                       c:/winavr-20100110/bin/../lib/gcc/avr/4.3.3/../../../../avr/lib/avr5/crtm328p.o
__vector_3                                        c:/winavr-20100110/bin/../lib/gcc/avr/4.3.3/../../../../avr/lib/avr5/crtm328p.o
__vector_4                                        c:/winavr-20100110/bin/../lib/gcc/avr/4.3.3/../../../../avr/lib/avr5/crtm328p.o
__vector_5                                        c:/winavr-20100110/bin/../lib/gcc/avr/4.3.3/../../../../avr/lib/avr5/crtm328p.o
__vector_6                                        c:/winavr-20100110/bin/../lib/gcc/avr/4.3.3/../../../../avr/lib/avr5/crtm328p.o
                                                  kernel.o
__vector_7                                        kernel.o
                                                  c:/winavr-20100110/bin/../lib/gcc/avr/4.3.3/../../../../avr/lib/avr5/crtm328p.o
__vector_8                                        c:/winavr-20100110/bin/../lib/gcc/avr/4.3.3/../../../../avr/lib/avr5/crtm328p.o
                                                  kernel.o
__vector_9                                        kernel.o
                                                  c:/winavr-20100110/bin/../lib/gcc/avr/4.3.3/../../../../avr/lib/avr5/crtm328p.o
__vector_default                                  c:/winavr-20100110/bin/../lib/gcc/avr/4.3.3/../../../../avr/lib/avr5/crtm328p.o
__vectors                                         c:/winavr-20100110/bin/../lib/gcc/avr/4.3.3/../../../../avr/lib/avr5/crtm328p.o
_exit                                             c:/winavr-20100110/bin/../lib/gcc/avr/4.3.3/avr5\libgcc.a(_exit.o)
exit                                              c:/winavr-20100110/bin/../lib/gcc/avr/4.3.3/avr5\libgcc.a(_exit.o)
                                                  c:/winavr-20100110/bin/../lib/gcc/avr/4.3.3/../../../../avr/lib/avr5/crtm328p.o
main                                              main.o
                                                  c:/winavr-20100110/bin/../lib/gcc/avr/4.3.3/../../../../avr/lib/avr5/crtm328p.o
nRF24L01P                                         nrf24l01p.o
nRF24L01P_CRC                                     nrf24l01p.o
nRF24L01P_CRC_Block                               nrf24l01p.o
nRF24L01P_Channel_Get                             nrf24l01p.o
nRF24L01P_Channel_Set                             nrf24l01p.o
nRF24L01P_Dest_Addr_Get                           nrf24l01p.o
nRF24L01P_Dest_Addr_Set                           nrf24l01p.o
nRF24L01P_Disable                                 nrf24l01p.o
nRF24L01P_Enable                                  nrf24l01p.o
nRF24L01P_Error_Clear                             nrf24l01p.o
nRF24L01P_Error_Clear_All                         nrf24l01p.o
nRF24L01P_Error_Clear_Buf                         nrf24l01p.o
nRF24L01P_Error_Clear_Ticks                       nrf24l01p.o
nRF24L01P_Error_Free                              nrf24l01p.o
nRF24L01P_Error_Get                               nrf24l01p.o
nRF24L01P_Error_Get_Index                         nrf24l01p.o
nRF24L01P_Error_Set                               nrf24l01p.o
nRF24L01P_Error_Timeout                           nrf24l01p.o
nRF24L01P_Flush_Rx_Buf                            nrf24l01p.o
nRF24L01P_Flush_Tx_Buf                            nrf24l01p.o
nRF24L01P_GPIO_Disable                            nrf24l01p.o
nRF24L01P_GPIO_Enable                             nrf24l01p.o
nRF24L01P_Init                                    nrf24l01p.o
                                                  tasks.o
nRF24L01P_MaxRetransmission_Get                   nrf24l01p.o
nRF24L01P_MaxRetransmission_Set                   nrf24l01p.o
nRF24L01P_Mode_Get                                nrf24l01p.o
nRF24L01P_Mode_Set                                nrf24l01p.o
nRF24L01P_Mode_Set_DeepSleep                      nrf24l01p.o
nRF24L01P_Mode_Set_Rx                             nrf24l01p.o
nRF24L01P_Mode_Set_Sleep                          nrf24l01p.o
nRF24L01P_Mode_Set_Tx                             nrf24l01p.o
nRF24L01P_Own_Addr_Get                            nrf24l01p.o
nRF24L01P_Own_Addr_Set                            nrf24l01p.o
nRF24L01P_ReadModifyWrite_Register                nrf24l01p.o
nRF24L01P_ReadWrite_Register                      nrf24l01p.o
nRF24L01P_Read_Data_Rx_Buf                        nrf24l01p.o
nRF24L01P_RxTicks_Get                             nrf24l01p.o
nRF24L01P_RxTicks_Set                             nrf24l01p.o
nRF24L01P_RxTimeout_Get                           nrf24l01p.o
nRF24L01P_RxTimeout_Set                           nrf24l01p.o
nRF24L01P_Rx_Basic                                nrf24l01p.o
nRF24L01P_Rx_Buf_Not_Empty                        nrf24l01p.o
nRF24L01P_Rx_With_Ack                             nrf24l01p.o
nRF24L01P_SPI_Disable                             nrf24l01p.o
nRF24L01P_SPI_Enable                              nrf24l01p.o
nRF24L01P_SPI_Transfer                            nrf24l01p.o
nRF24L01P_Set_CE                                  nrf24l01p.o
nRF24L01P_Set_CE_DD                               nrf24l01p.o
nRF24L01P_Set_CSN                                 nrf24l01p.o
nRF24L01P_Set_CSN_DD                              nrf24l01p.o
nRF24L01P_Set_MISO                                nrf24l01p.o
nRF24L01P_Set_MISO_DD                             nrf24l01p.o
nRF24L01P_Set_MOSI                                nrf24l01p.o
nRF24L01P_Set_MOSI_DD                             nrf24l01p.o
nRF24L01P_Set_SCK                                 nrf24l01p.o
nRF24L01P_Set_SCK_DD                              nrf24l01p.o
nRF24L01P_Speed_Get                               nrf24l01p.o
nRF24L01P_Speed_Set                               nrf24l01p.o
nRF24L01P_Struct_Init                             nrf24l01p.o
nRF24L01P_Tx_Basic                                nrf24l01p.o
nRF24L01P_Tx_Buf_Empty                            nrf24l01p.o
nRF24L01P_Tx_Power_Get                            nrf24l01p.o
nRF24L01P_Tx_Power_Set                            nrf24l01p.o
nRF24L01P_Tx_With_Ack                             nrf24l01p.o
nRF24L01P_Wait_Tx_Complete                        nrf24l01p.o
nRF24L01P_Write_Data_Tx_Buf                       nrf24l01p.o
