Archive member included because of file (symbol)

c:/winavr-20100110/bin/../lib/gcc/avr/4.3.3/avr5\libgcc.a(_udivmodsi4.o)
                              peripherals.o (__udivmodsi4)
c:/winavr-20100110/bin/../lib/gcc/avr/4.3.3/avr5\libgcc.a(_exit.o)
                              c:/winavr-20100110/bin/../lib/gcc/avr/4.3.3/../../../../avr/lib/avr5/crtm328p.o (exit)
c:/winavr-20100110/bin/../lib/gcc/avr/4.3.3/avr5\libgcc.a(_copy_data.o)
                              nrf24l01p.o (__do_copy_data)
c:/winavr-20100110/bin/../lib/gcc/avr/4.3.3/avr5\libgcc.a(_clear_bss.o)
                              nrf24l01p.o (__do_clear_bss)

Allocating common symbols
Common symbol       size              file

nRF24L01P_type      0x13              nrf24l01p.o
nRF24L01P           0x2               nrf24l01p.o

Memory Configuration

Name             Origin             Length             Attributes
text             0x00000000         0x00020000         xr
data             0x00800060         0x0000ffa0         rw !x
eeprom           0x00810000         0x00010000         rw !x
fuse             0x00820000         0x00000400         rw !x
lock             0x00830000         0x00000400         rw !x
signature        0x00840000         0x00000400         rw !x
*default*        0x00000000         0xffffffff

Linker script and memory map

Address of section .data set to 0x800100
LOAD c:/winavr-20100110/bin/../lib/gcc/avr/4.3.3/../../../../avr/lib/avr5/crtm328p.o
LOAD main.o
LOAD tasks.o
LOAD nrf24l01p.o
LOAD peripherals.o
LOAD kernel.o
LOAD c:/winavr-20100110/bin/../lib/gcc/avr/4.3.3/../../../../avr/lib/avr5\libm.a
LOAD c:/winavr-20100110/bin/../lib/gcc/avr/4.3.3/avr5\libgcc.a
LOAD c:/winavr-20100110/bin/../lib/gcc/avr/4.3.3/../../../../avr/lib/avr5\libc.a
LOAD c:/winavr-20100110/bin/../lib/gcc/avr/4.3.3/avr5\libgcc.a

.hash
 *(.hash)

.dynsym
 *(.dynsym)

.dynstr
 *(.dynstr)

.gnu.version
 *(.gnu.version)

.gnu.version_d
 *(.gnu.version_d)

.gnu.version_r
 *(.gnu.version_r)

.rel.init
 *(.rel.init)

.rela.init
 *(.rela.init)

.rel.text
 *(.rel.text)
 *(.rel.text.*)
 *(.rel.gnu.linkonce.t*)

.rela.text
 *(.rela.text)
 *(.rela.text.*)
 *(.rela.gnu.linkonce.t*)

.rel.fini
 *(.rel.fini)

.rela.fini
 *(.rela.fini)

.rel.rodata
 *(.rel.rodata)
 *(.rel.rodata.*)
 *(.rel.gnu.linkonce.r*)

.rela.rodata
 *(.rela.rodata)
 *(.rela.rodata.*)
 *(.rela.gnu.linkonce.r*)

.rel.data
 *(.rel.data)
 *(.rel.data.*)
 *(.rel.gnu.linkonce.d*)

.rela.data
 *(.rela.data)
 *(.rela.data.*)
 *(.rela.gnu.linkonce.d*)

.rel.ctors
 *(.rel.ctors)

.rela.ctors
 *(.rela.ctors)

.rel.dtors
 *(.rel.dtors)

.rela.dtors
 *(.rela.dtors)

.rel.got
 *(.rel.got)

.rela.got
 *(.rela.got)

.rel.bss
 *(.rel.bss)

.rela.bss
 *(.rela.bss)

.rel.plt
 *(.rel.plt)

.rela.plt
 *(.rela.plt)

.text           0x00000000     0x1736
 *(.vectors)
 .vectors       0x00000000       0x68 c:/winavr-20100110/bin/../lib/gcc/avr/4.3.3/../../../../avr/lib/avr5/crtm328p.o
                0x00000000                __vectors
                0x00000000                __vector_default
 .vectors       0x00000068       0x22 kernel.o
 *(.vectors)
 *(.progmem.gcc*)
 *(.progmem*)
                0x0000008a                . = ALIGN (0x2)
                0x0000008a                __trampolines_start = .
 *(.trampolines)
 .trampolines   0x0000008a        0x0 linker stubs
 *(.trampolines*)
                0x0000008a                __trampolines_end = .
 *(.jumptables)
 *(.jumptables*)
 *(.lowtext)
 *(.lowtext*)
                0x0000008a                __ctors_start = .
 *(.ctors)
                0x0000008a                __ctors_end = .
                0x0000008a                __dtors_start = .
 *(.dtors)
                0x0000008a                __dtors_end = .
 SORT(*)(.ctors)
 SORT(*)(.dtors)
 *(.init0)
 .init0         0x0000008a        0x0 c:/winavr-20100110/bin/../lib/gcc/avr/4.3.3/../../../../avr/lib/avr5/crtm328p.o
                0x0000008a                __init
 *(.init0)
 *(.init1)
 *(.init1)
 *(.init2)
 .init2         0x0000008a        0xc c:/winavr-20100110/bin/../lib/gcc/avr/4.3.3/../../../../avr/lib/avr5/crtm328p.o
 *(.init2)
 *(.init3)
 *(.init3)
 *(.init4)
 .init4         0x00000096       0x16 c:/winavr-20100110/bin/../lib/gcc/avr/4.3.3/avr5\libgcc.a(_copy_data.o)
                0x00000096                __do_copy_data
 .init4         0x000000ac       0x10 c:/winavr-20100110/bin/../lib/gcc/avr/4.3.3/avr5\libgcc.a(_clear_bss.o)
                0x000000ac                __do_clear_bss
 *(.init4)
 *(.init5)
 *(.init5)
 *(.init6)
 *(.init6)
 *(.init7)
 *(.init7)
 *(.init8)
 *(.init8)
 *(.init9)
 .init9         0x000000bc        0x8 c:/winavr-20100110/bin/../lib/gcc/avr/4.3.3/../../../../avr/lib/avr5/crtm328p.o
 *(.init9)
 *(.text)
 .text          0x000000c4        0x4 c:/winavr-20100110/bin/../lib/gcc/avr/4.3.3/../../../../avr/lib/avr5/crtm328p.o
                0x000000c4                __vector_22
                0x000000c4                __vector_1
                0x000000c4                __vector_24
                0x000000c4                __vector_12
                0x000000c4                __bad_interrupt
                0x000000c4                __vector_6
                0x000000c4                __vector_3
                0x000000c4                __vector_23
                0x000000c4                __vector_25
                0x000000c4                __vector_11
                0x000000c4                __vector_13
                0x000000c4                __vector_17
                0x000000c4                __vector_19
                0x000000c4                __vector_5
                0x000000c4                __vector_4
                0x000000c4                __vector_2
                0x000000c4                __vector_21
                0x000000c4                __vector_15
                0x000000c4                __vector_8
                0x000000c4                __vector_14
                0x000000c4                __vector_10
                0x000000c4                __vector_16
                0x000000c4                __vector_18
                0x000000c4                __vector_20
 .text          0x000000c8       0x3a main.o
                0x000000c8                main
 .text          0x00000102       0x64 tasks.o
                0x00000154                Task_Vin_Sense
                0x00000112                Task_RGB_LED
                0x00000104                Task_Sensor
                0x0000013a                Task_Radio
                0x00000102                Tasks_Disable_Peripherals
 .text          0x00000166      0x9ba nrf24l01p.o
                0x000007f8                nRF24L01P_Init
                0x000007a0                nRF24L01P_Set_Destination_Address
                0x00000506                nRF24L01P_Set_Mode_Tx
                0x00000aaa                nRF24L01P_Transmit_With_ACK
                0x0000027c                nRF24L01P_SPI_Transfer
                0x000002ba                nRF24L01P_Calcuate_CRC
                0x00000430                nRF24L01P_Flush_Receive_Buffer
                0x000001f8                nRF24L01P_Enable_SPI
                0x0000053a                nRF24L01P_Set_Mode_Rx
                0x000004de                nRF24L01P_Set_Mode_Sleep
                0x000007ba                nRF24L01P_Set_MaxRetransmission
                0x000001c8                nRF24L01P_CSN_High
                0x0000063c                nRF24L01P_Get_Speed
                0x00000692                nRF24L01P_Set_Speed
                0x000002e6                nRF24L01P_Calcuate_CRC_Block
                0x000006f4                nRF24L01P_Get_Tx_Power
                0x0000046a                nRF24L01P_Receive_Buffer_Not_Empty
                0x000003c6                nRF24L01P_Transmit_Buffer_Empty
                0x00000208                nRF24L01P_Enable
                0x000001cc                nRF24L01P_CSN_Low
                0x00000726                nRF24L01P_Set_Tx_Power
                0x00000230                nRF24L01P_Get_Error
                0x00000252                nRF24L01P_Error_Timeout
                0x00000794                nRF24L01P_Set_Own_Address
                0x000007ac                nRF24L01P_Set_Receive_Timeout
                0x0000056a                nRF24L01P_ReadModifyWrite
                0x000001ea                nRF24L01P_Disable_GPIO
                0x00000216                nRF24L01P_Disable
                0x000009ac                nRF24L01P_Transmit_Basic
                0x00000612                nRF24L01P_Set_Channel
                0x000005e6                nRF24L01P_Get_Channel
                0x00000220                nRF24L01P_Error_Clear
                0x0000049c                nRF24L01P_Get_Mode
                0x000001d8                nRF24L01P_Enable_GPIO
                0x00000402                nRF24L01P_Wait_Till_Transmission_Completes
                0x00000a0a                nRF24L01P_Recieve_Basic
                0x000003aa                nRF24L01P_Write_Data_To_Transmit_Buffer
                0x0000023c                nRF24L01P_No_Error
                0x0000038c                nRF24L01P_Flush_Transmit_Buffer
                0x000007e0                nRF24L01P_WakeUp
                0x00000adc                nRF24L01P_Recieve_With_ACK
                0x00000202                nRF24L01P_Disable_SPI
                0x00000166                nRF24L01P_Struct_Init
                0x000007c8                nRF24L01P_Deep_Sleep
                0x000001d0                nRF24L01P_CE_High
                0x000001d4                nRF24L01P_CE_Low
                0x0000044e                nRF24L01P_Read_Data_From_Receive_Buffer
                0x00000316                nRF24L01P_ReadWrite_Register
 .text          0x00000b20       0xce peripherals.o
                0x00000be4                Peripherals_Vin_RawADC
                0x00000bba                Peripherals_Vin_Sense
                0x00000b20                Peripherals_ADC_Init
                0x00000b48                Peripherals_ADC_Sample
 .text          0x00000bee      0xb00 kernel.o
                0x000014e6                Kernel_Task_Constant_Latency
                0x000016e2                Kernel_Abs_High_Prio_Task_ID_Get
                0x00000fb2                Kernel_SysTick_Reg_Init
                0x00001350                Kernel_Task_Sleep
                0x0000169a                Kernel_Task_Sleep_Time_Get
                0x000016c4                Kernel_Task_Prio_Get
                0x00001694                Kernel_PreSleep_Hook
                0x000016d4                Kernel_Lowest_Prio_Get
                0x000016e8                Kernel_CPU_Usage_Get
                0x000016be                Kernel_NTask_Get
                0x00001324                Kernel_Task_Idle
                0x00001132                Kernel_Start_Tasks
                0x000016ae                Kernel_Task_Status_Get
                0x00000bee                __vector_7
                0x000012c6                Kernel_Init
                0x00000dd0                __vector_9
                0x00001042                Kernel_Task_Create
                0x00001512                Kernel_Task_Constant_Latency_Sleep
                0x000016da                Kernel_High_Prio_Task_ID_Get
 .text          0x000016ee        0x0 c:/winavr-20100110/bin/../lib/gcc/avr/4.3.3/avr5\libgcc.a(_udivmodsi4.o)
 .text          0x000016ee        0x0 c:/winavr-20100110/bin/../lib/gcc/avr/4.3.3/avr5\libgcc.a(_exit.o)
 .text          0x000016ee        0x0 c:/winavr-20100110/bin/../lib/gcc/avr/4.3.3/avr5\libgcc.a(_copy_data.o)
 .text          0x000016ee        0x0 c:/winavr-20100110/bin/../lib/gcc/avr/4.3.3/avr5\libgcc.a(_clear_bss.o)
                0x000016ee                . = ALIGN (0x2)
 *(.text.*)
 .text.libgcc   0x000016ee       0x44 c:/winavr-20100110/bin/../lib/gcc/avr/4.3.3/avr5\libgcc.a(_udivmodsi4.o)
                0x000016ee                __udivmodsi4
 .text.libgcc   0x00001732        0x0 c:/winavr-20100110/bin/../lib/gcc/avr/4.3.3/avr5\libgcc.a(_exit.o)
 .text.libgcc   0x00001732        0x0 c:/winavr-20100110/bin/../lib/gcc/avr/4.3.3/avr5\libgcc.a(_copy_data.o)
 .text.libgcc   0x00001732        0x0 c:/winavr-20100110/bin/../lib/gcc/avr/4.3.3/avr5\libgcc.a(_clear_bss.o)
                0x00001732                . = ALIGN (0x2)
 *(.fini9)
 .fini9         0x00001732        0x0 c:/winavr-20100110/bin/../lib/gcc/avr/4.3.3/avr5\libgcc.a(_exit.o)
                0x00001732                exit
                0x00001732                _exit
 *(.fini9)
 *(.fini8)
 *(.fini8)
 *(.fini7)
 *(.fini7)
 *(.fini6)
 *(.fini6)
 *(.fini5)
 *(.fini5)
 *(.fini4)
 *(.fini4)
 *(.fini3)
 *(.fini3)
 *(.fini2)
 *(.fini2)
 *(.fini1)
 *(.fini1)
 *(.fini0)
 .fini0         0x00001732        0x4 c:/winavr-20100110/bin/../lib/gcc/avr/4.3.3/avr5\libgcc.a(_exit.o)
 *(.fini0)
                0x00001736                _etext = .

.data           0x00800100       0x24 load address 0x00001736
                0x00800100                PROVIDE (__data_start, .)
 *(.data)
 .data          0x00800100        0x0 c:/winavr-20100110/bin/../lib/gcc/avr/4.3.3/../../../../avr/lib/avr5/crtm328p.o
 .data          0x00800100        0x0 main.o
 .data          0x00800100        0x0 tasks.o
 .data          0x00800100       0x24 nrf24l01p.o
 .data          0x00800124        0x0 peripherals.o
 .data          0x00800124        0x0 kernel.o
 .data          0x00800124        0x0 c:/winavr-20100110/bin/../lib/gcc/avr/4.3.3/avr5\libgcc.a(_udivmodsi4.o)
 .data          0x00800124        0x0 c:/winavr-20100110/bin/../lib/gcc/avr/4.3.3/avr5\libgcc.a(_exit.o)
 .data          0x00800124        0x0 c:/winavr-20100110/bin/../lib/gcc/avr/4.3.3/avr5\libgcc.a(_copy_data.o)
 .data          0x00800124        0x0 c:/winavr-20100110/bin/../lib/gcc/avr/4.3.3/avr5\libgcc.a(_clear_bss.o)
 *(.data*)
 *(.rodata)
 *(.rodata*)
 *(.gnu.linkonce.d*)
                0x00800124                . = ALIGN (0x2)
                0x00800124                _edata = .
                0x00800124                PROVIDE (__data_end, .)

.bss            0x00800124      0x578
                0x00800124                PROVIDE (__bss_start, .)
 *(.bss)
 .bss           0x00800124        0x0 c:/winavr-20100110/bin/../lib/gcc/avr/4.3.3/../../../../avr/lib/avr5/crtm328p.o
 .bss           0x00800124        0x0 main.o
 .bss           0x00800124        0x0 tasks.o
 .bss           0x00800124        0x0 nrf24l01p.o
 .bss           0x00800124        0x9 peripherals.o
                0x00800124                Peripherals
 .bss           0x0080012d      0x55a kernel.o
                0x00800187                KerStack
                0x0080015f                KerSchSts
                0x00800151                KerSSZ
                0x0080013d                KerPSP
                0x0080012d                KerBase
                0x00800173                KerSchSlp
                0x00800169                KerSchPr
 .bss           0x00800687        0x0 c:/winavr-20100110/bin/../lib/gcc/avr/4.3.3/avr5\libgcc.a(_udivmodsi4.o)
 .bss           0x00800687        0x0 c:/winavr-20100110/bin/../lib/gcc/avr/4.3.3/avr5\libgcc.a(_exit.o)
 .bss           0x00800687        0x0 c:/winavr-20100110/bin/../lib/gcc/avr/4.3.3/avr5\libgcc.a(_copy_data.o)
 .bss           0x00800687        0x0 c:/winavr-20100110/bin/../lib/gcc/avr/4.3.3/avr5\libgcc.a(_clear_bss.o)
 *(.bss*)
 *(COMMON)
 COMMON         0x00800687       0x15 nrf24l01p.o
                0x00800687                nRF24L01P_type
                0x0080069a                nRF24L01P
                0x0080069c                PROVIDE (__bss_end, .)
                0x00001736                __data_load_start = LOADADDR (.data)
                0x0000175a                __data_load_end = (__data_load_start + SIZEOF (.data))

.noinit         0x0080069c        0x0
                0x0080069c                PROVIDE (__noinit_start, .)
 *(.noinit*)
                0x0080069c                PROVIDE (__noinit_end, .)
                0x0080069c                _end = .
                0x0080069c                PROVIDE (__heap_start, .)

.eeprom         0x00810000        0x0
 *(.eeprom*)
                0x00810000                __eeprom_end = .

.fuse
 *(.fuse)
 *(.lfuse)
 *(.hfuse)
 *(.efuse)

.lock
 *(.lock*)

.signature
 *(.signature*)

.stab           0x00000000      0xa5c
 *(.stab)
 .stab          0x00000000      0xa5c kernel.o

.stabstr        0x00000000       0x37
 *(.stabstr)
 .stabstr       0x00000000       0x37 kernel.o

.stab.excl
 *(.stab.excl)

.stab.exclstr
 *(.stab.exclstr)

.stab.index
 *(.stab.index)

.stab.indexstr
 *(.stab.indexstr)

.comment
 *(.comment)

.debug
 *(.debug)

.line
 *(.line)

.debug_srcinfo
 *(.debug_srcinfo)

.debug_sfnames
 *(.debug_sfnames)

.debug_aranges  0x00000000       0x80
 *(.debug_aranges)
 .debug_aranges
                0x00000000       0x20 main.o
 .debug_aranges
                0x00000020       0x20 tasks.o
 .debug_aranges
                0x00000040       0x20 nrf24l01p.o
 .debug_aranges
                0x00000060       0x20 peripherals.o

.debug_pubnames
                0x00000000      0x6aa
 *(.debug_pubnames)
 .debug_pubnames
                0x00000000       0x1b main.o
 .debug_pubnames
                0x0000001b       0x73 tasks.o
 .debug_pubnames
                0x0000008e      0x591 nrf24l01p.o
 .debug_pubnames
                0x0000061f       0x8b peripherals.o

.debug_info     0x00000000     0x12b1
 *(.debug_info)
 .debug_info    0x00000000       0x76 main.o
 .debug_info    0x00000076      0x1f7 tasks.o
 .debug_info    0x0000026d      0xea5 nrf24l01p.o
 .debug_info    0x00001112      0x19f peripherals.o
 *(.gnu.linkonce.wi.*)

.debug_abbrev   0x00000000      0x55a
 *(.debug_abbrev)
 .debug_abbrev  0x00000000       0x41 main.o
 .debug_abbrev  0x00000041       0xf2 tasks.o
 .debug_abbrev  0x00000133      0x346 nrf24l01p.o
 .debug_abbrev  0x00000479       0xe1 peripherals.o

.debug_line     0x00000000      0xf92
 *(.debug_line)
 .debug_line    0x00000000       0x88 main.o
 .debug_line    0x00000088      0x1b5 tasks.o
 .debug_line    0x0000023d      0xbfd nrf24l01p.o
 .debug_line    0x00000e3a      0x158 peripherals.o

.debug_frame    0x00000000      0x3e0
 *(.debug_frame)
 .debug_frame   0x00000000       0x20 main.o
 .debug_frame   0x00000020       0x60 tasks.o
 .debug_frame   0x00000080      0x310 nrf24l01p.o
 .debug_frame   0x00000390       0x50 peripherals.o

.debug_str      0x00000000      0x799
 *(.debug_str)
 .debug_str     0x00000000       0x7c main.o
                                 0xb0 (size before relaxing)
 .debug_str     0x0000007c       0xc2 tasks.o
                                0x166 (size before relaxing)
 .debug_str     0x0000013e      0x5a5 nrf24l01p.o
                                0x6c9 (size before relaxing)
 .debug_str     0x000006e3       0xb6 peripherals.o
                                0x184 (size before relaxing)

.debug_loc      0x00000000      0x693
 *(.debug_loc)
 .debug_loc     0x00000000       0x18 tasks.o
 .debug_loc     0x00000018      0x5ca nrf24l01p.o
 .debug_loc     0x000005e2       0xb1 peripherals.o

.debug_macinfo
 *(.debug_macinfo)
OUTPUT(main.elf elf32-avr)
LOAD linker stubs

.debug_ranges   0x00000000       0xf0
 .debug_ranges  0x00000000       0x78 tasks.o
 .debug_ranges  0x00000078       0x78 nrf24l01p.o

Cross Reference Table

Symbol                                            File
KerBase                                           kernel.o
KerPSP                                            kernel.o
KerSSZ                                            kernel.o
KerSchPr                                          kernel.o
KerSchSlp                                         kernel.o
KerSchSts                                         kernel.o
KerStack                                          kernel.o
Kernel_Abs_High_Prio_Task_ID_Get                  kernel.o
Kernel_CPU_Usage_Get                              kernel.o
Kernel_High_Prio_Task_ID_Get                      kernel.o
Kernel_Init                                       kernel.o
                                                  main.o
Kernel_Interrupt_Sts_Get                          kernel.o
Kernel_Lowest_Prio_Get                            kernel.o
Kernel_NTask_Get                                  kernel.o
Kernel_PreSleep_Hook                              kernel.o
                                                  main.o
Kernel_Start_Tasks                                kernel.o
                                                  main.o
Kernel_SysTick_Reg_Init                           kernel.o
Kernel_SysTick_Val_Get                            kernel.o
Kernel_SysTick_Val_Safely_Get                     kernel.o
Kernel_Task_Constant_Latency                      kernel.o
Kernel_Task_Constant_Latency_Sleep                kernel.o
Kernel_Task_Create                                kernel.o
                                                  main.o
Kernel_Task_Idle                                  kernel.o
Kernel_Task_Prio_Get                              kernel.o
Kernel_Task_Sleep                                 kernel.o
                                                  tasks.o
Kernel_Task_Sleep_Time_Get                        kernel.o
Kernel_Task_Status_Get                            kernel.o
Peripherals                                       peripherals.o
Peripherals_ADC_Init                              peripherals.o
Peripherals_ADC_Sample                            peripherals.o
Peripherals_Vin_RawADC                            peripherals.o
                                                  tasks.o
Peripherals_Vin_Sense                             peripherals.o
                                                  tasks.o
Task_RGB_LED                                      tasks.o
                                                  main.o
Task_Radio                                        tasks.o
                                                  main.o
Task_Sensor                                       tasks.o
                                                  main.o
Task_Vin_Sense                                    tasks.o
                                                  main.o
Tasks_Disable_Peripherals                         tasks.o
                                                  main.o
__bad_interrupt                                   c:/winavr-20100110/bin/../lib/gcc/avr/4.3.3/../../../../avr/lib/avr5/crtm328p.o
__bss_end                                         c:/winavr-20100110/bin/../lib/gcc/avr/4.3.3/avr5\libgcc.a(_clear_bss.o)
__bss_start                                       c:/winavr-20100110/bin/../lib/gcc/avr/4.3.3/avr5\libgcc.a(_clear_bss.o)
__data_end                                        c:/winavr-20100110/bin/../lib/gcc/avr/4.3.3/avr5\libgcc.a(_copy_data.o)
__data_load_start                                 c:/winavr-20100110/bin/../lib/gcc/avr/4.3.3/avr5\libgcc.a(_copy_data.o)
__data_start                                      c:/winavr-20100110/bin/../lib/gcc/avr/4.3.3/avr5\libgcc.a(_copy_data.o)
__do_clear_bss                                    c:/winavr-20100110/bin/../lib/gcc/avr/4.3.3/avr5\libgcc.a(_clear_bss.o)
                                                  peripherals.o
                                                  nrf24l01p.o
__do_copy_data                                    c:/winavr-20100110/bin/../lib/gcc/avr/4.3.3/avr5\libgcc.a(_copy_data.o)
                                                  nrf24l01p.o
__heap_end                                        c:/winavr-20100110/bin/../lib/gcc/avr/4.3.3/../../../../avr/lib/avr5/crtm328p.o
__init                                            c:/winavr-20100110/bin/../lib/gcc/avr/4.3.3/../../../../avr/lib/avr5/crtm328p.o
__stack                                           c:/winavr-20100110/bin/../lib/gcc/avr/4.3.3/../../../../avr/lib/avr5/crtm328p.o
__udivmodsi4                                      c:/winavr-20100110/bin/../lib/gcc/avr/4.3.3/avr5\libgcc.a(_udivmodsi4.o)
                                                  peripherals.o
__vector_1                                        c:/winavr-20100110/bin/../lib/gcc/avr/4.3.3/../../../../avr/lib/avr5/crtm328p.o
__vector_10                                       c:/winavr-20100110/bin/../lib/gcc/avr/4.3.3/../../../../avr/lib/avr5/crtm328p.o
__vector_11                                       c:/winavr-20100110/bin/../lib/gcc/avr/4.3.3/../../../../avr/lib/avr5/crtm328p.o
__vector_12                                       c:/winavr-20100110/bin/../lib/gcc/avr/4.3.3/../../../../avr/lib/avr5/crtm328p.o
__vector_13                                       c:/winavr-20100110/bin/../lib/gcc/avr/4.3.3/../../../../avr/lib/avr5/crtm328p.o
__vector_14                                       c:/winavr-20100110/bin/../lib/gcc/avr/4.3.3/../../../../avr/lib/avr5/crtm328p.o
__vector_15                                       c:/winavr-20100110/bin/../lib/gcc/avr/4.3.3/../../../../avr/lib/avr5/crtm328p.o
__vector_16                                       c:/winavr-20100110/bin/../lib/gcc/avr/4.3.3/../../../../avr/lib/avr5/crtm328p.o
                                                  kernel.o
__vector_17                                       c:/winavr-20100110/bin/../lib/gcc/avr/4.3.3/../../../../avr/lib/avr5/crtm328p.o
__vector_18                                       c:/winavr-20100110/bin/../lib/gcc/avr/4.3.3/../../../../avr/lib/avr5/crtm328p.o
__vector_19                                       c:/winavr-20100110/bin/../lib/gcc/avr/4.3.3/../../../../avr/lib/avr5/crtm328p.o
__vector_2                                        c:/winavr-20100110/bin/../lib/gcc/avr/4.3.3/../../../../avr/lib/avr5/crtm328p.o
__vector_20                                       c:/winavr-20100110/bin/../lib/gcc/avr/4.3.3/../../../../avr/lib/avr5/crtm328p.o
__vector_21                                       c:/winavr-20100110/bin/../lib/gcc/avr/4.3.3/../../../../avr/lib/avr5/crtm328p.o
__vector_22                                       c:/winavr-20100110/bin/../lib/gcc/avr/4.3.3/../../../../avr/lib/avr5/crtm328p.o
__vector_23                                       c:/winavr-20100110/bin/../lib/gcc/avr/4.3.3/../../../../avr/lib/avr5/crtm328p.o
__vector_24                                       c:/winavr-20100110/bin/../lib/gcc/avr/4.3.3/../../../../avr/lib/avr5/crtm328p.o
__vector_25                                       c:/winavr-20100110/bin/../lib/gcc/avr/4.3.3/../../../../avr/lib/avr5/crtm328p.o
__vector_3                                        c:/winavr-20100110/bin/../lib/gcc/avr/4.3.3/../../../../avr/lib/avr5/crtm328p.o
__vector_4                                        c:/winavr-20100110/bin/../lib/gcc/avr/4.3.3/../../../../avr/lib/avr5/crtm328p.o
__vector_5                                        c:/winavr-20100110/bin/../lib/gcc/avr/4.3.3/../../../../avr/lib/avr5/crtm328p.o
__vector_6                                        c:/winavr-20100110/bin/../lib/gcc/avr/4.3.3/../../../../avr/lib/avr5/crtm328p.o
                                                  kernel.o
__vector_7                                        kernel.o
                                                  c:/winavr-20100110/bin/../lib/gcc/avr/4.3.3/../../../../avr/lib/avr5/crtm328p.o
__vector_8                                        c:/winavr-20100110/bin/../lib/gcc/avr/4.3.3/../../../../avr/lib/avr5/crtm328p.o
                                                  kernel.o
__vector_9                                        kernel.o
                                                  c:/winavr-20100110/bin/../lib/gcc/avr/4.3.3/../../../../avr/lib/avr5/crtm328p.o
__vector_default                                  c:/winavr-20100110/bin/../lib/gcc/avr/4.3.3/../../../../avr/lib/avr5/crtm328p.o
__vectors                                         c:/winavr-20100110/bin/../lib/gcc/avr/4.3.3/../../../../avr/lib/avr5/crtm328p.o
_exit                                             c:/winavr-20100110/bin/../lib/gcc/avr/4.3.3/avr5\libgcc.a(_exit.o)
exit                                              c:/winavr-20100110/bin/../lib/gcc/avr/4.3.3/avr5\libgcc.a(_exit.o)
                                                  c:/winavr-20100110/bin/../lib/gcc/avr/4.3.3/../../../../avr/lib/avr5/crtm328p.o
main                                              main.o
                                                  c:/winavr-20100110/bin/../lib/gcc/avr/4.3.3/../../../../avr/lib/avr5/crtm328p.o
nRF24L01P                                         nrf24l01p.o
nRF24L01P_CE_High                                 nrf24l01p.o
nRF24L01P_CE_Low                                  nrf24l01p.o
nRF24L01P_CSN_High                                nrf24l01p.o
nRF24L01P_CSN_Low                                 nrf24l01p.o
nRF24L01P_Calcuate_CRC                            nrf24l01p.o
nRF24L01P_Calcuate_CRC_Block                      nrf24l01p.o
nRF24L01P_Deep_Sleep                              nrf24l01p.o
                                                  tasks.o
nRF24L01P_Disable                                 nrf24l01p.o
nRF24L01P_Disable_GPIO                            nrf24l01p.o
nRF24L01P_Disable_SPI                             nrf24l01p.o
nRF24L01P_Enable                                  nrf24l01p.o
nRF24L01P_Enable_GPIO                             nrf24l01p.o
nRF24L01P_Enable_SPI                              nrf24l01p.o
nRF24L01P_Error_Clear                             nrf24l01p.o
nRF24L01P_Error_Timeout                           nrf24l01p.o
nRF24L01P_Flush_Receive_Buffer                    nrf24l01p.o
nRF24L01P_Flush_Transmit_Buffer                   nrf24l01p.o
nRF24L01P_Get_Channel                             nrf24l01p.o
nRF24L01P_Get_Error                               nrf24l01p.o
nRF24L01P_Get_Mode                                nrf24l01p.o
nRF24L01P_Get_Speed                               nrf24l01p.o
nRF24L01P_Get_Tx_Power                            nrf24l01p.o
nRF24L01P_Init                                    nrf24l01p.o
                                                  tasks.o
nRF24L01P_No_Error                                nrf24l01p.o
nRF24L01P_ReadModifyWrite                         nrf24l01p.o
nRF24L01P_ReadWrite_Register                      nrf24l01p.o
nRF24L01P_Read_Data_From_Receive_Buffer           nrf24l01p.o
nRF24L01P_Receive_Buffer_Not_Empty                nrf24l01p.o
nRF24L01P_Recieve_Basic                           nrf24l01p.o
nRF24L01P_Recieve_With_ACK                        nrf24l01p.o
nRF24L01P_SPI_Transfer                            nrf24l01p.o
nRF24L01P_Set_Channel                             nrf24l01p.o
nRF24L01P_Set_Destination_Address                 nrf24l01p.o
nRF24L01P_Set_MaxRetransmission                   nrf24l01p.o
nRF24L01P_Set_Mode_Rx                             nrf24l01p.o
nRF24L01P_Set_Mode_Sleep                          nrf24l01p.o
nRF24L01P_Set_Mode_Tx                             nrf24l01p.o
nRF24L01P_Set_Own_Address                         nrf24l01p.o
nRF24L01P_Set_Receive_Timeout                     nrf24l01p.o
nRF24L01P_Set_Speed                               nrf24l01p.o
nRF24L01P_Set_Tx_Power                            nrf24l01p.o
nRF24L01P_Struct_Init                             nrf24l01p.o
nRF24L01P_Transmit_Basic                          nrf24l01p.o
nRF24L01P_Transmit_Buffer_Empty                   nrf24l01p.o
nRF24L01P_Transmit_With_ACK                       nrf24l01p.o
nRF24L01P_Wait_Till_Transmission_Completes        nrf24l01p.o
nRF24L01P_WakeUp                                  nrf24l01p.o
                                                  tasks.o
nRF24L01P_Write_Data_To_Transmit_Buffer           nrf24l01p.o
nRF24L01P_type                                    nrf24l01p.o
