   1               		.file	"main.c"
   2               	__SREG__ = 0x3f
   3               	__SP_H__ = 0x3e
   4               	__SP_L__ = 0x3d
   5               	__CCP__  = 0x34
   6               	__tmp_reg__ = 0
   7               	__zero_reg__ = 1
  15               	.Ltext0:
  16               	.global	main
  18               	main:
  19               	.LFB6:
  20               	.LM1:
  21               	/* prologue: function */
  22               	/* frame size = 0 */
  23               	.LM2:
  24 0000 0E94 0000 		call Kernel_Init
  25               	.LM3:
  26 0004 80E0      		ldi r24,lo8(gs(Task_RGB_LED))
  27 0006 90E0      		ldi r25,hi8(gs(Task_RGB_LED))
  28 0008 60E0      		ldi r22,lo8(0)
  29 000a 0E94 0000 		call Kernel_Task_Create
  30               	.LM4:
  31 000e 80E0      		ldi r24,lo8(gs(Task_Vin_Sense))
  32 0010 90E0      		ldi r25,hi8(gs(Task_Vin_Sense))
  33 0012 61E0      		ldi r22,lo8(1)
  34 0014 0E94 0000 		call Kernel_Task_Create
  35               	.LM5:
  36 0018 80E0      		ldi r24,lo8(gs(Task_Radio))
  37 001a 90E0      		ldi r25,hi8(gs(Task_Radio))
  38 001c 62E0      		ldi r22,lo8(2)
  39 001e 0E94 0000 		call Kernel_Task_Create
  40               	.LM6:
  41 0022 80E0      		ldi r24,lo8(gs(Task_Sensor))
  42 0024 90E0      		ldi r25,hi8(gs(Task_Sensor))
  43 0026 63E0      		ldi r22,lo8(3)
  44 0028 0E94 0000 		call Kernel_Task_Create
  45               	.LM7:
  46 002c 80E0      		ldi r24,lo8(gs(Tasks_Disable_Peripherals))
  47 002e 90E0      		ldi r25,hi8(gs(Tasks_Disable_Peripherals))
  48 0030 0E94 0000 		call Kernel_PreSleep_Hook
  49               	.LM8:
  50 0034 0E94 0000 		call Kernel_Start_Tasks
  51               	.L2:
  52 0038 00C0      		rjmp .L2
  53               	.LFE6:
  79               	.Letext0:
DEFINED SYMBOLS
                            *ABS*:00000000 main.c
C:\Users\WALTON\AppData\Local\Temp/cctyFXir.s:2      *ABS*:0000003f __SREG__
C:\Users\WALTON\AppData\Local\Temp/cctyFXir.s:3      *ABS*:0000003e __SP_H__
C:\Users\WALTON\AppData\Local\Temp/cctyFXir.s:4      *ABS*:0000003d __SP_L__
C:\Users\WALTON\AppData\Local\Temp/cctyFXir.s:5      *ABS*:00000034 __CCP__
C:\Users\WALTON\AppData\Local\Temp/cctyFXir.s:6      *ABS*:00000000 __tmp_reg__
C:\Users\WALTON\AppData\Local\Temp/cctyFXir.s:7      *ABS*:00000001 __zero_reg__
C:\Users\WALTON\AppData\Local\Temp/cctyFXir.s:18     .text:00000000 main

UNDEFINED SYMBOLS
Kernel_Init
Task_RGB_LED
Kernel_Task_Create
Task_Vin_Sense
Task_Radio
Task_Sensor
Tasks_Disable_Peripherals
Kernel_PreSleep_Hook
Kernel_Start_Tasks
