   1               		.file	"nrf24l01p.c"
   2               	__SREG__ = 0x3f
   3               	__SP_H__ = 0x3e
   4               	__SP_L__ = 0x3d
   5               	__CCP__  = 0x34
   6               	__tmp_reg__ = 0
   7               	__zero_reg__ = 1
  15               	.Ltext0:
  16               	.global	nRF24L01P_Struct_Init
  18               	nRF24L01P_Struct_Init:
  19               	.LFB6:
  20               	.LM1:
  21               	/* prologue: function */
  22               	/* frame size = 0 */
  23               	.LM2:
  24 0000 80E0      		ldi r24,lo8(nRF24L01P_type)
  25 0002 90E0      		ldi r25,hi8(nRF24L01P_type)
  26 0004 9093 0000 		sts (nRF24L01P)+1,r25
  27 0008 8093 0000 		sts nRF24L01P,r24
  28               	.LM3:
  29 000c 84E0      		ldi r24,lo8(4)
  30 000e 8093 0000 		sts nRF24L01P_type,r24
  31               	.LM4:
  32 0012 1092 0000 		sts nRF24L01P_type+1,__zero_reg__
  33               	.LM5:
  34 0016 1092 0000 		sts nRF24L01P_type+2,__zero_reg__
  35               	.LM6:
  36 001a 1092 0000 		sts nRF24L01P_type+3,__zero_reg__
  37               	.LM7:
  38 001e 21E0      		ldi r18,lo8(1)
  39 0020 2093 0000 		sts nRF24L01P_type+4,r18
  40               	.LM8:
  41 0024 8AE0      		ldi r24,lo8(10)
  42 0026 90E0      		ldi r25,hi8(10)
  43 0028 9093 0000 		sts (nRF24L01P_type+5)+1,r25
  44 002c 8093 0000 		sts nRF24L01P_type+5,r24
  45               	.LM9:
  46 0030 1092 0000 		sts (nRF24L01P_type+7)+1,__zero_reg__
  47 0034 1092 0000 		sts nRF24L01P_type+7,__zero_reg__
  48               	.LM10:
  49 0038 1092 0000 		sts nRF24L01P_type+9,__zero_reg__
  50               	.LM11:
  51 003c 1092 0000 		sts (nRF24L01P_type+10)+1,__zero_reg__
  52 0040 1092 0000 		sts nRF24L01P_type+10,__zero_reg__
  53               	.LM12:
  54 0044 1092 0000 		sts (nRF24L01P_type+12)+1,__zero_reg__
  55 0048 1092 0000 		sts nRF24L01P_type+12,__zero_reg__
  56               	.LM13:
  57 004c 1092 0000 		sts nRF24L01P_type+14,__zero_reg__
  58               	.LM14:
  59 0050 2093 0000 		sts nRF24L01P_type+15,r18
  60               	.LM15:
  61 0054 1092 0000 		sts (nRF24L01P_type+16)+1,__zero_reg__
  62 0058 1092 0000 		sts nRF24L01P_type+16,__zero_reg__
  63               	.LM16:
  64 005c 1092 0000 		sts nRF24L01P_type+18,__zero_reg__
  65               	/* epilogue start */
  66               	.LM17:
  67 0060 0895      		ret
  68               	.LFE6:
  70               	.global	nRF24L01P_CSN_High
  72               	nRF24L01P_CSN_High:
  73               	.LFB7:
  74               	.LM18:
  75               	/* prologue: function */
  76               	/* frame size = 0 */
  77               	.LM19:
  78 0062 2A9A      		sbi 37-32,2
  79               	/* epilogue start */
  80               	.LM20:
  81 0064 0895      		ret
  82               	.LFE7:
  84               	.global	nRF24L01P_CSN_Low
  86               	nRF24L01P_CSN_Low:
  87               	.LFB8:
  88               	.LM21:
  89               	/* prologue: function */
  90               	/* frame size = 0 */
  91               	.LM22:
  92 0066 2A98      		cbi 37-32,2
  93               	/* epilogue start */
  94               	.LM23:
  95 0068 0895      		ret
  96               	.LFE8:
  98               	.global	nRF24L01P_CE_High
 100               	nRF24L01P_CE_High:
 101               	.LFB9:
 102               	.LM24:
 103               	/* prologue: function */
 104               	/* frame size = 0 */
 105               	.LM25:
 106 006a 299A      		sbi 37-32,1
 107               	/* epilogue start */
 108               	.LM26:
 109 006c 0895      		ret
 110               	.LFE9:
 112               	.global	nRF24L01P_CE_Low
 114               	nRF24L01P_CE_Low:
 115               	.LFB10:
 116               	.LM27:
 117               	/* prologue: function */
 118               	/* frame size = 0 */
 119               	.LM28:
 120 006e 2998      		cbi 37-32,1
 121               	/* epilogue start */
 122               	.LM29:
 123 0070 0895      		ret
 124               	.LFE10:
 126               	.global	nRF24L01P_Enable_GPIO
 128               	nRF24L01P_Enable_GPIO:
 129               	.LFB11:
 130               	.LM30:
 131               	/* prologue: function */
 132               	/* frame size = 0 */
 133               	.LM31:
 134 0072 84B1      		in r24,36-32
 135 0074 8C62      		ori r24,lo8(44)
 136 0076 84B9      		out 36-32,r24
 137               	.LM32:
 138 0078 2498      		cbi 36-32,4
 139               	.LM33:
 140 007a 229A      		sbi 36-32,2
 141               	.LM34:
 142 007c 219A      		sbi 36-32,1
 143               	.LBB170:
 144               	.LBB171:
 145               	.LM35:
 146 007e 2A9A      		sbi 37-32,2
 147               	.LBE171:
 148               	.LBE170:
 149               	.LBB172:
 150               	.LBB173:
 151               	.LM36:
 152 0080 2998      		cbi 37-32,1
 153               	/* epilogue start */
 154               	.LBE173:
 155               	.LBE172:
 156               	.LM37:
 157 0082 0895      		ret
 158               	.LFE11:
 160               	.global	nRF24L01P_Disable_GPIO
 162               	nRF24L01P_Disable_GPIO:
 163               	.LFB12:
 164               	.LM38:
 165               	/* prologue: function */
 166               	/* frame size = 0 */
 167               	.LM39:
 168 0084 249A      		sbi 36-32,4
 169               	.LM40:
 170 0086 85B1      		in r24,37-32
 171 0088 837C      		andi r24,lo8(-61)
 172 008a 85B9      		out 37-32,r24
 173               	.LBB174:
 174               	.LBB175:
 175               	.LM41:
 176 008c 2A9A      		sbi 37-32,2
 177               	.LBE175:
 178               	.LBE174:
 179               	.LBB176:
 180               	.LBB177:
 181               	.LM42:
 182 008e 2998      		cbi 37-32,1
 183               	/* epilogue start */
 184               	.LBE177:
 185               	.LBE176:
 186               	.LM43:
 187 0090 0895      		ret
 188               	.LFE12:
 190               	.global	nRF24L01P_Enable_SPI
 192               	nRF24L01P_Enable_SPI:
 193               	.LFB13:
 194               	.LM44:
 195               	/* prologue: function */
 196               	/* frame size = 0 */
 197               	.LM45:
 198 0092 80E5      		ldi r24,lo8(80)
 199 0094 8CBD      		out 76-32,r24
 200               	.LM46:
 201 0096 81E0      		ldi r24,lo8(1)
 202 0098 8DBD      		out 77-32,r24
 203               	/* epilogue start */
 204               	.LM47:
 205 009a 0895      		ret
 206               	.LFE13:
 208               	.global	nRF24L01P_Disable_SPI
 210               	nRF24L01P_Disable_SPI:
 211               	.LFB14:
 212               	.LM48:
 213               	/* prologue: function */
 214               	/* frame size = 0 */
 215               	.LM49:
 216 009c 1CBC      		out 76-32,__zero_reg__
 217               	.LM50:
 218 009e 1DBC      		out 77-32,__zero_reg__
 219               	/* epilogue start */
 220               	.LM51:
 221 00a0 0895      		ret
 222               	.LFE14:
 224               	.global	nRF24L01P_Enable
 226               	nRF24L01P_Enable:
 227               	.LFB15:
 228               	.LM52:
 229               	/* prologue: function */
 230               	/* frame size = 0 */
 231               	.LM53:
 232 00a2 0E94 0000 		call nRF24L01P_Enable_GPIO
 233               	.LBB178:
 234               	.LBB179:
 235               	.LM54:
 236 00a6 80E5      		ldi r24,lo8(80)
 237 00a8 8CBD      		out 76-32,r24
 238               	.LM55:
 239 00aa 81E0      		ldi r24,lo8(1)
 240 00ac 8DBD      		out 77-32,r24
 241               	/* epilogue start */
 242               	.LBE179:
 243               	.LBE178:
 244               	.LM56:
 245 00ae 0895      		ret
 246               	.LFE15:
 248               	.global	nRF24L01P_Disable
 250               	nRF24L01P_Disable:
 251               	.LFB16:
 252               	.LM57:
 253               	/* prologue: function */
 254               	/* frame size = 0 */
 255               	.LBB180:
 256               	.LBB181:
 257               	.LM58:
 258 00b0 1CBC      		out 76-32,__zero_reg__
 259               	.LM59:
 260 00b2 1DBC      		out 77-32,__zero_reg__
 261               	.LBE181:
 262               	.LBE180:
 263               	.LM60:
 264 00b4 0E94 0000 		call nRF24L01P_Disable_GPIO
 265               	/* epilogue start */
 266               	.LM61:
 267 00b8 0895      		ret
 268               	.LFE16:
 270               	.global	nRF24L01P_Error_Clear
 272               	nRF24L01P_Error_Clear:
 273               	.LFB17:
 274               	.LM62:
 275               	/* prologue: function */
 276               	/* frame size = 0 */
 277               	.LM63:
 278 00ba E091 0000 		lds r30,nRF24L01P
 279 00be F091 0000 		lds r31,(nRF24L01P)+1
 280 00c2 118A      		std Z+17,__zero_reg__
 281 00c4 108A      		std Z+16,__zero_reg__
 282               	.LM64:
 283 00c6 128A      		std Z+18,__zero_reg__
 284               	/* epilogue start */
 285               	.LM65:
 286 00c8 0895      		ret
 287               	.LFE17:
 289               	.global	nRF24L01P_Get_Error
 291               	nRF24L01P_Get_Error:
 292               	.LFB18:
 293               	.LM66:
 294               	/* prologue: function */
 295               	/* frame size = 0 */
 296               	.LM67:
 297 00ca E091 0000 		lds r30,nRF24L01P
 298 00ce F091 0000 		lds r31,(nRF24L01P)+1
 299               	.LM68:
 300 00d2 8289      		ldd r24,Z+18
 301               	/* epilogue start */
 302 00d4 0895      		ret
 303               	.LFE18:
 305               	.global	nRF24L01P_No_Error
 307               	nRF24L01P_No_Error:
 308               	.LFB19:
 309               	.LM69:
 310               	/* prologue: function */
 311               	/* frame size = 0 */
 312               	.LM70:
 313 00d6 90E0      		ldi r25,lo8(0)
 314 00d8 E091 0000 		lds r30,nRF24L01P
 315 00dc F091 0000 		lds r31,(nRF24L01P)+1
 316 00e0 8289      		ldd r24,Z+18
 317 00e2 8823      		tst r24
 318 00e4 01F4      		brne .L28
 319 00e6 91E0      		ldi r25,lo8(1)
 320               	.L28:
 321               	.LM71:
 322 00e8 892F      		mov r24,r25
 323               	/* epilogue start */
 324 00ea 0895      		ret
 325               	.LFE19:
 327               	.global	nRF24L01P_Error_Timeout
 329               	nRF24L01P_Error_Timeout:
 330               	.LFB20:
 331               	.LM72:
 332               	/* prologue: function */
 333               	/* frame size = 0 */
 334               	.LBB182:
 335               	.LBB183:
 336               	.LBB184:
 337               	.LBB185:
 338               	.LM73:
 339 00ec 81E0      		ldi r24,lo8(1)
 340               	.LVL0:
 341               	/* #APP */
 342               	 ;  83 "c:/winavr-20100110/lib/gcc/../../avr/include/util/delay_basic.h" 1
 343 00ee 8A95      		1: dec r24
 344 00f0 01F4      		brne 1b
 345               	 ;  0 "" 2
 346               	/* #NOAPP */
 347               	.LBE185:
 348               	.LBE184:
 349               	.LBE183:
 350               	.LBE182:
 351               	.LM74:
 352 00f2 E091 0000 		lds r30,nRF24L01P
 353 00f6 F091 0000 		lds r31,(nRF24L01P)+1
 354 00fa 8089      		ldd r24,Z+16
 355 00fc 9189      		ldd r25,Z+17
 356               	.LVL1:
 357 00fe 0196      		adiw r24,1
 358 0100 918B      		std Z+17,r25
 359 0102 808B      		std Z+16,r24
 360               	.LM75:
 361 0104 895E      		subi r24,lo8(1001)
 362 0106 9340      		sbci r25,hi8(1001)
 363 0108 00F0      		brlo .L31
 364               	.LM76:
 365 010a 118A      		std Z+17,__zero_reg__
 366 010c 108A      		std Z+16,__zero_reg__
 367               	.LM77:
 368 010e 80E1      		ldi r24,lo8(16)
 369 0110 828B      		std Z+18,r24
 370               	.L31:
 371               	.LM78:
 372 0112 8289      		ldd r24,Z+18
 373               	/* epilogue start */
 374 0114 0895      		ret
 375               	.LFE20:
 377               	.global	nRF24L01P_SPI_Transfer
 379               	nRF24L01P_SPI_Transfer:
 380               	.LFB21:
 381               	.LM79:
 382               	.LVL2:
 383               	/* prologue: function */
 384               	/* frame size = 0 */
 385 0116 982F      		mov r25,r24
 386               	.LBB186:
 387               	.LBB187:
 388               	.LBB188:
 389               	.LBB189:
 390               	.LM80:
 391 0118 E091 0000 		lds r30,nRF24L01P
 392 011c F091 0000 		lds r31,(nRF24L01P)+1
 393               	.LBE189:
 394               	.LBE188:
 395               	.LM81:
 396 0120 8289      		ldd r24,Z+18
 397               	.LVL3:
 398 0122 8823      		tst r24
 399 0124 01F4      		brne .L34
 400               	.LBE187:
 401               	.LBE186:
 402               	.LM82:
 403 0126 9EBD      		out 78-32,r25
 404               	.LBB190:
 405               	.LBB191:
 406               	.LM83:
 407 0128 118A      		std Z+17,__zero_reg__
 408 012a 108A      		std Z+16,__zero_reg__
 409               	.LM84:
 410 012c 128A      		std Z+18,__zero_reg__
 411 012e 00C0      		rjmp .L35
 412               	.L37:
 413               	.LBE191:
 414               	.LBE190:
 415               	.LM85:
 416 0130 0E94 0000 		call nRF24L01P_Error_Timeout
 417               	.LVL4:
 418 0134 8823      		tst r24
 419 0136 01F4      		brne .L36
 420               	.LVL5:
 421               	.L35:
 422               	.LM86:
 423 0138 0DB4      		in __tmp_reg__,77-32
 424 013a 07FE      		sbrs __tmp_reg__,7
 425 013c 00C0      		rjmp .L37
 426               	.L36:
 427               	.LBB192:
 428               	.LBB193:
 429               	.LM87:
 430 013e E091 0000 		lds r30,nRF24L01P
 431 0142 F091 0000 		lds r31,(nRF24L01P)+1
 432 0146 8289      		ldd r24,Z+18
 433 0148 8823      		tst r24
 434 014a 01F4      		brne .L34
 435               	.LBE193:
 436               	.LBE192:
 437               	.LM88:
 438 014c 8EB5      		in r24,78-32
 439               	.LVL6:
 440 014e 0895      		ret
 441               	.LVL7:
 442               	.L34:
 443 0150 80E0      		ldi r24,lo8(0)
 444               	.LVL8:
 445               	.LVL9:
 446               	.LM89:
 447 0152 0895      		ret
 448               	.LFE21:
 450               	.global	nRF24L01P_Calcuate_CRC
 452               	nRF24L01P_Calcuate_CRC:
 453               	.LFB22:
 454               	.LM90:
 455               	.LVL10:
 456               	/* prologue: function */
 457               	/* frame size = 0 */
 458               	.LM91:
 459 0154 362F      		mov r19,r22
 460               	.LVL11:
 461 0156 20E0      		ldi r18,lo8(0)
 462               	.LVL12:
 463 0158 2827      		eor r18,r24
 464 015a 3927      		eor r19,r25
 465               	.LVL13:
 466 015c 40E0      		ldi r20,lo8(0)
 467               	.LVL14:
 468               	.LBB194:
 469               	.LM92:
 470 015e 61E2      		ldi r22,lo8(4129)
 471 0160 70E1      		ldi r23,hi8(4129)
 472               	.LVL15:
 473               	.L43:
 474 0162 C901      		movw r24,r18
 475 0164 880F      		lsl r24
 476 0166 991F      		rol r25
 477               	.LVL16:
 478               	.LM93:
 479 0168 37FF      		sbrs r19,7
 480 016a 00C0      		rjmp .L41
 481               	.LVL17:
 482               	.LM94:
 483 016c 9C01      		movw r18,r24
 484 016e 2627      		eor r18,r22
 485 0170 3727      		eor r19,r23
 486 0172 00C0      		rjmp .L42
 487               	.LVL18:
 488               	.L41:
 489               	.LM95:
 490 0174 9C01      		movw r18,r24
 491               	.L42:
 492               	.LM96:
 493 0176 4F5F      		subi r20,lo8(-(1))
 494 0178 4830      		cpi r20,lo8(8)
 495 017a 01F4      		brne .L43
 496               	.LBE194:
 497               	.LM97:
 498 017c C901      		movw r24,r18
 499               	.LVL19:
 500               	/* epilogue start */
 501 017e 0895      		ret
 502               	.LFE22:
 504               	.global	nRF24L01P_Calcuate_CRC_Block
 506               	nRF24L01P_Calcuate_CRC_Block:
 507               	.LFB23:
 508               	.LM98:
 509               	.LVL20:
 510 0180 0F93      		push r16
 511 0182 1F93      		push r17
 512 0184 CF93      		push r28
 513 0186 DF93      		push r29
 514               	/* prologue: function */
 515               	/* frame size = 0 */
 516 0188 062F      		mov r16,r22
 517               	.LM99:
 518 018a EC01      		movw r28,r24
 519               	.LVL21:
 520 018c 20E0      		ldi r18,lo8(0)
 521 018e 30E0      		ldi r19,hi8(0)
 522               	.LVL22:
 523 0190 10E0      		ldi r17,lo8(0)
 524               	.LVL23:
 525 0192 00C0      		rjmp .L47
 526               	.LVL24:
 527               	.L48:
 528               	.LBB195:
 529               	.LM100:
 530 0194 C901      		movw r24,r18
 531 0196 6991      		ld r22,Y+
 532 0198 0E94 0000 		call nRF24L01P_Calcuate_CRC
 533               	.LVL25:
 534 019c 9C01      		movw r18,r24
 535               	.LVL26:
 536               	.LM101:
 537 019e 1F5F      		subi r17,lo8(-(1))
 538               	.LVL27:
 539               	.L47:
 540 01a0 1017      		cp r17,r16
 541 01a2 00F0      		brlo .L48
 542               	.LBE195:
 543               	.LM102:
 544 01a4 C901      		movw r24,r18
 545               	.LVL28:
 546               	/* epilogue start */
 547 01a6 DF91      		pop r29
 548 01a8 CF91      		pop r28
 549 01aa 1F91      		pop r17
 550               	.LVL29:
 551 01ac 0F91      		pop r16
 552               	.LVL30:
 553 01ae 0895      		ret
 554               	.LFE23:
 556               	.global	nRF24L01P_ReadWrite_Register
 558               	nRF24L01P_ReadWrite_Register:
 559               	.LFB24:
 560               	.LM103:
 561               	.LVL31:
 562 01b0 FF92      		push r15
 563 01b2 0F93      		push r16
 564 01b4 1F93      		push r17
 565 01b6 CF93      		push r28
 566 01b8 DF93      		push r29
 567               	/* prologue: function */
 568               	/* frame size = 0 */
 569 01ba 982F      		mov r25,r24
 570 01bc 142F      		mov r17,r20
 571 01be 052F      		mov r16,r21
 572               	.LVL32:
 573 01c0 F22E      		mov r15,r18
 574               	.LBB196:
 575               	.LBB197:
 576               	.LM104:
 577 01c2 E091 0000 		lds r30,nRF24L01P
 578 01c6 F091 0000 		lds r31,(nRF24L01P)+1
 579 01ca 8289      		ldd r24,Z+18
 580               	.LVL33:
 581 01cc 8823      		tst r24
 582 01ce 01F4      		brne .L58
 583               	.LVL34:
 584               	.LBE197:
 585               	.LBE196:
 586               	.LBB198:
 587               	.LBB199:
 588               	.LM105:
 589 01d0 2A98      		cbi 37-32,2
 590               	.LBE199:
 591               	.LBE198:
 592               	.LM106:
 593 01d2 6623      		tst r22
 594 01d4 01F4      		brne .L52
 595               	.LM107:
 596 01d6 892F      		mov r24,r25
 597 01d8 8062      		ori r24,lo8(32)
 598 01da 0E94 0000 		call nRF24L01P_SPI_Transfer
 599               	.LVL35:
 600 01de 812F      		mov r24,r17
 601 01e0 902F      		mov r25,r16
 602 01e2 9C01      		movw r18,r24
 603 01e4 E901      		movw r28,r18
 604 01e6 10E0      		ldi r17,lo8(0)
 605               	.LVL36:
 606 01e8 00C0      		rjmp .L53
 607               	.L54:
 608               	.LBB200:
 609               	.LM108:
 610 01ea 8991      		ld r24,Y+
 611 01ec 0E94 0000 		call nRF24L01P_SPI_Transfer
 612               	.LM109:
 613 01f0 1F5F      		subi r17,lo8(-(1))
 614               	.L53:
 615 01f2 1F15      		cp r17,r15
 616 01f4 00F0      		brlo .L54
 617 01f6 00C0      		rjmp .L55
 618               	.LVL37:
 619               	.L52:
 620               	.LBE200:
 621               	.LM110:
 622 01f8 892F      		mov r24,r25
 623 01fa 0E94 0000 		call nRF24L01P_SPI_Transfer
 624               	.LVL38:
 625 01fe 812F      		mov r24,r17
 626 0200 902F      		mov r25,r16
 627 0202 9C01      		movw r18,r24
 628 0204 E901      		movw r28,r18
 629 0206 10E0      		ldi r17,lo8(0)
 630               	.LVL39:
 631 0208 00C0      		rjmp .L56
 632               	.L57:
 633               	.LBB201:
 634               	.LM111:
 635 020a 8FEF      		ldi r24,lo8(-1)
 636 020c 0E94 0000 		call nRF24L01P_SPI_Transfer
 637 0210 8993      		st Y+,r24
 638               	.LM112:
 639 0212 1F5F      		subi r17,lo8(-(1))
 640               	.L56:
 641 0214 1F15      		cp r17,r15
 642 0216 00F0      		brlo .L57
 643               	.LVL40:
 644               	.L55:
 645               	.LBE201:
 646               	.LBB202:
 647               	.LBB203:
 648               	.LM113:
 649 0218 2A9A      		sbi 37-32,2
 650               	.LVL41:
 651               	.L58:
 652               	/* epilogue start */
 653               	.LBE203:
 654               	.LBE202:
 655               	.LM114:
 656 021a DF91      		pop r29
 657 021c CF91      		pop r28
 658 021e 1F91      		pop r17
 659               	.LVL42:
 660 0220 0F91      		pop r16
 661               	.LVL43:
 662 0222 FF90      		pop r15
 663               	.LVL44:
 664 0224 0895      		ret
 665               	.LFE24:
 667               	.global	nRF24L01P_Flush_Transmit_Buffer
 669               	nRF24L01P_Flush_Transmit_Buffer:
 670               	.LFB25:
 671               	.LM115:
 672               	/* prologue: function */
 673               	/* frame size = 0 */
 674               	.LBB204:
 675               	.LBB205:
 676               	.LBB206:
 677               	.LBB207:
 678               	.LM116:
 679 0226 E091 0000 		lds r30,nRF24L01P
 680 022a F091 0000 		lds r31,(nRF24L01P)+1
 681               	.LBE207:
 682               	.LBE206:
 683               	.LM117:
 684 022e 8289      		ldd r24,Z+18
 685 0230 8823      		tst r24
 686 0232 01F4      		brne .L61
 687               	.LBE205:
 688               	.LBE204:
 689               	.LM118:
 690 0234 3196      		adiw r30,1
 691 0236 81EE      		ldi r24,lo8(-31)
 692 0238 60E0      		ldi r22,lo8(0)
 693 023a AF01      		movw r20,r30
 694 023c 20E0      		ldi r18,lo8(0)
 695 023e 0E94 0000 		call nRF24L01P_ReadWrite_Register
 696               	.L61:
 697 0242 0895      		ret
 698               	.LFE25:
 700               	.global	nRF24L01P_Write_Data_To_Transmit_Buffer
 702               	nRF24L01P_Write_Data_To_Transmit_Buffer:
 703               	.LFB26:
 704               	.LM119:
 705               	.LVL45:
 706               	/* prologue: function */
 707               	/* frame size = 0 */
 708 0244 AC01      		movw r20,r24
 709               	.LBB208:
 710               	.LBB209:
 711               	.LM120:
 712 0246 E091 0000 		lds r30,nRF24L01P
 713 024a F091 0000 		lds r31,(nRF24L01P)+1
 714 024e 8289      		ldd r24,Z+18
 715               	.LVL46:
 716 0250 8823      		tst r24
 717 0252 01F4      		brne .L64
 718               	.LBE209:
 719               	.LBE208:
 720               	.LM121:
 721 0254 80EA      		ldi r24,lo8(-96)
 722 0256 60E0      		ldi r22,lo8(0)
 723 0258 20E2      		ldi r18,lo8(32)
 724 025a 0E94 0000 		call nRF24L01P_ReadWrite_Register
 725               	.LVL47:
 726               	.L64:
 727 025e 0895      		ret
 728               	.LFE26:
 730               	.global	nRF24L01P_Transmit_Buffer_Empty
 732               	nRF24L01P_Transmit_Buffer_Empty:
 733               	.LFB27:
 734               	.LM122:
 735               	/* prologue: function */
 736               	/* frame size = 0 */
 737               	.LBB210:
 738               	.LBB211:
 739               	.LBB212:
 740               	.LBB213:
 741               	.LM123:
 742 0260 E091 0000 		lds r30,nRF24L01P
 743 0264 F091 0000 		lds r31,(nRF24L01P)+1
 744               	.LBE213:
 745               	.LBE212:
 746               	.LM124:
 747 0268 8289      		ldd r24,Z+18
 748 026a 8823      		tst r24
 749 026c 01F0      		breq .L66
 750 026e 80E0      		ldi r24,lo8(0)
 751 0270 0895      		ret
 752               	.L66:
 753               	.LBE211:
 754               	.LBE210:
 755               	.LM125:
 756 0272 1182      		std Z+1,__zero_reg__
 757               	.LM126:
 758 0274 3196      		adiw r30,1
 759 0276 87E1      		ldi r24,lo8(23)
 760 0278 61E0      		ldi r22,lo8(1)
 761 027a AF01      		movw r20,r30
 762 027c 21E0      		ldi r18,lo8(1)
 763 027e 0E94 0000 		call nRF24L01P_ReadWrite_Register
 764 0282 E091 0000 		lds r30,nRF24L01P
 765 0286 F091 0000 		lds r31,(nRF24L01P)+1
 766 028a 8181      		ldd r24,Z+1
 767 028c 90E0      		ldi r25,lo8(0)
 768 028e 64E0      		ldi r22,4
 769 0290 9695      	1:	lsr r25
 770 0292 8795      		ror r24
 771 0294 6A95      		dec r22
 772 0296 01F4      		brne 1b
 773 0298 8170      		andi r24,lo8(1)
 774               	.LM127:
 775 029a 0895      		ret
 776               	.LFE27:
 778               	.global	nRF24L01P_Wait_Till_Transmission_Completes
 780               	nRF24L01P_Wait_Till_Transmission_Completes:
 781               	.LFB28:
 782               	.LM128:
 783 029c 1F93      		push r17
 784               	/* prologue: function */
 785               	/* frame size = 0 */
 786               	.LBB214:
 787               	.LBB215:
 788               	.LM129:
 789 029e E091 0000 		lds r30,nRF24L01P
 790 02a2 F091 0000 		lds r31,(nRF24L01P)+1
 791 02a6 8289      		ldd r24,Z+18
 792 02a8 8823      		tst r24
 793 02aa 01F0      		breq .L70
 794 02ac 00C0      		rjmp .L73
 795               	.L72:
 796               	.LBE215:
 797               	.LBE214:
 798               	.LBB216:
 799               	.LBB217:
 800               	.LBB218:
 801               	.LBB219:
 802               	.LM130:
 803 02ae 812F      		mov r24,r17
 804               	.LVL48:
 805               	/* #APP */
 806               	 ;  83 "c:/winavr-20100110/lib/gcc/../../avr/include/util/delay_basic.h" 1
 807 02b0 8A95      		1: dec r24
 808 02b2 01F4      		brne 1b
 809               	 ;  0 "" 2
 810               	/* #NOAPP */
 811 02b4 00C0      		rjmp .L74
 812               	.LVL49:
 813               	.L70:
 814 02b6 15E8      		ldi r17,lo8(-123)
 815               	.LVL50:
 816               	.L74:
 817               	.LBE219:
 818               	.LBE218:
 819               	.LBE217:
 820               	.LBE216:
 821               	.LM131:
 822 02b8 0E94 0000 		call nRF24L01P_Transmit_Buffer_Empty
 823               	.LVL51:
 824 02bc 8823      		tst r24
 825 02be 01F0      		breq .L72
 826               	.L73:
 827               	/* epilogue start */
 828               	.LM132:
 829 02c0 1F91      		pop r17
 830 02c2 0895      		ret
 831               	.LFE28:
 833               	.global	nRF24L01P_Flush_Receive_Buffer
 835               	nRF24L01P_Flush_Receive_Buffer:
 836               	.LFB29:
 837               	.LM133:
 838               	/* prologue: function */
 839               	/* frame size = 0 */
 840               	.LBB220:
 841               	.LBB221:
 842               	.LBB222:
 843               	.LBB223:
 844               	.LM134:
 845 02c4 E091 0000 		lds r30,nRF24L01P
 846 02c8 F091 0000 		lds r31,(nRF24L01P)+1
 847               	.LBE223:
 848               	.LBE222:
 849               	.LM135:
 850 02cc 8289      		ldd r24,Z+18
 851 02ce 8823      		tst r24
 852 02d0 01F4      		brne .L77
 853               	.LBE221:
 854               	.LBE220:
 855               	.LM136:
 856 02d2 3196      		adiw r30,1
 857 02d4 82EE      		ldi r24,lo8(-30)
 858 02d6 60E0      		ldi r22,lo8(0)
 859 02d8 AF01      		movw r20,r30
 860 02da 20E0      		ldi r18,lo8(0)
 861 02dc 0E94 0000 		call nRF24L01P_ReadWrite_Register
 862               	.L77:
 863 02e0 0895      		ret
 864               	.LFE29:
 866               	.global	nRF24L01P_Read_Data_From_Receive_Buffer
 868               	nRF24L01P_Read_Data_From_Receive_Buffer:
 869               	.LFB30:
 870               	.LM137:
 871               	.LVL52:
 872               	/* prologue: function */
 873               	/* frame size = 0 */
 874 02e2 AC01      		movw r20,r24
 875               	.LBB224:
 876               	.LBB225:
 877               	.LM138:
 878 02e4 E091 0000 		lds r30,nRF24L01P
 879 02e8 F091 0000 		lds r31,(nRF24L01P)+1
 880 02ec 8289      		ldd r24,Z+18
 881               	.LVL53:
 882 02ee 8823      		tst r24
 883 02f0 01F4      		brne .L80
 884               	.LBE225:
 885               	.LBE224:
 886               	.LM139:
 887 02f2 81E6      		ldi r24,lo8(97)
 888 02f4 61E0      		ldi r22,lo8(1)
 889 02f6 20E2      		ldi r18,lo8(32)
 890 02f8 0E94 0000 		call nRF24L01P_ReadWrite_Register
 891               	.LVL54:
 892               	.L80:
 893 02fc 0895      		ret
 894               	.LFE30:
 896               	.global	nRF24L01P_Receive_Buffer_Not_Empty
 898               	nRF24L01P_Receive_Buffer_Not_Empty:
 899               	.LFB31:
 900               	.LM140:
 901               	/* prologue: function */
 902               	/* frame size = 0 */
 903               	.LBB226:
 904               	.LBB227:
 905               	.LBB228:
 906               	.LBB229:
 907               	.LM141:
 908 02fe E091 0000 		lds r30,nRF24L01P
 909 0302 F091 0000 		lds r31,(nRF24L01P)+1
 910               	.LBE229:
 911               	.LBE228:
 912               	.LM142:
 913 0306 8289      		ldd r24,Z+18
 914 0308 8823      		tst r24
 915 030a 01F0      		breq .L82
 916 030c 80E0      		ldi r24,lo8(0)
 917 030e 0895      		ret
 918               	.L82:
 919               	.LBE227:
 920               	.LBE226:
 921               	.LM143:
 922 0310 1182      		std Z+1,__zero_reg__
 923               	.LM144:
 924 0312 3196      		adiw r30,1
 925 0314 87E1      		ldi r24,lo8(23)
 926 0316 61E0      		ldi r22,lo8(1)
 927 0318 AF01      		movw r20,r30
 928 031a 21E0      		ldi r18,lo8(1)
 929 031c 0E94 0000 		call nRF24L01P_ReadWrite_Register
 930 0320 E091 0000 		lds r30,nRF24L01P
 931 0324 F091 0000 		lds r31,(nRF24L01P)+1
 932 0328 8181      		ldd r24,Z+1
 933 032a 8095      		com r24
 934 032c 8170      		andi r24,lo8(1)
 935               	.LM145:
 936 032e 0895      		ret
 937               	.LFE31:
 939               	.global	nRF24L01P_Get_Mode
 941               	nRF24L01P_Get_Mode:
 942               	.LFB32:
 943               	.LM146:
 944               	/* prologue: function */
 945               	/* frame size = 0 */
 946               	.LBB230:
 947               	.LBB231:
 948               	.LBB232:
 949               	.LBB233:
 950               	.LM147:
 951 0330 E091 0000 		lds r30,nRF24L01P
 952 0334 F091 0000 		lds r31,(nRF24L01P)+1
 953               	.LBE233:
 954               	.LBE232:
 955               	.LM148:
 956 0338 8289      		ldd r24,Z+18
 957 033a 8823      		tst r24
 958 033c 01F0      		breq .L86
 959 033e 80E0      		ldi r24,lo8(0)
 960 0340 0895      		ret
 961               	.L86:
 962               	.LBE231:
 963               	.LBE230:
 964               	.LM149:
 965 0342 3196      		adiw r30,1
 966 0344 80E0      		ldi r24,lo8(0)
 967 0346 61E0      		ldi r22,lo8(1)
 968 0348 AF01      		movw r20,r30
 969 034a 21E0      		ldi r18,lo8(1)
 970 034c 0E94 0000 		call nRF24L01P_ReadWrite_Register
 971               	.LM150:
 972 0350 E091 0000 		lds r30,nRF24L01P
 973 0354 F091 0000 		lds r31,(nRF24L01P)+1
 974 0358 8181      		ldd r24,Z+1
 975 035a 81FF      		sbrs r24,1
 976 035c 00C0      		rjmp .L88
 977               	.LM151:
 978 035e 80FF      		sbrs r24,0
 979 0360 00C0      		rjmp .L89
 980               	.LM152:
 981 0362 81E0      		ldi r24,lo8(1)
 982 0364 00C0      		rjmp .L91
 983               	.L89:
 984               	.LM153:
 985 0366 82E0      		ldi r24,lo8(2)
 986               	.L91:
 987 0368 8083      		st Z,r24
 988 036a 0895      		ret
 989               	.L88:
 990               	.LM154:
 991 036c 1082      		st Z,__zero_reg__
 992 036e 80E0      		ldi r24,lo8(0)
 993               	.LM155:
 994 0370 0895      		ret
 995               	.LFE32:
 997               	.global	nRF24L01P_Set_Mode_Sleep
 999               	nRF24L01P_Set_Mode_Sleep:
 1000               	.LFB33:
 1001               	.LM156:
 1002               	/* prologue: function */
 1003               	/* frame size = 0 */
 1004               	.LBB234:
 1005               	.LBB235:
 1006               	.LBB236:
 1007               	.LBB237:
 1008               	.LM157:
 1009 0372 E091 0000 		lds r30,nRF24L01P
 1010 0376 F091 0000 		lds r31,(nRF24L01P)+1
 1011               	.LBE237:
 1012               	.LBE236:
 1013               	.LM158:
 1014 037a 8289      		ldd r24,Z+18
 1015 037c 8823      		tst r24
 1016 037e 01F4      		brne .L94
 1017               	.LBE235:
 1018               	.LBE234:
 1019               	.LM159:
 1020 0380 80E7      		ldi r24,lo8(112)
 1021 0382 8183      		std Z+1,r24
 1022               	.LM160:
 1023 0384 3196      		adiw r30,1
 1024 0386 80E0      		ldi r24,lo8(0)
 1025 0388 60E0      		ldi r22,lo8(0)
 1026 038a AF01      		movw r20,r30
 1027 038c 21E0      		ldi r18,lo8(1)
 1028 038e 0E94 0000 		call nRF24L01P_ReadWrite_Register
 1029               	.LM161:
 1030 0392 E091 0000 		lds r30,nRF24L01P
 1031 0396 F091 0000 		lds r31,(nRF24L01P)+1
 1032 039a 1082      		st Z,__zero_reg__
 1033               	.L94:
 1034 039c 0895      		ret
 1035               	.LFE33:
 1037               	.global	nRF24L01P_Set_Mode_Tx
 1039               	nRF24L01P_Set_Mode_Tx:
 1040               	.LFB34:
 1041               	.LM162:
 1042               	/* prologue: function */
 1043               	/* frame size = 0 */
 1044               	.LBB238:
 1045               	.LBB239:
 1046               	.LBB240:
 1047               	.LBB241:
 1048               	.LM163:
 1049 039e E091 0000 		lds r30,nRF24L01P
 1050 03a2 F091 0000 		lds r31,(nRF24L01P)+1
 1051               	.LBE241:
 1052               	.LBE240:
 1053               	.LM164:
 1054 03a6 8289      		ldd r24,Z+18
 1055 03a8 8823      		tst r24
 1056 03aa 01F4      		brne .L97
 1057               	.LBE239:
 1058               	.LBE238:
 1059               	.LM165:
 1060 03ac 82E7      		ldi r24,lo8(114)
 1061 03ae 8183      		std Z+1,r24
 1062               	.LBB242:
 1063               	.LBB243:
 1064               	.LM166:
 1065 03b0 2998      		cbi 37-32,1
 1066               	.LBE243:
 1067               	.LBE242:
 1068               	.LM167:
 1069 03b2 3196      		adiw r30,1
 1070 03b4 80E0      		ldi r24,lo8(0)
 1071 03b6 60E0      		ldi r22,lo8(0)
 1072 03b8 AF01      		movw r20,r30
 1073 03ba 21E0      		ldi r18,lo8(1)
 1074 03bc 0E94 0000 		call nRF24L01P_ReadWrite_Register
 1075               	.LM168:
 1076 03c0 0E94 0000 		call nRF24L01P_Flush_Transmit_Buffer
 1077               	.LM169:
 1078 03c4 E091 0000 		lds r30,nRF24L01P
 1079 03c8 F091 0000 		lds r31,(nRF24L01P)+1
 1080 03cc 82E0      		ldi r24,lo8(2)
 1081 03ce 8083      		st Z,r24
 1082               	.L97:
 1083 03d0 0895      		ret
 1084               	.LFE34:
 1086               	.global	nRF24L01P_Set_Mode_Rx
 1088               	nRF24L01P_Set_Mode_Rx:
 1089               	.LFB35:
 1090               	.LM170:
 1091               	/* prologue: function */
 1092               	/* frame size = 0 */
 1093               	.LBB244:
 1094               	.LBB245:
 1095               	.LBB246:
 1096               	.LBB247:
 1097               	.LM171:
 1098 03d2 E091 0000 		lds r30,nRF24L01P
 1099 03d6 F091 0000 		lds r31,(nRF24L01P)+1
 1100               	.LBE247:
 1101               	.LBE246:
 1102               	.LM172:
 1103 03da 8289      		ldd r24,Z+18
 1104 03dc 8823      		tst r24
 1105 03de 01F4      		brne .L100
 1106               	.LBE245:
 1107               	.LBE244:
 1108               	.LM173:
 1109 03e0 83E7      		ldi r24,lo8(115)
 1110 03e2 8183      		std Z+1,r24
 1111               	.LBB248:
 1112               	.LBB249:
 1113               	.LM174:
 1114 03e4 299A      		sbi 37-32,1
 1115               	.LBE249:
 1116               	.LBE248:
 1117               	.LM175:
 1118 03e6 3196      		adiw r30,1
 1119 03e8 80E0      		ldi r24,lo8(0)
 1120 03ea 60E0      		ldi r22,lo8(0)
 1121 03ec AF01      		movw r20,r30
 1122 03ee 21E0      		ldi r18,lo8(1)
 1123 03f0 0E94 0000 		call nRF24L01P_ReadWrite_Register
 1124               	.LM176:
 1125 03f4 E091 0000 		lds r30,nRF24L01P
 1126 03f8 F091 0000 		lds r31,(nRF24L01P)+1
 1127 03fc 81E0      		ldi r24,lo8(1)
 1128 03fe 8083      		st Z,r24
 1129               	.L100:
 1130 0400 0895      		ret
 1131               	.LFE35:
 1133               	.global	nRF24L01P_ReadModifyWrite
 1135               	nRF24L01P_ReadModifyWrite:
 1136               	.LFB36:
 1137               	.LM177:
 1138               	.LVL55:
 1139 0402 FF92      		push r15
 1140 0404 0F93      		push r16
 1141 0406 1F93      		push r17
 1142               	/* prologue: function */
 1143               	/* frame size = 0 */
 1144 0408 F82E      		mov r15,r24
 1145 040a 162F      		mov r17,r22
 1146 040c 042F      		mov r16,r20
 1147               	.LBB250:
 1148               	.LBB251:
 1149               	.LBB252:
 1150               	.LBB253:
 1151               	.LM178:
 1152 040e E091 0000 		lds r30,nRF24L01P
 1153 0412 F091 0000 		lds r31,(nRF24L01P)+1
 1154               	.LBE253:
 1155               	.LBE252:
 1156               	.LM179:
 1157 0416 8289      		ldd r24,Z+18
 1158               	.LVL56:
 1159 0418 8823      		tst r24
 1160 041a 01F4      		brne .L105
 1161               	.LVL57:
 1162               	.LBE251:
 1163               	.LBE250:
 1164               	.LM180:
 1165 041c 3196      		adiw r30,1
 1166 041e 8F2D      		mov r24,r15
 1167 0420 61E0      		ldi r22,lo8(1)
 1168 0422 AF01      		movw r20,r30
 1169 0424 21E0      		ldi r18,lo8(1)
 1170 0426 0E94 0000 		call nRF24L01P_ReadWrite_Register
 1171 042a E091 0000 		lds r30,nRF24L01P
 1172 042e F091 0000 		lds r31,(nRF24L01P)+1
 1173               	.LM181:
 1174 0432 0023      		tst r16
 1175 0434 01F0      		breq .L103
 1176               	.LM182:
 1177 0436 81E0      		ldi r24,lo8(1)
 1178 0438 90E0      		ldi r25,hi8(1)
 1179 043a 00C0      		rjmp 2f
 1180 043c 880F      	1:	lsl r24
 1181 043e 991F      		rol r25
 1182 0440 1A95      	2:	dec r17
 1183 0442 02F4      		brpl 1b
 1184 0444 2181      		ldd r18,Z+1
 1185 0446 282B      		or r18,r24
 1186 0448 00C0      		rjmp .L106
 1187               	.L103:
 1188               	.LM183:
 1189 044a 81E0      		ldi r24,lo8(1)
 1190 044c 90E0      		ldi r25,hi8(1)
 1191 044e 00C0      		rjmp 2f
 1192 0450 880F      	1:	lsl r24
 1193 0452 991F      		rol r25
 1194 0454 1A95      	2:	dec r17
 1195 0456 02F4      		brpl 1b
 1196 0458 8095      		com r24
 1197 045a 2181      		ldd r18,Z+1
 1198 045c 2823      		and r18,r24
 1199               	.L106:
 1200 045e 2183      		std Z+1,r18
 1201               	.LM184:
 1202 0460 4091 0000 		lds r20,nRF24L01P
 1203 0464 5091 0000 		lds r21,(nRF24L01P)+1
 1204 0468 4F5F      		subi r20,lo8(-(1))
 1205 046a 5F4F      		sbci r21,hi8(-(1))
 1206 046c 8F2D      		mov r24,r15
 1207 046e 60E0      		ldi r22,lo8(0)
 1208 0470 21E0      		ldi r18,lo8(1)
 1209 0472 0E94 0000 		call nRF24L01P_ReadWrite_Register
 1210               	.LVL58:
 1211               	.L105:
 1212               	/* epilogue start */
 1213               	.LM185:
 1214 0476 1F91      		pop r17
 1215               	.LVL59:
 1216 0478 0F91      		pop r16
 1217               	.LVL60:
 1218 047a FF90      		pop r15
 1219               	.LVL61:
 1220 047c 0895      		ret
 1221               	.LFE36:
 1223               	.global	nRF24L01P_Get_Channel
 1225               	nRF24L01P_Get_Channel:
 1226               	.LFB37:
 1227               	.LM186:
 1228               	/* prologue: function */
 1229               	/* frame size = 0 */
 1230               	.LBB254:
 1231               	.LBB255:
 1232               	.LBB256:
 1233               	.LBB257:
 1234               	.LM187:
 1235 047e E091 0000 		lds r30,nRF24L01P
 1236 0482 F091 0000 		lds r31,(nRF24L01P)+1
 1237               	.LBE257:
 1238               	.LBE256:
 1239               	.LM188:
 1240 0486 8289      		ldd r24,Z+18
 1241 0488 8823      		tst r24
 1242 048a 01F0      		breq .L108
 1243 048c 80E0      		ldi r24,lo8(0)
 1244 048e 0895      		ret
 1245               	.L108:
 1246               	.LBE255:
 1247               	.LBE254:
 1248               	.LM189:
 1249 0490 3196      		adiw r30,1
 1250 0492 85E0      		ldi r24,lo8(5)
 1251 0494 61E0      		ldi r22,lo8(1)
 1252 0496 AF01      		movw r20,r30
 1253 0498 21E0      		ldi r18,lo8(1)
 1254 049a 0E94 0000 		call nRF24L01P_ReadWrite_Register
 1255               	.LM190:
 1256 049e E091 0000 		lds r30,nRF24L01P
 1257 04a2 F091 0000 		lds r31,(nRF24L01P)+1
 1258 04a6 8181      		ldd r24,Z+1
 1259               	.LM191:
 1260 04a8 0895      		ret
 1261               	.LFE37:
 1263               	.global	nRF24L01P_Set_Channel
 1265               	nRF24L01P_Set_Channel:
 1266               	.LFB38:
 1267               	.LM192:
 1268               	.LVL62:
 1269               	/* prologue: function */
 1270               	/* frame size = 0 */
 1271 04aa 982F      		mov r25,r24
 1272               	.LBB258:
 1273               	.LBB259:
 1274               	.LBB260:
 1275               	.LBB261:
 1276               	.LM193:
 1277 04ac E091 0000 		lds r30,nRF24L01P
 1278 04b0 F091 0000 		lds r31,(nRF24L01P)+1
 1279               	.LBE261:
 1280               	.LBE260:
 1281               	.LM194:
 1282 04b4 8289      		ldd r24,Z+18
 1283               	.LVL63:
 1284 04b6 8823      		tst r24
 1285 04b8 01F4      		brne .L114
 1286               	.LBE259:
 1287               	.LBE258:
 1288               	.LM195:
 1289 04ba 892F      		mov r24,r25
 1290 04bc 9E37      		cpi r25,lo8(126)
 1291 04be 00F0      		brlo .L113
 1292 04c0 8DE7      		ldi r24,lo8(125)
 1293               	.LVL64:
 1294               	.L113:
 1295 04c2 8183      		std Z+1,r24
 1296               	.LM196:
 1297 04c4 3196      		adiw r30,1
 1298 04c6 85E0      		ldi r24,lo8(5)
 1299               	.LVL65:
 1300 04c8 60E0      		ldi r22,lo8(0)
 1301 04ca AF01      		movw r20,r30
 1302 04cc 21E0      		ldi r18,lo8(1)
 1303 04ce 0E94 0000 		call nRF24L01P_ReadWrite_Register
 1304               	.LVL66:
 1305               	.L114:
 1306 04d2 0895      		ret
 1307               	.LFE38:
 1309               	.global	nRF24L01P_Get_Speed
 1311               	nRF24L01P_Get_Speed:
 1312               	.LFB39:
 1313               	.LM197:
 1314               	/* prologue: function */
 1315               	/* frame size = 0 */
 1316               	.LBB262:
 1317               	.LBB263:
 1318               	.LBB264:
 1319               	.LBB265:
 1320               	.LM198:
 1321 04d4 E091 0000 		lds r30,nRF24L01P
 1322 04d8 F091 0000 		lds r31,(nRF24L01P)+1
 1323               	.LBE265:
 1324               	.LBE264:
 1325               	.LM199:
 1326 04dc 8289      		ldd r24,Z+18
 1327 04de 8823      		tst r24
 1328 04e0 01F0      		breq .L116
 1329 04e2 80E0      		ldi r24,lo8(0)
 1330 04e4 0895      		ret
 1331               	.L116:
 1332               	.LBE263:
 1333               	.LBE262:
 1334               	.LM200:
 1335 04e6 3196      		adiw r30,1
 1336 04e8 86E0      		ldi r24,lo8(6)
 1337 04ea 61E0      		ldi r22,lo8(1)
 1338 04ec AF01      		movw r20,r30
 1339 04ee 21E0      		ldi r18,lo8(1)
 1340 04f0 0E94 0000 		call nRF24L01P_ReadWrite_Register
 1341               	.LM201:
 1342 04f4 E091 0000 		lds r30,nRF24L01P
 1343 04f8 F091 0000 		lds r31,(nRF24L01P)+1
 1344 04fc 9181      		ldd r25,Z+1
 1345 04fe 9695      		lsr r25
 1346 0500 9695      		lsr r25
 1347 0502 9695      		lsr r25
 1348               	.LM202:
 1349 0504 892F      		mov r24,r25
 1350 0506 8695      		lsr r24
 1351 0508 8270      		andi r24,lo8(2)
 1352 050a 8183      		std Z+1,r24
 1353               	.LM203:
 1354 050c 9170      		andi r25,lo8(1)
 1355               	.LM204:
 1356 050e 892B      		or r24,r25
 1357 0510 8283      		std Z+2,r24
 1358               	.LM205:
 1359 0512 8230      		cpi r24,lo8(2)
 1360 0514 01F4      		brne .L118
 1361               	.LM206:
 1362 0516 1182      		std Z+1,__zero_reg__
 1363 0518 00C0      		rjmp .L119
 1364               	.L118:
 1365               	.LM207:
 1366 051a 8130      		cpi r24,lo8(1)
 1367 051c 01F0      		breq .L122
 1368               	.L120:
 1369               	.LM208:
 1370 051e 8823      		tst r24
 1371 0520 01F4      		brne .L119
 1372               	.LM209:
 1373 0522 82E0      		ldi r24,lo8(2)
 1374               	.L122:
 1375 0524 8183      		std Z+1,r24
 1376               	.L119:
 1377               	.LM210:
 1378 0526 8181      		ldd r24,Z+1
 1379               	.LM211:
 1380 0528 0895      		ret
 1381               	.LFE39:
 1383               	.global	nRF24L01P_Set_Speed
 1385               	nRF24L01P_Set_Speed:
 1386               	.LFB40:
 1387               	.LM212:
 1388               	.LVL67:
 1389               	/* prologue: function */
 1390               	/* frame size = 0 */
 1391 052a 982F      		mov r25,r24
 1392               	.LBB266:
 1393               	.LBB267:
 1394               	.LM213:
 1395 052c E091 0000 		lds r30,nRF24L01P
 1396 0530 F091 0000 		lds r31,(nRF24L01P)+1
 1397 0534 8289      		ldd r24,Z+18
 1398               	.LVL68:
 1399 0536 8823      		tst r24
 1400 0538 01F4      		brne .L128
 1401               	.LBE267:
 1402               	.LBE266:
 1403               	.LM214:
 1404 053a 9923      		tst r25
 1405 053c 01F4      		brne .L125
 1406               	.LM215:
 1407 053e 86E0      		ldi r24,lo8(6)
 1408 0540 65E0      		ldi r22,lo8(5)
 1409 0542 41E0      		ldi r20,lo8(1)
 1410 0544 00C0      		rjmp .L130
 1411               	.L125:
 1412               	.LM216:
 1413 0546 9130      		cpi r25,lo8(1)
 1414 0548 01F4      		brne .L126
 1415               	.LM217:
 1416 054a 86E0      		ldi r24,lo8(6)
 1417 054c 65E0      		ldi r22,lo8(5)
 1418 054e 40E0      		ldi r20,lo8(0)
 1419               	.L130:
 1420 0550 0E94 0000 		call nRF24L01P_ReadModifyWrite
 1421               	.LVL69:
 1422               	.LM218:
 1423 0554 86E0      		ldi r24,lo8(6)
 1424 0556 63E0      		ldi r22,lo8(3)
 1425 0558 40E0      		ldi r20,lo8(0)
 1426 055a 00C0      		rjmp .L129
 1427               	.LVL70:
 1428               	.L126:
 1429               	.LM219:
 1430 055c 9230      		cpi r25,lo8(2)
 1431 055e 01F4      		brne .L127
 1432               	.LM220:
 1433 0560 86E0      		ldi r24,lo8(6)
 1434 0562 65E0      		ldi r22,lo8(5)
 1435 0564 40E0      		ldi r20,lo8(0)
 1436 0566 0E94 0000 		call nRF24L01P_ReadModifyWrite
 1437               	.LVL71:
 1438               	.LM221:
 1439 056a 86E0      		ldi r24,lo8(6)
 1440 056c 63E0      		ldi r22,lo8(3)
 1441 056e 41E0      		ldi r20,lo8(1)
 1442               	.L129:
 1443 0570 0E94 0000 		call nRF24L01P_ReadModifyWrite
 1444 0574 0895      		ret
 1445               	.LVL72:
 1446               	.L127:
 1447               	.LM222:
 1448 0576 86E0      		ldi r24,lo8(6)
 1449 0578 65E0      		ldi r22,lo8(5)
 1450 057a 40E0      		ldi r20,lo8(0)
 1451 057c 0E94 0000 		call nRF24L01P_ReadModifyWrite
 1452               	.LVL73:
 1453               	.LM223:
 1454 0580 86E0      		ldi r24,lo8(6)
 1455 0582 63E0      		ldi r22,lo8(3)
 1456 0584 41E0      		ldi r20,lo8(1)
 1457 0586 0E94 0000 		call nRF24L01P_ReadModifyWrite
 1458               	.LVL74:
 1459               	.L128:
 1460 058a 0895      		ret
 1461               	.LFE40:
 1463               	.global	nRF24L01P_Get_Tx_Power
 1465               	nRF24L01P_Get_Tx_Power:
 1466               	.LFB41:
 1467               	.LM224:
 1468               	/* prologue: function */
 1469               	/* frame size = 0 */
 1470               	.LBB268:
 1471               	.LBB269:
 1472               	.LBB270:
 1473               	.LBB271:
 1474               	.LM225:
 1475 058c E091 0000 		lds r30,nRF24L01P
 1476 0590 F091 0000 		lds r31,(nRF24L01P)+1
 1477               	.LBE271:
 1478               	.LBE270:
 1479               	.LM226:
 1480 0594 8289      		ldd r24,Z+18
 1481 0596 8823      		tst r24
 1482 0598 01F0      		breq .L132
 1483 059a 80E0      		ldi r24,lo8(0)
 1484 059c 0895      		ret
 1485               	.L132:
 1486               	.LBE269:
 1487               	.LBE268:
 1488               	.LM227:
 1489 059e 3196      		adiw r30,1
 1490 05a0 86E0      		ldi r24,lo8(6)
 1491 05a2 61E0      		ldi r22,lo8(1)
 1492 05a4 AF01      		movw r20,r30
 1493 05a6 21E0      		ldi r18,lo8(1)
 1494 05a8 0E94 0000 		call nRF24L01P_ReadWrite_Register
 1495               	.LM228:
 1496 05ac E091 0000 		lds r30,nRF24L01P
 1497 05b0 F091 0000 		lds r31,(nRF24L01P)+1
 1498               	.LM229:
 1499 05b4 8181      		ldd r24,Z+1
 1500 05b6 8695      		lsr r24
 1501 05b8 8370      		andi r24,lo8(3)
 1502 05ba 8183      		std Z+1,r24
 1503               	.LM230:
 1504 05bc 0895      		ret
 1505               	.LFE41:
 1507               	.global	nRF24L01P_Set_Tx_Power
 1509               	nRF24L01P_Set_Tx_Power:
 1510               	.LFB42:
 1511               	.LM231:
 1512               	.LVL75:
 1513               	/* prologue: function */
 1514               	/* frame size = 0 */
 1515 05be 982F      		mov r25,r24
 1516               	.LBB272:
 1517               	.LBB273:
 1518               	.LM232:
 1519 05c0 E091 0000 		lds r30,nRF24L01P
 1520 05c4 F091 0000 		lds r31,(nRF24L01P)+1
 1521 05c8 8289      		ldd r24,Z+18
 1522               	.LVL76:
 1523 05ca 8823      		tst r24
 1524 05cc 01F4      		brne .L141
 1525               	.LBE273:
 1526               	.LBE272:
 1527               	.LM233:
 1528 05ce 9923      		tst r25
 1529 05d0 01F4      		brne .L137
 1530               	.LM234:
 1531 05d2 86E0      		ldi r24,lo8(6)
 1532 05d4 62E0      		ldi r22,lo8(2)
 1533 05d6 40E0      		ldi r20,lo8(0)
 1534 05d8 00C0      		rjmp .L143
 1535               	.L137:
 1536               	.LM235:
 1537 05da 9130      		cpi r25,lo8(1)
 1538 05dc 01F4      		brne .L138
 1539               	.LM236:
 1540 05de 86E0      		ldi r24,lo8(6)
 1541 05e0 62E0      		ldi r22,lo8(2)
 1542 05e2 40E0      		ldi r20,lo8(0)
 1543 05e4 00C0      		rjmp .L144
 1544               	.L138:
 1545               	.LM237:
 1546 05e6 9230      		cpi r25,lo8(2)
 1547 05e8 01F4      		brne .L139
 1548               	.LM238:
 1549 05ea 86E0      		ldi r24,lo8(6)
 1550 05ec 62E0      		ldi r22,lo8(2)
 1551 05ee 41E0      		ldi r20,lo8(1)
 1552               	.L143:
 1553 05f0 0E94 0000 		call nRF24L01P_ReadModifyWrite
 1554               	.LVL77:
 1555               	.LM239:
 1556 05f4 86E0      		ldi r24,lo8(6)
 1557 05f6 61E0      		ldi r22,lo8(1)
 1558 05f8 40E0      		ldi r20,lo8(0)
 1559 05fa 00C0      		rjmp .L142
 1560               	.LVL78:
 1561               	.L139:
 1562               	.LM240:
 1563 05fc 9330      		cpi r25,lo8(3)
 1564 05fe 01F4      		brne .L140
 1565               	.LM241:
 1566 0600 86E0      		ldi r24,lo8(6)
 1567 0602 62E0      		ldi r22,lo8(2)
 1568 0604 41E0      		ldi r20,lo8(1)
 1569               	.L144:
 1570 0606 0E94 0000 		call nRF24L01P_ReadModifyWrite
 1571               	.LVL79:
 1572               	.LM242:
 1573 060a 86E0      		ldi r24,lo8(6)
 1574 060c 61E0      		ldi r22,lo8(1)
 1575 060e 41E0      		ldi r20,lo8(1)
 1576               	.L142:
 1577 0610 0E94 0000 		call nRF24L01P_ReadModifyWrite
 1578 0614 0895      		ret
 1579               	.LVL80:
 1580               	.L140:
 1581               	.LM243:
 1582 0616 86E0      		ldi r24,lo8(6)
 1583 0618 62E0      		ldi r22,lo8(2)
 1584 061a 41E0      		ldi r20,lo8(1)
 1585 061c 0E94 0000 		call nRF24L01P_ReadModifyWrite
 1586               	.LVL81:
 1587               	.LM244:
 1588 0620 86E0      		ldi r24,lo8(6)
 1589 0622 61E0      		ldi r22,lo8(1)
 1590 0624 41E0      		ldi r20,lo8(1)
 1591 0626 0E94 0000 		call nRF24L01P_ReadModifyWrite
 1592               	.LVL82:
 1593               	.L141:
 1594 062a 0895      		ret
 1595               	.LFE42:
 1597               	.global	nRF24L01P_Set_Own_Address
 1599               	nRF24L01P_Set_Own_Address:
 1600               	.LFB43:
 1601               	.LM245:
 1602               	.LVL83:
 1603               	/* prologue: function */
 1604               	/* frame size = 0 */
 1605               	.LM246:
 1606 062c E091 0000 		lds r30,nRF24L01P
 1607 0630 F091 0000 		lds r31,(nRF24L01P)+1
 1608 0634 8383      		std Z+3,r24
 1609               	/* epilogue start */
 1610               	.LM247:
 1611 0636 0895      		ret
 1612               	.LFE43:
 1614               	.global	nRF24L01P_Set_Destination_Address
 1616               	nRF24L01P_Set_Destination_Address:
 1617               	.LFB44:
 1618               	.LM248:
 1619               	.LVL84:
 1620               	/* prologue: function */
 1621               	/* frame size = 0 */
 1622               	.LM249:
 1623 0638 E091 0000 		lds r30,nRF24L01P
 1624 063c F091 0000 		lds r31,(nRF24L01P)+1
 1625 0640 8483      		std Z+4,r24
 1626               	/* epilogue start */
 1627               	.LM250:
 1628 0642 0895      		ret
 1629               	.LFE44:
 1631               	.global	nRF24L01P_Set_Receive_Timeout
 1633               	nRF24L01P_Set_Receive_Timeout:
 1634               	.LFB45:
 1635               	.LM251:
 1636               	.LVL85:
 1637               	/* prologue: function */
 1638               	/* frame size = 0 */
 1639               	.LM252:
 1640 0644 E091 0000 		lds r30,nRF24L01P
 1641 0648 F091 0000 		lds r31,(nRF24L01P)+1
 1642 064c 9683      		std Z+6,r25
 1643 064e 8583      		std Z+5,r24
 1644               	/* epilogue start */
 1645               	.LM253:
 1646 0650 0895      		ret
 1647               	.LFE45:
 1649               	.global	nRF24L01P_Set_MaxRetransmission
 1651               	nRF24L01P_Set_MaxRetransmission:
 1652               	.LFB46:
 1653               	.LM254:
 1654               	.LVL86:
 1655               	/* prologue: function */
 1656               	/* frame size = 0 */
 1657               	.LM255:
 1658 0652 E091 0000 		lds r30,nRF24L01P
 1659 0656 F091 0000 		lds r31,(nRF24L01P)+1
 1660 065a 9387      		std Z+11,r25
 1661 065c 8287      		std Z+10,r24
 1662               	/* epilogue start */
 1663               	.LM256:
 1664 065e 0895      		ret
 1665               	.LFE46:
 1667               	.global	nRF24L01P_Deep_Sleep
 1669               	nRF24L01P_Deep_Sleep:
 1670               	.LFB47:
 1671               	.LM257:
 1672               	/* prologue: function */
 1673               	/* frame size = 0 */
 1674               	.LM258:
 1675 0660 E091 0000 		lds r30,nRF24L01P
 1676 0664 F091 0000 		lds r31,(nRF24L01P)+1
 1677 0668 8081      		ld r24,Z
 1678 066a 8823      		tst r24
 1679 066c 01F0      		breq .L155
 1680               	.LM259:
 1681 066e 0E94 0000 		call nRF24L01P_Set_Mode_Sleep
 1682               	.LM260:
 1683 0672 0E94 0000 		call nRF24L01P_Disable
 1684               	.L155:
 1685 0676 0895      		ret
 1686               	.LFE47:
 1688               	.global	nRF24L01P_WakeUp
 1690               	nRF24L01P_WakeUp:
 1691               	.LFB48:
 1692               	.LM261:
 1693               	/* prologue: function */
 1694               	/* frame size = 0 */
 1695               	.LM262:
 1696 0678 E091 0000 		lds r30,nRF24L01P
 1697 067c F091 0000 		lds r31,(nRF24L01P)+1
 1698 0680 8081      		ld r24,Z
 1699 0682 8823      		tst r24
 1700 0684 01F4      		brne .L158
 1701               	.LM263:
 1702 0686 0E94 0000 		call nRF24L01P_Enable
 1703               	.LM264:
 1704 068a 0E94 0000 		call nRF24L01P_Set_Mode_Rx
 1705               	.L158:
 1706 068e 0895      		ret
 1707               	.LFE48:
 1709               		.data
 1710               	.LC0:
 1711 0000 4143 4B30 		.string	"ACK00"
 1711      3000 
 1712               	.LC1:
 1713 0006 5049 5045 		.string	"PIPE1"
 1713      3100 
 1714               	.LC2:
 1715 000c 5049 5045 		.string	"PIPE2"
 1715      3200 
 1716               	.LC3:
 1717 0012 5049 5045 		.string	"PIPE3"
 1717      3300 
 1718               	.LC4:
 1719 0018 5049 5045 		.string	"PIPE4"
 1719      3400 
 1720               	.LC5:
 1721 001e 5049 5045 		.string	"PIPE5"
 1721      3500 
 1722               		.text
 1723               	.global	nRF24L01P_Init
 1725               	nRF24L01P_Init:
 1726               	.LFB49:
 1727               	.LM265:
 1728 0690 0F93      		push r16
 1729 0692 1F93      		push r17
 1730               	/* prologue: function */
 1731               	/* frame size = 0 */
 1732               	.LM266:
 1733 0694 0E94 0000 		call nRF24L01P_Struct_Init
 1734               	.LM267:
 1735 0698 0E94 0000 		call nRF24L01P_Enable
 1736               	.LM268:
 1737 069c E091 0000 		lds r30,nRF24L01P
 1738 06a0 F091 0000 		lds r31,(nRF24L01P)+1
 1739 06a4 10E7      		ldi r17,lo8(112)
 1740 06a6 1183      		std Z+1,r17
 1741 06a8 3196      		adiw r30,1
 1742 06aa 80E0      		ldi r24,lo8(0)
 1743 06ac 60E0      		ldi r22,lo8(0)
 1744 06ae AF01      		movw r20,r30
 1745 06b0 21E0      		ldi r18,lo8(1)
 1746 06b2 0E94 0000 		call nRF24L01P_ReadWrite_Register
 1747               	.LM269:
 1748 06b6 E091 0000 		lds r30,nRF24L01P
 1749 06ba F091 0000 		lds r31,(nRF24L01P)+1
 1750 06be 1182      		std Z+1,__zero_reg__
 1751 06c0 3196      		adiw r30,1
 1752 06c2 81E0      		ldi r24,lo8(1)
 1753 06c4 60E0      		ldi r22,lo8(0)
 1754 06c6 AF01      		movw r20,r30
 1755 06c8 21E0      		ldi r18,lo8(1)
 1756 06ca 0E94 0000 		call nRF24L01P_ReadWrite_Register
 1757               	.LM270:
 1758 06ce E091 0000 		lds r30,nRF24L01P
 1759 06d2 F091 0000 		lds r31,(nRF24L01P)+1
 1760 06d6 83E0      		ldi r24,lo8(3)
 1761 06d8 8183      		std Z+1,r24
 1762 06da 3196      		adiw r30,1
 1763 06dc 82E0      		ldi r24,lo8(2)
 1764 06de 60E0      		ldi r22,lo8(0)
 1765 06e0 AF01      		movw r20,r30
 1766 06e2 21E0      		ldi r18,lo8(1)
 1767 06e4 0E94 0000 		call nRF24L01P_ReadWrite_Register
 1768               	.LM271:
 1769 06e8 E091 0000 		lds r30,nRF24L01P
 1770 06ec F091 0000 		lds r31,(nRF24L01P)+1
 1771 06f0 81E0      		ldi r24,lo8(1)
 1772 06f2 8183      		std Z+1,r24
 1773 06f4 3196      		adiw r30,1
 1774 06f6 83E0      		ldi r24,lo8(3)
 1775 06f8 60E0      		ldi r22,lo8(0)
 1776 06fa AF01      		movw r20,r30
 1777 06fc 21E0      		ldi r18,lo8(1)
 1778 06fe 0E94 0000 		call nRF24L01P_ReadWrite_Register
 1779               	.LM272:
 1780 0702 E091 0000 		lds r30,nRF24L01P
 1781 0706 F091 0000 		lds r31,(nRF24L01P)+1
 1782 070a 1182      		std Z+1,__zero_reg__
 1783 070c 3196      		adiw r30,1
 1784 070e 84E0      		ldi r24,lo8(4)
 1785 0710 60E0      		ldi r22,lo8(0)
 1786 0712 AF01      		movw r20,r30
 1787 0714 21E0      		ldi r18,lo8(1)
 1788 0716 0E94 0000 		call nRF24L01P_ReadWrite_Register
 1789               	.LM273:
 1790 071a E091 0000 		lds r30,nRF24L01P
 1791 071e F091 0000 		lds r31,(nRF24L01P)+1
 1792 0722 82E0      		ldi r24,lo8(2)
 1793 0724 8183      		std Z+1,r24
 1794 0726 3196      		adiw r30,1
 1795 0728 85E0      		ldi r24,lo8(5)
 1796 072a 60E0      		ldi r22,lo8(0)
 1797 072c AF01      		movw r20,r30
 1798 072e 21E0      		ldi r18,lo8(1)
 1799 0730 0E94 0000 		call nRF24L01P_ReadWrite_Register
 1800               	.LM274:
 1801 0734 E091 0000 		lds r30,nRF24L01P
 1802 0738 F091 0000 		lds r31,(nRF24L01P)+1
 1803 073c 86E0      		ldi r24,lo8(6)
 1804 073e 8183      		std Z+1,r24
 1805 0740 3196      		adiw r30,1
 1806 0742 60E0      		ldi r22,lo8(0)
 1807 0744 AF01      		movw r20,r30
 1808 0746 21E0      		ldi r18,lo8(1)
 1809 0748 0E94 0000 		call nRF24L01P_ReadWrite_Register
 1810               	.LM275:
 1811 074c E091 0000 		lds r30,nRF24L01P
 1812 0750 F091 0000 		lds r31,(nRF24L01P)+1
 1813 0754 1183      		std Z+1,r17
 1814 0756 3196      		adiw r30,1
 1815 0758 87E0      		ldi r24,lo8(7)
 1816 075a 60E0      		ldi r22,lo8(0)
 1817 075c AF01      		movw r20,r30
 1818 075e 21E0      		ldi r18,lo8(1)
 1819 0760 0E94 0000 		call nRF24L01P_ReadWrite_Register
 1820               	.LM276:
 1821 0764 E091 0000 		lds r30,nRF24L01P
 1822 0768 F091 0000 		lds r31,(nRF24L01P)+1
 1823 076c 10E2      		ldi r17,lo8(32)
 1824 076e 1183      		std Z+1,r17
 1825               	.LM277:
 1826 0770 3196      		adiw r30,1
 1827 0772 81E1      		ldi r24,lo8(17)
 1828 0774 60E0      		ldi r22,lo8(0)
 1829 0776 AF01      		movw r20,r30
 1830 0778 21E0      		ldi r18,lo8(1)
 1831 077a 0E94 0000 		call nRF24L01P_ReadWrite_Register
 1832               	.LM278:
 1833 077e E091 0000 		lds r30,nRF24L01P
 1834 0782 F091 0000 		lds r31,(nRF24L01P)+1
 1835 0786 1183      		std Z+1,r17
 1836               	.LM279:
 1837 0788 3196      		adiw r30,1
 1838 078a 82E1      		ldi r24,lo8(18)
 1839 078c 60E0      		ldi r22,lo8(0)
 1840 078e AF01      		movw r20,r30
 1841 0790 21E0      		ldi r18,lo8(1)
 1842 0792 0E94 0000 		call nRF24L01P_ReadWrite_Register
 1843               	.LM280:
 1844 0796 E091 0000 		lds r30,nRF24L01P
 1845 079a F091 0000 		lds r31,(nRF24L01P)+1
 1846 079e 1182      		std Z+1,__zero_reg__
 1847 07a0 3196      		adiw r30,1
 1848 07a2 8CE1      		ldi r24,lo8(28)
 1849 07a4 60E0      		ldi r22,lo8(0)
 1850 07a6 AF01      		movw r20,r30
 1851 07a8 21E0      		ldi r18,lo8(1)
 1852 07aa 0E94 0000 		call nRF24L01P_ReadWrite_Register
 1853               	.LM281:
 1854 07ae E091 0000 		lds r30,nRF24L01P
 1855 07b2 F091 0000 		lds r31,(nRF24L01P)+1
 1856 07b6 1182      		std Z+1,__zero_reg__
 1857 07b8 3196      		adiw r30,1
 1858 07ba 8DE1      		ldi r24,lo8(29)
 1859 07bc 60E0      		ldi r22,lo8(0)
 1860 07be AF01      		movw r20,r30
 1861 07c0 21E0      		ldi r18,lo8(1)
 1862 07c2 0E94 0000 		call nRF24L01P_ReadWrite_Register
 1863               	.LM282:
 1864 07c6 00E0      		ldi r16,lo8(.LC0)
 1865 07c8 10E0      		ldi r17,hi8(.LC0)
 1866 07ca 80E1      		ldi r24,lo8(16)
 1867 07cc 60E0      		ldi r22,lo8(0)
 1868 07ce A801      		movw r20,r16
 1869 07d0 25E0      		ldi r18,lo8(5)
 1870 07d2 0E94 0000 		call nRF24L01P_ReadWrite_Register
 1871               	.LM283:
 1872 07d6 8AE0      		ldi r24,lo8(10)
 1873 07d8 60E0      		ldi r22,lo8(0)
 1874 07da A801      		movw r20,r16
 1875 07dc 25E0      		ldi r18,lo8(5)
 1876 07de 0E94 0000 		call nRF24L01P_ReadWrite_Register
 1877               	.LM284:
 1878 07e2 8BE0      		ldi r24,lo8(11)
 1879 07e4 60E0      		ldi r22,lo8(0)
 1880 07e6 40E0      		ldi r20,lo8(.LC1)
 1881 07e8 50E0      		ldi r21,hi8(.LC1)
 1882 07ea 25E0      		ldi r18,lo8(5)
 1883 07ec 0E94 0000 		call nRF24L01P_ReadWrite_Register
 1884               	.LM285:
 1885 07f0 8CE0      		ldi r24,lo8(12)
 1886 07f2 60E0      		ldi r22,lo8(0)
 1887 07f4 40E0      		ldi r20,lo8(.LC2)
 1888 07f6 50E0      		ldi r21,hi8(.LC2)
 1889 07f8 25E0      		ldi r18,lo8(5)
 1890 07fa 0E94 0000 		call nRF24L01P_ReadWrite_Register
 1891               	.LM286:
 1892 07fe 8DE0      		ldi r24,lo8(13)
 1893 0800 60E0      		ldi r22,lo8(0)
 1894 0802 40E0      		ldi r20,lo8(.LC3)
 1895 0804 50E0      		ldi r21,hi8(.LC3)
 1896 0806 25E0      		ldi r18,lo8(5)
 1897 0808 0E94 0000 		call nRF24L01P_ReadWrite_Register
 1898               	.LM287:
 1899 080c 8EE0      		ldi r24,lo8(14)
 1900 080e 60E0      		ldi r22,lo8(0)
 1901 0810 40E0      		ldi r20,lo8(.LC4)
 1902 0812 50E0      		ldi r21,hi8(.LC4)
 1903 0814 25E0      		ldi r18,lo8(5)
 1904 0816 0E94 0000 		call nRF24L01P_ReadWrite_Register
 1905               	.LM288:
 1906 081a 8FE0      		ldi r24,lo8(15)
 1907 081c 60E0      		ldi r22,lo8(0)
 1908 081e 40E0      		ldi r20,lo8(.LC5)
 1909 0820 50E0      		ldi r21,hi8(.LC5)
 1910 0822 25E0      		ldi r18,lo8(5)
 1911 0824 0E94 0000 		call nRF24L01P_ReadWrite_Register
 1912               	.LBB274:
 1913               	.LBB275:
 1914               	.LM289:
 1915 0828 E091 0000 		lds r30,nRF24L01P
 1916 082c F091 0000 		lds r31,(nRF24L01P)+1
 1917 0830 80E2      		ldi r24,lo8(32)
 1918 0832 90E0      		ldi r25,hi8(32)
 1919 0834 9683      		std Z+6,r25
 1920 0836 8583      		std Z+5,r24
 1921               	.LBE275:
 1922               	.LBE274:
 1923               	.LM290:
 1924 0838 0E94 0000 		call nRF24L01P_Deep_Sleep
 1925               	/* epilogue start */
 1926               	.LM291:
 1927 083c 1F91      		pop r17
 1928 083e 0F91      		pop r16
 1929 0840 0895      		ret
 1930               	.LFE49:
 1932               	.global	nRF24L01P_Transmit_Basic
 1934               	nRF24L01P_Transmit_Basic:
 1935               	.LFB50:
 1936               	.LM292:
 1937               	.LVL87:
 1938 0842 FF92      		push r15
 1939 0844 0F93      		push r16
 1940 0846 1F93      		push r17
 1941               	/* prologue: function */
 1942               	/* frame size = 0 */
 1943 0848 8C01      		movw r16,r24
 1944 084a F62E      		mov r15,r22
 1945               	.LBB276:
 1946               	.LBB277:
 1947               	.LM293:
 1948 084c E091 0000 		lds r30,nRF24L01P
 1949 0850 F091 0000 		lds r31,(nRF24L01P)+1
 1950 0854 118A      		std Z+17,__zero_reg__
 1951 0856 108A      		std Z+16,__zero_reg__
 1952               	.LM294:
 1953 0858 128A      		std Z+18,__zero_reg__
 1954               	.LBE277:
 1955               	.LBE276:
 1956               	.LM295:
 1957 085a 0E94 0000 		call nRF24L01P_Set_Mode_Tx
 1958               	.LVL88:
 1959               	.LM296:
 1960 085e E091 0000 		lds r30,nRF24L01P
 1961 0862 F091 0000 		lds r31,(nRF24L01P)+1
 1962 0866 8381      		ldd r24,Z+3
 1963 0868 F801      		movw r30,r16
 1964 086a 838F      		std Z+27,r24
 1965               	.LM297:
 1966 086c E091 0000 		lds r30,nRF24L01P
 1967 0870 F091 0000 		lds r31,(nRF24L01P)+1
 1968 0874 8481      		ldd r24,Z+4
 1969 0876 F801      		movw r30,r16
 1970 0878 848F      		std Z+28,r24
 1971               	.LM298:
 1972 087a F58E      		std Z+29,r15
 1973               	.LM299:
 1974 087c C801      		movw r24,r16
 1975 087e 6EE1      		ldi r22,lo8(30)
 1976 0880 0E94 0000 		call nRF24L01P_Calcuate_CRC_Block
 1977               	.LM300:
 1978 0884 F801      		movw r30,r16
 1979 0886 968F      		std Z+30,r25
 1980               	.LM301:
 1981 0888 878F      		std Z+31,r24
 1982               	.LM302:
 1983 088a C801      		movw r24,r16
 1984 088c 0E94 0000 		call nRF24L01P_Write_Data_To_Transmit_Buffer
 1985               	.LBB278:
 1986               	.LBB279:
 1987               	.LM303:
 1988 0890 299A      		sbi 37-32,1
 1989               	.LBE279:
 1990               	.LBE278:
 1991               	.LM304:
 1992 0892 0E94 0000 		call nRF24L01P_Wait_Till_Transmission_Completes
 1993               	.LBB280:
 1994               	.LBB281:
 1995               	.LM305:
 1996 0896 2998      		cbi 37-32,1
 1997               	/* epilogue start */
 1998               	.LBE281:
 1999               	.LBE280:
 2000               	.LM306:
 2001 0898 1F91      		pop r17
 2002 089a 0F91      		pop r16
 2003               	.LVL89:
 2004 089c FF90      		pop r15
 2005               	.LVL90:
 2006 089e 0895      		ret
 2007               	.LFE50:
 2009               	.global	nRF24L01P_Recieve_Basic
 2011               	nRF24L01P_Recieve_Basic:
 2012               	.LFB51:
 2013               	.LM307:
 2014               	.LVL91:
 2015 08a0 DF92      		push r13
 2016 08a2 EF92      		push r14
 2017 08a4 FF92      		push r15
 2018 08a6 0F93      		push r16
 2019 08a8 1F93      		push r17
 2020 08aa CF93      		push r28
 2021 08ac DF93      		push r29
 2022               	/* prologue: function */
 2023               	/* frame size = 0 */
 2024 08ae 7C01      		movw r14,r24
 2025               	.LBB282:
 2026               	.LBB283:
 2027               	.LM308:
 2028 08b0 E091 0000 		lds r30,nRF24L01P
 2029 08b4 F091 0000 		lds r31,(nRF24L01P)+1
 2030 08b8 118A      		std Z+17,__zero_reg__
 2031 08ba 108A      		std Z+16,__zero_reg__
 2032               	.LM309:
 2033 08bc 128A      		std Z+18,__zero_reg__
 2034               	.LBE283:
 2035               	.LBE282:
 2036               	.LM310:
 2037 08be 1086      		std Z+8,__zero_reg__
 2038 08c0 1782      		std Z+7,__zero_reg__
 2039               	.LM311:
 2040 08c2 0E94 0000 		call nRF24L01P_Set_Mode_Rx
 2041               	.LVL92:
 2042               	.LBB284:
 2043               	.LBB285:
 2044               	.LBB286:
 2045               	.LBB287:
 2046               	.LM312:
 2047 08c6 75E8      		ldi r23,lo8(-123)
 2048 08c8 D72E      		mov r13,r23
 2049 08ca 00C0      		rjmp .L164
 2050               	.LVL93:
 2051               	.L167:
 2052               	.LBE287:
 2053               	.LBE286:
 2054               	.LBE285:
 2055               	.LBE284:
 2056               	.LM313:
 2057 08cc 0E94 0000 		call nRF24L01P_Receive_Buffer_Not_Empty
 2058 08d0 8823      		tst r24
 2059 08d2 01F0      		breq .L165
 2060               	.LM314:
 2061 08d4 C701      		movw r24,r14
 2062 08d6 0E94 0000 		call nRF24L01P_Read_Data_From_Receive_Buffer
 2063               	.LM315:
 2064 08da F701      		movw r30,r14
 2065 08dc D68D      		ldd r29,Z+30
 2066               	.LVL94:
 2067 08de C0E0      		ldi r28,lo8(0)
 2068               	.LVL95:
 2069               	.LM316:
 2070 08e0 078D      		ldd r16,Z+31
 2071 08e2 10E0      		ldi r17,lo8(0)
 2072               	.LVL96:
 2073 08e4 0C2B      		or r16,r28
 2074 08e6 1D2B      		or r17,r29
 2075               	.LVL97:
 2076               	.LM317:
 2077 08e8 C701      		movw r24,r14
 2078 08ea 6EE1      		ldi r22,lo8(30)
 2079 08ec 0E94 0000 		call nRF24L01P_Calcuate_CRC_Block
 2080               	.LM318:
 2081 08f0 0817      		cp r16,r24
 2082 08f2 1907      		cpc r17,r25
 2083 08f4 01F4      		brne .L165
 2084 08f6 81E0      		ldi r24,lo8(1)
 2085               	.LVL98:
 2086 08f8 00C0      		rjmp .L166
 2087               	.LVL99:
 2088               	.L165:
 2089               	.LBB291:
 2090               	.LBB290:
 2091               	.LBB289:
 2092               	.LBB288:
 2093               	.LM319:
 2094 08fa 8D2D      		mov r24,r13
 2095               	.LVL100:
 2096               	/* #APP */
 2097               	 ;  83 "c:/winavr-20100110/lib/gcc/../../avr/include/util/delay_basic.h" 1
 2098 08fc 8A95      		1: dec r24
 2099 08fe 01F4      		brne 1b
 2100               	 ;  0 "" 2
 2101               	/* #NOAPP */
 2102               	.LBE288:
 2103               	.LBE289:
 2104               	.LBE290:
 2105               	.LBE291:
 2106               	.LM320:
 2107 0900 E091 0000 		lds r30,nRF24L01P
 2108 0904 F091 0000 		lds r31,(nRF24L01P)+1
 2109 0908 8781      		ldd r24,Z+7
 2110 090a 9085      		ldd r25,Z+8
 2111               	.LVL101:
 2112 090c 0196      		adiw r24,1
 2113 090e 9087      		std Z+8,r25
 2114 0910 8783      		std Z+7,r24
 2115               	.L164:
 2116               	.LM321:
 2117 0912 E091 0000 		lds r30,nRF24L01P
 2118 0916 F091 0000 		lds r31,(nRF24L01P)+1
 2119 091a 2781      		ldd r18,Z+7
 2120 091c 3085      		ldd r19,Z+8
 2121 091e 8581      		ldd r24,Z+5
 2122 0920 9681      		ldd r25,Z+6
 2123 0922 2817      		cp r18,r24
 2124 0924 3907      		cpc r19,r25
 2125 0926 00F0      		brlo .L167
 2126 0928 80E0      		ldi r24,lo8(0)
 2127               	.LVL102:
 2128               	.L166:
 2129               	.LVL103:
 2130               	/* epilogue start */
 2131               	.LM322:
 2132 092a DF91      		pop r29
 2133 092c CF91      		pop r28
 2134 092e 1F91      		pop r17
 2135               	.LVL104:
 2136 0930 0F91      		pop r16
 2137               	.LVL105:
 2138 0932 FF90      		pop r15
 2139 0934 EF90      		pop r14
 2140               	.LVL106:
 2141 0936 DF90      		pop r13
 2142 0938 0895      		ret
 2143               	.LFE51:
 2145               	.global	nRF24L01P_Error_Handler
 2147               	nRF24L01P_Error_Handler:
 2148               	.LFB52:
 2149               	.LM323:
 2150               	/* prologue: function */
 2151               	/* frame size = 0 */
 2152               	.LBB292:
 2153               	.LBB293:
 2154               	.LBB294:
 2155               	.LBB295:
 2156               	.LM324:
 2157 093a E091 0000 		lds r30,nRF24L01P
 2158 093e F091 0000 		lds r31,(nRF24L01P)+1
 2159               	.LBE295:
 2160               	.LBE294:
 2161               	.LM325:
 2162 0942 8289      		ldd r24,Z+18
 2163 0944 8823      		tst r24
 2164 0946 01F0      		breq .L172
 2165               	.LBE293:
 2166               	.LBE292:
 2167               	.LBB296:
 2168               	.LBB297:
 2169               	.LM326:
 2170 0948 118A      		std Z+17,__zero_reg__
 2171 094a 108A      		std Z+16,__zero_reg__
 2172               	.LM327:
 2173 094c 128A      		std Z+18,__zero_reg__
 2174               	.LBE297:
 2175               	.LBE296:
 2176               	.LM328:
 2177 094e 0E94 0000 		call nRF24L01P_Disable
 2178               	.LM329:
 2179 0952 0E94 0000 		call nRF24L01P_Init
 2180               	.L172:
 2181 0956 0895      		ret
 2182               	.LFE52:
 2184               		.comm nRF24L01P_type,19,1
 2185               		.comm nRF24L01P,2,1
 2578               	.Letext0:
DEFINED SYMBOLS
                            *ABS*:00000000 nrf24l01p.c
C:\Users\farid\AppData\Local\Temp/ccQxa0Hk.s:2      *ABS*:0000003f __SREG__
C:\Users\farid\AppData\Local\Temp/ccQxa0Hk.s:3      *ABS*:0000003e __SP_H__
C:\Users\farid\AppData\Local\Temp/ccQxa0Hk.s:4      *ABS*:0000003d __SP_L__
C:\Users\farid\AppData\Local\Temp/ccQxa0Hk.s:5      *ABS*:00000034 __CCP__
C:\Users\farid\AppData\Local\Temp/ccQxa0Hk.s:6      *ABS*:00000000 __tmp_reg__
C:\Users\farid\AppData\Local\Temp/ccQxa0Hk.s:7      *ABS*:00000001 __zero_reg__
C:\Users\farid\AppData\Local\Temp/ccQxa0Hk.s:18     .text:00000000 nRF24L01P_Struct_Init
                            *COM*:00000013 nRF24L01P_type
                            *COM*:00000002 nRF24L01P
C:\Users\farid\AppData\Local\Temp/ccQxa0Hk.s:72     .text:00000062 nRF24L01P_CSN_High
C:\Users\farid\AppData\Local\Temp/ccQxa0Hk.s:86     .text:00000066 nRF24L01P_CSN_Low
C:\Users\farid\AppData\Local\Temp/ccQxa0Hk.s:100    .text:0000006a nRF24L01P_CE_High
C:\Users\farid\AppData\Local\Temp/ccQxa0Hk.s:114    .text:0000006e nRF24L01P_CE_Low
C:\Users\farid\AppData\Local\Temp/ccQxa0Hk.s:128    .text:00000072 nRF24L01P_Enable_GPIO
C:\Users\farid\AppData\Local\Temp/ccQxa0Hk.s:162    .text:00000084 nRF24L01P_Disable_GPIO
C:\Users\farid\AppData\Local\Temp/ccQxa0Hk.s:192    .text:00000092 nRF24L01P_Enable_SPI
C:\Users\farid\AppData\Local\Temp/ccQxa0Hk.s:210    .text:0000009c nRF24L01P_Disable_SPI
C:\Users\farid\AppData\Local\Temp/ccQxa0Hk.s:226    .text:000000a2 nRF24L01P_Enable
C:\Users\farid\AppData\Local\Temp/ccQxa0Hk.s:250    .text:000000b0 nRF24L01P_Disable
C:\Users\farid\AppData\Local\Temp/ccQxa0Hk.s:272    .text:000000ba nRF24L01P_Error_Clear
C:\Users\farid\AppData\Local\Temp/ccQxa0Hk.s:291    .text:000000ca nRF24L01P_Get_Error
C:\Users\farid\AppData\Local\Temp/ccQxa0Hk.s:307    .text:000000d6 nRF24L01P_No_Error
C:\Users\farid\AppData\Local\Temp/ccQxa0Hk.s:329    .text:000000ec nRF24L01P_Error_Timeout
C:\Users\farid\AppData\Local\Temp/ccQxa0Hk.s:379    .text:00000116 nRF24L01P_SPI_Transfer
C:\Users\farid\AppData\Local\Temp/ccQxa0Hk.s:452    .text:00000154 nRF24L01P_Calcuate_CRC
C:\Users\farid\AppData\Local\Temp/ccQxa0Hk.s:506    .text:00000180 nRF24L01P_Calcuate_CRC_Block
C:\Users\farid\AppData\Local\Temp/ccQxa0Hk.s:558    .text:000001b0 nRF24L01P_ReadWrite_Register
C:\Users\farid\AppData\Local\Temp/ccQxa0Hk.s:669    .text:00000226 nRF24L01P_Flush_Transmit_Buffer
C:\Users\farid\AppData\Local\Temp/ccQxa0Hk.s:702    .text:00000244 nRF24L01P_Write_Data_To_Transmit_Buffer
C:\Users\farid\AppData\Local\Temp/ccQxa0Hk.s:732    .text:00000260 nRF24L01P_Transmit_Buffer_Empty
C:\Users\farid\AppData\Local\Temp/ccQxa0Hk.s:780    .text:0000029c nRF24L01P_Wait_Till_Transmission_Completes
C:\Users\farid\AppData\Local\Temp/ccQxa0Hk.s:835    .text:000002c4 nRF24L01P_Flush_Receive_Buffer
C:\Users\farid\AppData\Local\Temp/ccQxa0Hk.s:868    .text:000002e2 nRF24L01P_Read_Data_From_Receive_Buffer
C:\Users\farid\AppData\Local\Temp/ccQxa0Hk.s:898    .text:000002fe nRF24L01P_Receive_Buffer_Not_Empty
C:\Users\farid\AppData\Local\Temp/ccQxa0Hk.s:941    .text:00000330 nRF24L01P_Get_Mode
C:\Users\farid\AppData\Local\Temp/ccQxa0Hk.s:999    .text:00000372 nRF24L01P_Set_Mode_Sleep
C:\Users\farid\AppData\Local\Temp/ccQxa0Hk.s:1039   .text:0000039e nRF24L01P_Set_Mode_Tx
C:\Users\farid\AppData\Local\Temp/ccQxa0Hk.s:1088   .text:000003d2 nRF24L01P_Set_Mode_Rx
C:\Users\farid\AppData\Local\Temp/ccQxa0Hk.s:1135   .text:00000402 nRF24L01P_ReadModifyWrite
C:\Users\farid\AppData\Local\Temp/ccQxa0Hk.s:1225   .text:0000047e nRF24L01P_Get_Channel
C:\Users\farid\AppData\Local\Temp/ccQxa0Hk.s:1265   .text:000004aa nRF24L01P_Set_Channel
C:\Users\farid\AppData\Local\Temp/ccQxa0Hk.s:1311   .text:000004d4 nRF24L01P_Get_Speed
C:\Users\farid\AppData\Local\Temp/ccQxa0Hk.s:1385   .text:0000052a nRF24L01P_Set_Speed
C:\Users\farid\AppData\Local\Temp/ccQxa0Hk.s:1465   .text:0000058c nRF24L01P_Get_Tx_Power
C:\Users\farid\AppData\Local\Temp/ccQxa0Hk.s:1509   .text:000005be nRF24L01P_Set_Tx_Power
C:\Users\farid\AppData\Local\Temp/ccQxa0Hk.s:1599   .text:0000062c nRF24L01P_Set_Own_Address
C:\Users\farid\AppData\Local\Temp/ccQxa0Hk.s:1616   .text:00000638 nRF24L01P_Set_Destination_Address
C:\Users\farid\AppData\Local\Temp/ccQxa0Hk.s:1633   .text:00000644 nRF24L01P_Set_Receive_Timeout
C:\Users\farid\AppData\Local\Temp/ccQxa0Hk.s:1651   .text:00000652 nRF24L01P_Set_MaxRetransmission
C:\Users\farid\AppData\Local\Temp/ccQxa0Hk.s:1669   .text:00000660 nRF24L01P_Deep_Sleep
C:\Users\farid\AppData\Local\Temp/ccQxa0Hk.s:1690   .text:00000678 nRF24L01P_WakeUp
C:\Users\farid\AppData\Local\Temp/ccQxa0Hk.s:1725   .text:00000690 nRF24L01P_Init
C:\Users\farid\AppData\Local\Temp/ccQxa0Hk.s:1934   .text:00000842 nRF24L01P_Transmit_Basic
C:\Users\farid\AppData\Local\Temp/ccQxa0Hk.s:2011   .text:000008a0 nRF24L01P_Recieve_Basic
C:\Users\farid\AppData\Local\Temp/ccQxa0Hk.s:2147   .text:0000093a nRF24L01P_Error_Handler

UNDEFINED SYMBOLS
__do_copy_data
__do_clear_bss
