   1               		.file	"sensors.c"
   2               	__SREG__ = 0x3f
   3               	__SP_H__ = 0x3e
   4               	__SP_L__ = 0x3d
   5               	__CCP__  = 0x34
   6               	__tmp_reg__ = 0
   7               	__zero_reg__ = 1
  15               	.Ltext0:
  16               	.global	Sensors_HDC1080_Struct_Init
  18               	Sensors_HDC1080_Struct_Init:
  19               	.LFB6:
  20               	.LM1:
  21               	/* prologue: function */
  22               	/* frame size = 0 */
  23               	.LM2:
  24 0000 1092 0000 		sts HDC1080,__zero_reg__
  25               	.LM3:
  26 0004 1092 0000 		sts HDC1080+4,__zero_reg__
  27               	.LM4:
  28 0008 1092 0000 		sts (HDC1080+5)+1,__zero_reg__
  29 000c 1092 0000 		sts HDC1080+5,__zero_reg__
  30               	.LM5:
  31 0010 1092 0000 		sts (HDC1080+7)+1,__zero_reg__
  32 0014 1092 0000 		sts HDC1080+7,__zero_reg__
  33               	.LM6:
  34 0018 1092 0000 		sts (HDC1080+9)+1,__zero_reg__
  35 001c 1092 0000 		sts HDC1080+9,__zero_reg__
  36               	.LM7:
  37 0020 1092 0000 		sts HDC1080+11,__zero_reg__
  38               	.LM8:
  39 0024 1092 0000 		sts HDC1080+12,__zero_reg__
  40               	.LM9:
  41 0028 1092 0000 		sts HDC1080+13,__zero_reg__
  42               	/* epilogue start */
  43               	.LM10:
  44 002c 0895      		ret
  45               	.LFE6:
  47               	.global	Sensors_Init
  49               	Sensors_Init:
  50               	.LFB7:
  51               	.LM11:
  52               	/* prologue: function */
  53               	/* frame size = 0 */
  54               	.LM12:
  55 002e 0E94 0000 		call Sensors_HDC1080_Struct_Init
  56               	.LM13:
  57 0032 5B9A      		sbi 43-32,3
  58               	.LM14:
  59 0034 539A      		sbi 42-32,3
  60               	.LM15:
  61 0036 4598      		cbi 40-32,5
  62               	.LM16:
  63 0038 3D98      		cbi 39-32,5
  64               	.LM17:
  65 003a 4498      		cbi 40-32,4
  66               	.LM18:
  67 003c 3C98      		cbi 39-32,4
  68               	/* epilogue start */
  69               	.LM19:
  70 003e 0895      		ret
  71               	.LFE7:
  73               	.global	Sensors_I2C_SCL_State_Set
  75               	Sensors_I2C_SCL_State_Set:
  76               	.LFB8:
  77               	.LM20:
  78               	.LVL0:
  79               	/* prologue: function */
  80               	/* frame size = 0 */
  81               	.LM21:
  82 0040 8130      		cpi r24,lo8(1)
  83 0042 01F4      		brne .L6
  84               	.LM22:
  85 0044 3D98      		cbi 39-32,5
  86               	.LM23:
  87 0046 8093 0000 		sts HDC1080+2,r24
  88 004a 0895      		ret
  89               	.L6:
  90               	.LM24:
  91 004c 8823      		tst r24
  92 004e 01F4      		brne .L8
  93               	.LM25:
  94 0050 3D9A      		sbi 39-32,5
  95               	.LM26:
  96 0052 1092 0000 		sts HDC1080+2,__zero_reg__
  97               	.L8:
  98 0056 0895      		ret
  99               	.LFE8:
 101               	.global	Sensors_I2C_SDA_State_Set
 103               	Sensors_I2C_SDA_State_Set:
 104               	.LFB9:
 105               	.LM27:
 106               	.LVL1:
 107               	/* prologue: function */
 108               	/* frame size = 0 */
 109               	.LM28:
 110 0058 8130      		cpi r24,lo8(1)
 111 005a 01F4      		brne .L10
 112               	.LM29:
 113 005c 3C98      		cbi 39-32,4
 114               	.LM30:
 115 005e 8093 0000 		sts HDC1080+3,r24
 116 0062 0895      		ret
 117               	.L10:
 118               	.LM31:
 119 0064 8823      		tst r24
 120 0066 01F4      		brne .L12
 121               	.LM32:
 122 0068 3C9A      		sbi 39-32,4
 123               	.LM33:
 124 006a 1092 0000 		sts HDC1080+3,__zero_reg__
 125               	.L12:
 126 006e 0895      		ret
 127               	.LFE9:
 129               	.global	Sensors_I2C_SDA_State_Get
 131               	Sensors_I2C_SDA_State_Get:
 132               	.LFB10:
 133               	.LM34:
 134               	/* prologue: function */
 135               	/* frame size = 0 */
 136               	.LM35:
 137 0070 3C9B      		sbis 39-32,4
 138 0072 00C0      		rjmp .L14
 139               	.LM36:
 140 0074 3C98      		cbi 39-32,4
 141               	.LBB294:
 142               	.LBB295:
 143               	.LBB296:
 144               	.LBB297:
 145               	.LM37:
 146 0076 86E0      		ldi r24,lo8(6)
 147               	.LVL2:
 148               	/* #APP */
 149               	 ;  83 "c:/winavr-20100110/lib/gcc/../../avr/include/util/delay_basic.h" 1
 150 0078 8A95      		1: dec r24
 151 007a 01F4      		brne 1b
 152               	 ;  0 "" 2
 153               	/* #NOAPP */
 154               	.L14:
 155               	.LBE297:
 156               	.LBE296:
 157               	.LBE295:
 158               	.LBE294:
 159               	.LM38:
 160 007c 86B1      		in r24,38-32
 161               	.LVL3:
 162 007e 90E0      		ldi r25,lo8(0)
 163 0080 24E0      		ldi r18,4
 164 0082 9695      	1:	lsr r25
 165 0084 8795      		ror r24
 166 0086 2A95      		dec r18
 167 0088 01F4      		brne 1b
 168               	.LM39:
 169 008a 8170      		andi r24,lo8(1)
 170               	/* epilogue start */
 171 008c 0895      		ret
 172               	.LFE10:
 174               	.global	Sensors_I2C_Bus_Idle
 176               	Sensors_I2C_Bus_Idle:
 177               	.LFB11:
 178               	.LM40:
 179               	/* prologue: function */
 180               	/* frame size = 0 */
 181               	.LM41:
 182 008e 3D99      		sbic 39-32,5
 183 0090 00C0      		rjmp .L17
 184 0092 80E0      		ldi r24,lo8(0)
 185 0094 0895      		ret
 186               	.L17:
 187 0096 87B1      		in r24,39-32
 188 0098 90E0      		ldi r25,lo8(0)
 189 009a 34E0      		ldi r19,4
 190 009c 9695      	1:	lsr r25
 191 009e 8795      		ror r24
 192 00a0 3A95      		dec r19
 193 00a2 01F4      		brne 1b
 194 00a4 8170      		andi r24,lo8(1)
 195               	.LM42:
 196 00a6 0895      		ret
 197               	.LFE11:
 199               	.global	Sensors_HDC1080_I2C_Start
 201               	Sensors_HDC1080_I2C_Start:
 202               	.LFB12:
 203               	.LM43:
 204 00a8 1F93      		push r17
 205               	/* prologue: function */
 206               	/* frame size = 0 */
 207               	.LM44:
 208 00aa 8091 0000 		lds r24,HDC1080+12
 209 00ae 8823      		tst r24
 210 00b0 01F4      		brne .L22
 211               	.LM45:
 212 00b2 81E0      		ldi r24,lo8(1)
 213 00b4 0E94 0000 		call Sensors_I2C_SCL_State_Set
 214               	.LBB298:
 215               	.LBB299:
 216               	.LBB300:
 217               	.LBB301:
 218               	.LM46:
 219 00b8 16E0      		ldi r17,lo8(6)
 220 00ba 812F      		mov r24,r17
 221               	.LVL4:
 222               	/* #APP */
 223               	 ;  83 "c:/winavr-20100110/lib/gcc/../../avr/include/util/delay_basic.h" 1
 224 00bc 8A95      		1: dec r24
 225 00be 01F4      		brne 1b
 226               	 ;  0 "" 2
 227               	/* #NOAPP */
 228               	.LBE301:
 229               	.LBE300:
 230               	.LBE299:
 231               	.LBE298:
 232               	.LM47:
 233 00c0 81E0      		ldi r24,lo8(1)
 234               	.LVL5:
 235 00c2 0E94 0000 		call Sensors_I2C_SDA_State_Set
 236               	.LBB302:
 237               	.LBB303:
 238               	.LBB304:
 239               	.LBB305:
 240               	.LM48:
 241 00c6 812F      		mov r24,r17
 242               	.LVL6:
 243               	/* #APP */
 244               	 ;  83 "c:/winavr-20100110/lib/gcc/../../avr/include/util/delay_basic.h" 1
 245 00c8 8A95      		1: dec r24
 246 00ca 01F4      		brne 1b
 247               	 ;  0 "" 2
 248               	/* #NOAPP */
 249               	.LBE305:
 250               	.LBE304:
 251               	.LBE303:
 252               	.LBE302:
 253               	.LM49:
 254 00cc 80E0      		ldi r24,lo8(0)
 255               	.LVL7:
 256 00ce 0E94 0000 		call Sensors_I2C_SDA_State_Set
 257               	.LBB306:
 258               	.LBB307:
 259               	.LBB308:
 260               	.LBB309:
 261               	.LM50:
 262 00d2 812F      		mov r24,r17
 263               	.LVL8:
 264               	/* #APP */
 265               	 ;  83 "c:/winavr-20100110/lib/gcc/../../avr/include/util/delay_basic.h" 1
 266 00d4 8A95      		1: dec r24
 267 00d6 01F4      		brne 1b
 268               	 ;  0 "" 2
 269               	/* #NOAPP */
 270               	.LBE309:
 271               	.LBE308:
 272               	.LBE307:
 273               	.LBE306:
 274               	.LM51:
 275 00d8 80E0      		ldi r24,lo8(0)
 276               	.LVL9:
 277 00da 0E94 0000 		call Sensors_I2C_SCL_State_Set
 278               	.LBB310:
 279               	.LBB311:
 280               	.LBB312:
 281               	.LBB313:
 282               	.LM52:
 283               	/* #APP */
 284               	 ;  83 "c:/winavr-20100110/lib/gcc/../../avr/include/util/delay_basic.h" 1
 285 00de 1A95      		1: dec r17
 286 00e0 01F4      		brne 1b
 287               	 ;  0 "" 2
 288               	.LVL10:
 289               	/* #NOAPP */
 290               	.L22:
 291               	/* epilogue start */
 292               	.LBE313:
 293               	.LBE312:
 294               	.LBE311:
 295               	.LBE310:
 296               	.LM53:
 297 00e2 1F91      		pop r17
 298               	.LVL11:
 299 00e4 0895      		ret
 300               	.LFE12:
 302               	.global	Sensors_HDC1080_I2C_Stop
 304               	Sensors_HDC1080_I2C_Stop:
 305               	.LFB13:
 306               	.LM54:
 307 00e6 1F93      		push r17
 308               	/* prologue: function */
 309               	/* frame size = 0 */
 310               	.LM55:
 311 00e8 8091 0000 		lds r24,HDC1080+12
 312 00ec 8823      		tst r24
 313 00ee 01F4      		brne .L27
 314               	.LM56:
 315 00f0 3D99      		sbic 39-32,5
 316 00f2 00C0      		rjmp .L25
 317               	.LM57:
 318 00f4 0E94 0000 		call Sensors_I2C_SCL_State_Set
 319               	.LBB314:
 320               	.LBB315:
 321               	.LBB316:
 322               	.LBB317:
 323               	.LM58:
 324 00f8 86E0      		ldi r24,lo8(6)
 325               	.LVL12:
 326               	/* #APP */
 327               	 ;  83 "c:/winavr-20100110/lib/gcc/../../avr/include/util/delay_basic.h" 1
 328 00fa 8A95      		1: dec r24
 329 00fc 01F4      		brne 1b
 330               	 ;  0 "" 2
 331               	/* #NOAPP */
 332               	.L25:
 333               	.LBE317:
 334               	.LBE316:
 335               	.LBE315:
 336               	.LBE314:
 337               	.LM59:
 338 00fe 3C99      		sbic 39-32,4
 339 0100 00C0      		rjmp .L26
 340               	.LM60:
 341 0102 80E0      		ldi r24,lo8(0)
 342               	.LVL13:
 343 0104 0E94 0000 		call Sensors_I2C_SDA_State_Set
 344               	.LBB318:
 345               	.LBB319:
 346               	.LBB320:
 347               	.LBB321:
 348               	.LM61:
 349 0108 86E0      		ldi r24,lo8(6)
 350               	.LVL14:
 351               	/* #APP */
 352               	 ;  83 "c:/winavr-20100110/lib/gcc/../../avr/include/util/delay_basic.h" 1
 353 010a 8A95      		1: dec r24
 354 010c 01F4      		brne 1b
 355               	 ;  0 "" 2
 356               	.LVL15:
 357               	/* #NOAPP */
 358               	.L26:
 359               	.LBE321:
 360               	.LBE320:
 361               	.LBE319:
 362               	.LBE318:
 363               	.LM62:
 364 010e 81E0      		ldi r24,lo8(1)
 365               	.LVL16:
 366 0110 0E94 0000 		call Sensors_I2C_SCL_State_Set
 367               	.LBB322:
 368               	.LBB323:
 369               	.LBB324:
 370               	.LBB325:
 371               	.LM63:
 372 0114 16E0      		ldi r17,lo8(6)
 373 0116 812F      		mov r24,r17
 374               	.LVL17:
 375               	/* #APP */
 376               	 ;  83 "c:/winavr-20100110/lib/gcc/../../avr/include/util/delay_basic.h" 1
 377 0118 8A95      		1: dec r24
 378 011a 01F4      		brne 1b
 379               	 ;  0 "" 2
 380               	/* #NOAPP */
 381               	.LBE325:
 382               	.LBE324:
 383               	.LBE323:
 384               	.LBE322:
 385               	.LM64:
 386 011c 81E0      		ldi r24,lo8(1)
 387               	.LVL18:
 388 011e 0E94 0000 		call Sensors_I2C_SDA_State_Set
 389               	.LBB326:
 390               	.LBB327:
 391               	.LBB328:
 392               	.LBB329:
 393               	.LM65:
 394               	/* #APP */
 395               	 ;  83 "c:/winavr-20100110/lib/gcc/../../avr/include/util/delay_basic.h" 1
 396 0122 1A95      		1: dec r17
 397 0124 01F4      		brne 1b
 398               	 ;  0 "" 2
 399               	.LVL19:
 400               	/* #NOAPP */
 401               	.L27:
 402               	/* epilogue start */
 403               	.LBE329:
 404               	.LBE328:
 405               	.LBE327:
 406               	.LBE326:
 407               	.LM66:
 408 0126 1F91      		pop r17
 409               	.LVL20:
 410 0128 0895      		ret
 411               	.LFE13:
 413               	.global	Sensors_HDC1080_I2C_Forced_Stop_Clear_Error
 415               	Sensors_HDC1080_I2C_Forced_Stop_Clear_Error:
 416               	.LFB14:
 417               	.LM67:
 418 012a 1F93      		push r17
 419               	/* prologue: function */
 420               	/* frame size = 0 */
 421               	.LM68:
 422 012c 8091 0000 		lds r24,HDC1080+12
 423 0130 8823      		tst r24
 424 0132 01F0      		breq .L31
 425               	.LM69:
 426 0134 0E94 0000 		call Sensors_I2C_Bus_Idle
 427 0138 8823      		tst r24
 428 013a 01F4      		brne .L30
 429               	.LM70:
 430 013c 0E94 0000 		call Sensors_I2C_SCL_State_Set
 431               	.LBB330:
 432               	.LBB331:
 433               	.LBB332:
 434               	.LBB333:
 435               	.LM71:
 436 0140 16E0      		ldi r17,lo8(6)
 437 0142 812F      		mov r24,r17
 438               	.LVL21:
 439               	/* #APP */
 440               	 ;  83 "c:/winavr-20100110/lib/gcc/../../avr/include/util/delay_basic.h" 1
 441 0144 8A95      		1: dec r24
 442 0146 01F4      		brne 1b
 443               	 ;  0 "" 2
 444               	/* #NOAPP */
 445               	.LBE333:
 446               	.LBE332:
 447               	.LBE331:
 448               	.LBE330:
 449               	.LM72:
 450 0148 80E0      		ldi r24,lo8(0)
 451               	.LVL22:
 452 014a 0E94 0000 		call Sensors_I2C_SDA_State_Set
 453               	.LBB334:
 454               	.LBB335:
 455               	.LBB336:
 456               	.LBB337:
 457               	.LM73:
 458 014e 812F      		mov r24,r17
 459               	.LVL23:
 460               	/* #APP */
 461               	 ;  83 "c:/winavr-20100110/lib/gcc/../../avr/include/util/delay_basic.h" 1
 462 0150 8A95      		1: dec r24
 463 0152 01F4      		brne 1b
 464               	 ;  0 "" 2
 465               	/* #NOAPP */
 466               	.LBE337:
 467               	.LBE336:
 468               	.LBE335:
 469               	.LBE334:
 470               	.LM74:
 471 0154 81E0      		ldi r24,lo8(1)
 472               	.LVL24:
 473 0156 0E94 0000 		call Sensors_I2C_SCL_State_Set
 474               	.LBB338:
 475               	.LBB339:
 476               	.LBB340:
 477               	.LBB341:
 478               	.LM75:
 479 015a 812F      		mov r24,r17
 480               	.LVL25:
 481               	/* #APP */
 482               	 ;  83 "c:/winavr-20100110/lib/gcc/../../avr/include/util/delay_basic.h" 1
 483 015c 8A95      		1: dec r24
 484 015e 01F4      		brne 1b
 485               	 ;  0 "" 2
 486               	/* #NOAPP */
 487               	.LBE341:
 488               	.LBE340:
 489               	.LBE339:
 490               	.LBE338:
 491               	.LM76:
 492 0160 81E0      		ldi r24,lo8(1)
 493               	.LVL26:
 494 0162 0E94 0000 		call Sensors_I2C_SDA_State_Set
 495               	.LBB342:
 496               	.LBB343:
 497               	.LBB344:
 498               	.LBB345:
 499               	.LM77:
 500               	/* #APP */
 501               	 ;  83 "c:/winavr-20100110/lib/gcc/../../avr/include/util/delay_basic.h" 1
 502 0166 1A95      		1: dec r17
 503 0168 01F4      		brne 1b
 504               	 ;  0 "" 2
 505               	.LVL27:
 506               	/* #NOAPP */
 507               	.L30:
 508               	.LBE345:
 509               	.LBE344:
 510               	.LBE343:
 511               	.LBE342:
 512               	.LM78:
 513 016a 8091 0000 		lds r24,HDC1080+12
 514 016e 8093 0000 		sts HDC1080+13,r24
 515               	.LM79:
 516 0172 1092 0000 		sts HDC1080+12,__zero_reg__
 517               	.L31:
 518               	/* epilogue start */
 519               	.LM80:
 520 0176 1F91      		pop r17
 521               	.LVL28:
 522 0178 0895      		ret
 523               	.LFE14:
 525               	.global	Sensors_HDC1080_I2C_Send
 527               	Sensors_HDC1080_I2C_Send:
 528               	.LFB15:
 529               	.LM81:
 530               	.LVL29:
 531 017a FF92      		push r15
 532 017c 0F93      		push r16
 533 017e 1F93      		push r17
 534               	/* prologue: function */
 535               	/* frame size = 0 */
 536 0180 082F      		mov r16,r24
 537               	.LM82:
 538 0182 8091 0000 		lds r24,HDC1080+12
 539               	.LVL30:
 540 0186 8823      		tst r24
 541 0188 01F4      		brne .L37
 542 018a 10E0      		ldi r17,lo8(0)
 543               	.LVL31:
 544               	.LBB346:
 545               	.LBB347:
 546               	.LBB348:
 547               	.LBB349:
 548               	.LBB350:
 549               	.LM83:
 550 018c 46E0      		ldi r20,lo8(6)
 551 018e F42E      		mov r15,r20
 552               	.LVL32:
 553               	.L36:
 554               	.LBE350:
 555               	.LBE349:
 556               	.LBE348:
 557               	.LBE347:
 558               	.LM84:
 559 0190 07FF      		sbrs r16,7
 560 0192 00C0      		rjmp .L34
 561               	.LM85:
 562 0194 81E0      		ldi r24,lo8(1)
 563               	.LVL33:
 564 0196 00C0      		rjmp .L38
 565               	.LVL34:
 566               	.L34:
 567               	.LM86:
 568 0198 80E0      		ldi r24,lo8(0)
 569               	.LVL35:
 570               	.L38:
 571 019a 0E94 0000 		call Sensors_I2C_SDA_State_Set
 572               	.LBB354:
 573               	.LBB353:
 574               	.LBB352:
 575               	.LBB351:
 576               	.LM87:
 577 019e 8F2D      		mov r24,r15
 578               	.LVL36:
 579               	/* #APP */
 580               	 ;  83 "c:/winavr-20100110/lib/gcc/../../avr/include/util/delay_basic.h" 1
 581 01a0 8A95      		1: dec r24
 582 01a2 01F4      		brne 1b
 583               	 ;  0 "" 2
 584               	/* #NOAPP */
 585               	.LBE351:
 586               	.LBE352:
 587               	.LBE353:
 588               	.LBE354:
 589               	.LM88:
 590 01a4 81E0      		ldi r24,lo8(1)
 591               	.LVL37:
 592 01a6 0E94 0000 		call Sensors_I2C_SCL_State_Set
 593               	.LBB355:
 594               	.LBB356:
 595               	.LBB357:
 596               	.LBB358:
 597               	.LM89:
 598 01aa 8F2D      		mov r24,r15
 599               	.LVL38:
 600               	/* #APP */
 601               	 ;  83 "c:/winavr-20100110/lib/gcc/../../avr/include/util/delay_basic.h" 1
 602 01ac 8A95      		1: dec r24
 603 01ae 01F4      		brne 1b
 604               	 ;  0 "" 2
 605               	/* #NOAPP */
 606               	.LBE358:
 607               	.LBE357:
 608               	.LBE356:
 609               	.LBE355:
 610               	.LM90:
 611 01b0 80E0      		ldi r24,lo8(0)
 612               	.LVL39:
 613 01b2 0E94 0000 		call Sensors_I2C_SCL_State_Set
 614               	.LBB359:
 615               	.LBB360:
 616               	.LBB361:
 617               	.LBB362:
 618               	.LM91:
 619 01b6 8F2D      		mov r24,r15
 620               	.LVL40:
 621               	/* #APP */
 622               	 ;  83 "c:/winavr-20100110/lib/gcc/../../avr/include/util/delay_basic.h" 1
 623 01b8 8A95      		1: dec r24
 624 01ba 01F4      		brne 1b
 625               	 ;  0 "" 2
 626               	/* #NOAPP */
 627               	.LBE362:
 628               	.LBE361:
 629               	.LBE360:
 630               	.LBE359:
 631               	.LM92:
 632 01bc 1F5F      		subi r17,lo8(-(1))
 633 01be 1830      		cpi r17,lo8(8)
 634 01c0 01F0      		breq .L37
 635               	.LM93:
 636 01c2 000F      		lsl r16
 637 01c4 00C0      		rjmp .L36
 638               	.L37:
 639               	/* epilogue start */
 640               	.LBE346:
 641               	.LM94:
 642 01c6 1F91      		pop r17
 643               	.LVL41:
 644 01c8 0F91      		pop r16
 645               	.LVL42:
 646 01ca FF90      		pop r15
 647 01cc 0895      		ret
 648               	.LFE15:
 650               	.global	Sensors_HDC1080_I2C_Receive
 652               	Sensors_HDC1080_I2C_Receive:
 653               	.LFB16:
 654               	.LM95:
 655 01ce FF92      		push r15
 656 01d0 0F93      		push r16
 657 01d2 1F93      		push r17
 658               	/* prologue: function */
 659               	/* frame size = 0 */
 660               	.LM96:
 661 01d4 8091 0000 		lds r24,HDC1080+12
 662 01d8 8823      		tst r24
 663 01da 01F0      		breq .L40
 664 01dc 10E0      		ldi r17,lo8(0)
 665               	.LVL43:
 666 01de 00C0      		rjmp .L41
 667               	.LVL44:
 668               	.L40:
 669               	.LM97:
 670 01e0 81E0      		ldi r24,lo8(1)
 671 01e2 0E94 0000 		call Sensors_I2C_SDA_State_Set
 672               	.LBB363:
 673               	.LBB364:
 674               	.LBB365:
 675               	.LBB366:
 676               	.LM98:
 677 01e6 86E0      		ldi r24,lo8(6)
 678               	.LVL45:
 679               	/* #APP */
 680               	 ;  83 "c:/winavr-20100110/lib/gcc/../../avr/include/util/delay_basic.h" 1
 681 01e8 8A95      		1: dec r24
 682 01ea 01F4      		brne 1b
 683               	 ;  0 "" 2
 684               	/* #NOAPP */
 685 01ec 10E0      		ldi r17,lo8(0)
 686               	.LVL46:
 687 01ee 00E0      		ldi r16,lo8(0)
 688               	.LVL47:
 689               	.LBE366:
 690               	.LBE365:
 691               	.LBE364:
 692               	.LBE363:
 693               	.LBB367:
 694               	.LBB368:
 695               	.LBB369:
 696               	.LBB370:
 697               	.LBB371:
 698 01f0 56E0      		ldi r21,lo8(6)
 699 01f2 F52E      		mov r15,r21
 700               	.LVL48:
 701               	.L43:
 702               	.LBE371:
 703               	.LBE370:
 704               	.LBE369:
 705               	.LBE368:
 706               	.LM99:
 707 01f4 110F      		lsl r17
 708               	.LM100:
 709 01f6 0E94 0000 		call Sensors_I2C_SDA_State_Get
 710               	.LVL49:
 711 01fa 8130      		cpi r24,lo8(1)
 712 01fc 01F4      		brne .L42
 713               	.LM101:
 714 01fe 1160      		ori r17,lo8(1)
 715               	.L42:
 716               	.LM102:
 717 0200 81E0      		ldi r24,lo8(1)
 718 0202 0E94 0000 		call Sensors_I2C_SCL_State_Set
 719               	.LBB375:
 720               	.LBB374:
 721               	.LBB373:
 722               	.LBB372:
 723               	.LM103:
 724 0206 8F2D      		mov r24,r15
 725               	.LVL50:
 726               	/* #APP */
 727               	 ;  83 "c:/winavr-20100110/lib/gcc/../../avr/include/util/delay_basic.h" 1
 728 0208 8A95      		1: dec r24
 729 020a 01F4      		brne 1b
 730               	 ;  0 "" 2
 731               	/* #NOAPP */
 732               	.LBE372:
 733               	.LBE373:
 734               	.LBE374:
 735               	.LBE375:
 736               	.LM104:
 737 020c 80E0      		ldi r24,lo8(0)
 738               	.LVL51:
 739 020e 0E94 0000 		call Sensors_I2C_SCL_State_Set
 740               	.LBB376:
 741               	.LBB377:
 742               	.LBB378:
 743               	.LBB379:
 744               	.LM105:
 745 0212 8F2D      		mov r24,r15
 746               	.LVL52:
 747               	/* #APP */
 748               	 ;  83 "c:/winavr-20100110/lib/gcc/../../avr/include/util/delay_basic.h" 1
 749 0214 8A95      		1: dec r24
 750 0216 01F4      		brne 1b
 751               	 ;  0 "" 2
 752               	/* #NOAPP */
 753               	.LBE379:
 754               	.LBE378:
 755               	.LBE377:
 756               	.LBE376:
 757               	.LM106:
 758 0218 0F5F      		subi r16,lo8(-(1))
 759 021a 0830      		cpi r16,lo8(8)
 760 021c 01F4      		brne .L43
 761               	.L41:
 762               	.LBE367:
 763               	.LM107:
 764 021e 812F      		mov r24,r17
 765               	.LVL53:
 766               	/* epilogue start */
 767 0220 1F91      		pop r17
 768               	.LVL54:
 769 0222 0F91      		pop r16
 770               	.LVL55:
 771 0224 FF90      		pop r15
 772 0226 0895      		ret
 773               	.LFE16:
 775               	.global	Sensors_HDC1080_I2C_Check_Ack
 777               	Sensors_HDC1080_I2C_Check_Ack:
 778               	.LFB17:
 779               	.LM108:
 780 0228 1F93      		push r17
 781               	/* prologue: function */
 782               	/* frame size = 0 */
 783               	.LM109:
 784 022a 8091 0000 		lds r24,HDC1080+12
 785 022e 8823      		tst r24
 786 0230 01F4      		brne .L50
 787               	.LM110:
 788 0232 81E0      		ldi r24,lo8(1)
 789 0234 0E94 0000 		call Sensors_I2C_SDA_State_Set
 790               	.LBB380:
 791               	.LBB381:
 792               	.LBB382:
 793               	.LBB383:
 794               	.LM111:
 795 0238 12E0      		ldi r17,lo8(2)
 796 023a 812F      		mov r24,r17
 797               	.LVL56:
 798               	/* #APP */
 799               	 ;  83 "c:/winavr-20100110/lib/gcc/../../avr/include/util/delay_basic.h" 1
 800 023c 8A95      		1: dec r24
 801 023e 01F4      		brne 1b
 802               	 ;  0 "" 2
 803               	/* #NOAPP */
 804               	.LBE383:
 805               	.LBE382:
 806               	.LBE381:
 807               	.LBE380:
 808               	.LM112:
 809 0240 81E0      		ldi r24,lo8(1)
 810               	.LVL57:
 811 0242 0E94 0000 		call Sensors_I2C_SCL_State_Set
 812               	.LBB384:
 813               	.LBB385:
 814               	.LBB386:
 815               	.LBB387:
 816               	.LM113:
 817               	/* #APP */
 818               	 ;  83 "c:/winavr-20100110/lib/gcc/../../avr/include/util/delay_basic.h" 1
 819 0246 1A95      		1: dec r17
 820 0248 01F4      		brne 1b
 821               	 ;  0 "" 2
 822               	.LVL58:
 823               	/* #NOAPP */
 824               	.LBE387:
 825               	.LBE386:
 826               	.LBE385:
 827               	.LBE384:
 828               	.LM114:
 829 024a 0E94 0000 		call Sensors_I2C_SDA_State_Get
 830 024e 8823      		tst r24
 831 0250 01F4      		brne .L48
 832               	.LM115:
 833 0252 81E0      		ldi r24,lo8(1)
 834 0254 8093 0000 		sts HDC1080+1,r24
 835 0258 00C0      		rjmp .L49
 836               	.L48:
 837               	.LM116:
 838 025a 1092 0000 		sts HDC1080+1,__zero_reg__
 839               	.L49:
 840               	.LBB388:
 841               	.LBB389:
 842               	.LBB390:
 843               	.LBB391:
 844               	.LM117:
 845 025e 12E0      		ldi r17,lo8(2)
 846               	.LVL59:
 847 0260 812F      		mov r24,r17
 848               	.LVL60:
 849               	/* #APP */
 850               	 ;  83 "c:/winavr-20100110/lib/gcc/../../avr/include/util/delay_basic.h" 1
 851 0262 8A95      		1: dec r24
 852 0264 01F4      		brne 1b
 853               	 ;  0 "" 2
 854               	/* #NOAPP */
 855               	.LBE391:
 856               	.LBE390:
 857               	.LBE389:
 858               	.LBE388:
 859               	.LM118:
 860 0266 80E0      		ldi r24,lo8(0)
 861               	.LVL61:
 862 0268 0E94 0000 		call Sensors_I2C_SCL_State_Set
 863               	.LBB392:
 864               	.LBB393:
 865               	.LBB394:
 866               	.LBB395:
 867               	.LM119:
 868               	/* #APP */
 869               	 ;  83 "c:/winavr-20100110/lib/gcc/../../avr/include/util/delay_basic.h" 1
 870 026c 1A95      		1: dec r17
 871 026e 01F4      		brne 1b
 872               	 ;  0 "" 2
 873               	.LVL62:
 874               	/* #NOAPP */
 875               	.L50:
 876               	/* epilogue start */
 877               	.LBE395:
 878               	.LBE394:
 879               	.LBE393:
 880               	.LBE392:
 881               	.LM120:
 882 0270 1F91      		pop r17
 883               	.LVL63:
 884 0272 0895      		ret
 885               	.LFE17:
 887               	.global	Sensors_HDC1080_I2C_Send_Ack
 889               	Sensors_HDC1080_I2C_Send_Ack:
 890               	.LFB18:
 891               	.LM121:
 892 0274 1F93      		push r17
 893               	/* prologue: function */
 894               	/* frame size = 0 */
 895               	.LM122:
 896 0276 8091 0000 		lds r24,HDC1080+12
 897 027a 8823      		tst r24
 898 027c 01F4      		brne .L53
 899               	.LM123:
 900 027e 0E94 0000 		call Sensors_I2C_SDA_State_Set
 901               	.LBB396:
 902               	.LBB397:
 903               	.LBB398:
 904               	.LBB399:
 905               	.LM124:
 906 0282 12E0      		ldi r17,lo8(2)
 907 0284 812F      		mov r24,r17
 908               	.LVL64:
 909               	/* #APP */
 910               	 ;  83 "c:/winavr-20100110/lib/gcc/../../avr/include/util/delay_basic.h" 1
 911 0286 8A95      		1: dec r24
 912 0288 01F4      		brne 1b
 913               	 ;  0 "" 2
 914               	/* #NOAPP */
 915               	.LBE399:
 916               	.LBE398:
 917               	.LBE397:
 918               	.LBE396:
 919               	.LM125:
 920 028a 81E0      		ldi r24,lo8(1)
 921               	.LVL65:
 922 028c 0E94 0000 		call Sensors_I2C_SCL_State_Set
 923               	.LBB400:
 924               	.LBB401:
 925               	.LBB402:
 926               	.LBB403:
 927               	.LM126:
 928 0290 812F      		mov r24,r17
 929               	.LVL66:
 930               	/* #APP */
 931               	 ;  83 "c:/winavr-20100110/lib/gcc/../../avr/include/util/delay_basic.h" 1
 932 0292 8A95      		1: dec r24
 933 0294 01F4      		brne 1b
 934               	 ;  0 "" 2
 935               	/* #NOAPP */
 936               	.LBE403:
 937               	.LBE402:
 938               	.LBE401:
 939               	.LBE400:
 940               	.LBB404:
 941               	.LBB405:
 942               	.LBB406:
 943               	.LBB407:
 944 0296 812F      		mov r24,r17
 945               	.LVL67:
 946               	/* #APP */
 947               	 ;  83 "c:/winavr-20100110/lib/gcc/../../avr/include/util/delay_basic.h" 1
 948 0298 8A95      		1: dec r24
 949 029a 01F4      		brne 1b
 950               	 ;  0 "" 2
 951               	/* #NOAPP */
 952               	.LBE407:
 953               	.LBE406:
 954               	.LBE405:
 955               	.LBE404:
 956               	.LM127:
 957 029c 80E0      		ldi r24,lo8(0)
 958               	.LVL68:
 959 029e 0E94 0000 		call Sensors_I2C_SCL_State_Set
 960               	.LBB408:
 961               	.LBB409:
 962               	.LBB410:
 963               	.LBB411:
 964               	.LM128:
 965               	/* #APP */
 966               	 ;  83 "c:/winavr-20100110/lib/gcc/../../avr/include/util/delay_basic.h" 1
 967 02a2 1A95      		1: dec r17
 968 02a4 01F4      		brne 1b
 969               	 ;  0 "" 2
 970               	.LVL69:
 971               	/* #NOAPP */
 972               	.L53:
 973               	/* epilogue start */
 974               	.LBE411:
 975               	.LBE410:
 976               	.LBE409:
 977               	.LBE408:
 978               	.LM129:
 979 02a6 1F91      		pop r17
 980               	.LVL70:
 981 02a8 0895      		ret
 982               	.LFE18:
 984               	.global	Sensors_Sample
 986               	Sensors_Sample:
 987               	.LFB19:
 988               	.LM130:
 989 02aa 0F93      		push r16
 990 02ac 1F93      		push r17
 991               	/* prologue: function */
 992               	/* frame size = 0 */
 993               	.LM131:
 994 02ae 5B98      		cbi 43-32,3
 995               	.LBB412:
 996               	.LBB413:
 997               	.LBB414:
 998               	.LBB415:
 999               	.LM132:
 1000 02b0 80E2      		ldi r24,lo8(20000)
 1001 02b2 9EE4      		ldi r25,hi8(20000)
 1002               	.LVL71:
 1003               	/* #APP */
 1004               	 ;  105 "c:/winavr-20100110/lib/gcc/../../avr/include/util/delay_basic.h" 1
 1005 02b4 0197      		1: sbiw r24,1
 1006 02b6 01F4      		brne 1b
 1007               	 ;  0 "" 2
 1008               	/* #NOAPP */
 1009               	.LBE415:
 1010               	.LBE414:
 1011               	.LBE413:
 1012               	.LBE412:
 1013               	.LM133:
 1014 02b8 1092 0000 		sts HDC1080+12,__zero_reg__
 1015 02bc 10E0      		ldi r17,lo8(0)
 1016               	.LVL72:
 1017               	.LBB416:
 1018               	.LM134:
 1019 02be 01E0      		ldi r16,lo8(1)
 1020               	.L57:
 1021               	.LM135:
 1022 02c0 0E94 0000 		call Sensors_HDC1080_I2C_Start
 1023               	.LVL73:
 1024               	.LM136:
 1025 02c4 80E8      		ldi r24,lo8(-128)
 1026 02c6 0E94 0000 		call Sensors_HDC1080_I2C_Send
 1027               	.LM137:
 1028 02ca 0E94 0000 		call Sensors_HDC1080_I2C_Check_Ack
 1029               	.LM138:
 1030 02ce 8091 0000 		lds r24,HDC1080+1
 1031 02d2 8823      		tst r24
 1032 02d4 01F4      		brne .L55
 1033               	.LM139:
 1034 02d6 0E94 0000 		call Sensors_HDC1080_I2C_Stop
 1035               	.LM140:
 1036 02da 1133      		cpi r17,lo8(49)
 1037 02dc 01F4      		brne .L56
 1038               	.LM141:
 1039 02de 0093 0000 		sts HDC1080+12,r16
 1040               	.L56:
 1041               	.LM142:
 1042 02e2 1F5F      		subi r17,lo8(-(1))
 1043 02e4 1233      		cpi r17,lo8(50)
 1044 02e6 01F4      		brne .L57
 1045               	.L55:
 1046               	.LBE416:
 1047               	.LM143:
 1048 02e8 82E0      		ldi r24,lo8(2)
 1049 02ea 0E94 0000 		call Sensors_HDC1080_I2C_Send
 1050               	.LM144:
 1051 02ee 0E94 0000 		call Sensors_HDC1080_I2C_Check_Ack
 1052               	.LM145:
 1053 02f2 80E0      		ldi r24,lo8(0)
 1054 02f4 0E94 0000 		call Sensors_HDC1080_I2C_Send
 1055               	.LM146:
 1056 02f8 0E94 0000 		call Sensors_HDC1080_I2C_Check_Ack
 1057               	.LM147:
 1058 02fc 80E0      		ldi r24,lo8(0)
 1059 02fe 0E94 0000 		call Sensors_HDC1080_I2C_Send
 1060               	.LM148:
 1061 0302 0E94 0000 		call Sensors_HDC1080_I2C_Check_Ack
 1062               	.LM149:
 1063 0306 0E94 0000 		call Sensors_HDC1080_I2C_Stop
 1064               	.LM150:
 1065 030a 0E94 0000 		call Sensors_HDC1080_I2C_Start
 1066               	.LM151:
 1067 030e 80E8      		ldi r24,lo8(-128)
 1068 0310 0E94 0000 		call Sensors_HDC1080_I2C_Send
 1069               	.LM152:
 1070 0314 0E94 0000 		call Sensors_HDC1080_I2C_Check_Ack
 1071               	.LM153:
 1072 0318 81E0      		ldi r24,lo8(1)
 1073 031a 0E94 0000 		call Sensors_HDC1080_I2C_Send
 1074               	.LM154:
 1075 031e 0E94 0000 		call Sensors_HDC1080_I2C_Check_Ack
 1076               	.LM155:
 1077 0322 0E94 0000 		call Sensors_HDC1080_I2C_Stop
 1078 0326 10E0      		ldi r17,lo8(0)
 1079               	.LVL74:
 1080               	.L59:
 1081               	.LBB417:
 1082               	.LM156:
 1083 0328 0E94 0000 		call Sensors_HDC1080_I2C_Start
 1084               	.LM157:
 1085 032c 81E8      		ldi r24,lo8(-127)
 1086 032e 0E94 0000 		call Sensors_HDC1080_I2C_Send
 1087               	.LM158:
 1088 0332 0E94 0000 		call Sensors_HDC1080_I2C_Check_Ack
 1089               	.LM159:
 1090 0336 8091 0000 		lds r24,HDC1080+1
 1091 033a 8823      		tst r24
 1092 033c 01F4      		brne .L58
 1093               	.LM160:
 1094 033e 0E94 0000 		call Sensors_HDC1080_I2C_Stop
 1095               	.LM161:
 1096 0342 1F5F      		subi r17,lo8(-(1))
 1097 0344 1233      		cpi r17,lo8(50)
 1098 0346 01F4      		brne .L59
 1099               	.L58:
 1100               	.LBE417:
 1101               	.LM162:
 1102 0348 0E94 0000 		call Sensors_HDC1080_I2C_Receive
 1103 034c 082F      		mov r16,r24
 1104               	.LM163:
 1105 034e 0E94 0000 		call Sensors_HDC1080_I2C_Send_Ack
 1106               	.LM164:
 1107 0352 0E94 0000 		call Sensors_HDC1080_I2C_Receive
 1108 0356 182F      		mov r17,r24
 1109               	.LVL75:
 1110               	.LM165:
 1111 0358 0E94 0000 		call Sensors_HDC1080_I2C_Check_Ack
 1112               	.LM166:
 1113 035c 0E94 0000 		call Sensors_HDC1080_I2C_Stop
 1114               	.LM167:
 1115 0360 8091 0000 		lds r24,HDC1080+12
 1116 0364 8823      		tst r24
 1117 0366 01F4      		brne .L60
 1118               	.LM168:
 1119 0368 602F      		mov r22,r16
 1120               	.LVL76:
 1121 036a 70E0      		ldi r23,lo8(0)
 1122               	.LVL77:
 1123 036c 80E0      		ldi r24,lo8(0)
 1124 036e 90E0      		ldi r25,hi8(0)
 1125               	.LVL78:
 1126               	.LM169:
 1127 0370 982F      		mov r25,r24
 1128 0372 872F      		mov r24,r23
 1129 0374 762F      		mov r23,r22
 1130 0376 6627      		clr r22
 1131               	.LVL79:
 1132               	.LM170:
 1133 0378 212F      		mov r18,r17
 1134 037a 30E0      		ldi r19,lo8(0)
 1135 037c 40E0      		ldi r20,lo8(0)
 1136 037e 50E0      		ldi r21,hi8(0)
 1137 0380 622B      		or r22,r18
 1138 0382 732B      		or r23,r19
 1139 0384 842B      		or r24,r20
 1140 0386 952B      		or r25,r21
 1141               	.LM171:
 1142 0388 24E6      		ldi r18,lo8(100)
 1143 038a 30E0      		ldi r19,hi8(100)
 1144 038c 40E0      		ldi r20,hlo8(100)
 1145 038e 50E0      		ldi r21,hhi8(100)
 1146 0390 0E94 0000 		call __mulsi3
 1147               	.LVL80:
 1148               	.LM172:
 1149 0394 2FEF      		ldi r18,lo8(65535)
 1150 0396 3FEF      		ldi r19,hi8(65535)
 1151 0398 40E0      		ldi r20,hlo8(65535)
 1152 039a 50E0      		ldi r21,hhi8(65535)
 1153 039c 0E94 0000 		call __udivmodsi4
 1154 03a0 3093 0000 		sts (HDC1080+9)+1,r19
 1155 03a4 2093 0000 		sts HDC1080+9,r18
 1156 03a8 00C0      		rjmp .L61
 1157               	.LVL81:
 1158               	.L60:
 1159               	.LM173:
 1160 03aa 1092 0000 		sts (HDC1080+9)+1,__zero_reg__
 1161 03ae 1092 0000 		sts HDC1080+9,__zero_reg__
 1162               	.LVL82:
 1163               	.L61:
 1164               	.LM174:
 1165 03b2 0E94 0000 		call Sensors_HDC1080_I2C_Forced_Stop_Clear_Error
 1166               	.LVL83:
 1167               	.LM175:
 1168 03b6 5B9A      		sbi 43-32,3
 1169               	/* epilogue start */
 1170               	.LM176:
 1171 03b8 1F91      		pop r17
 1172 03ba 0F91      		pop r16
 1173 03bc 0895      		ret
 1174               	.LFE19:
 1176               	.global	Sensors_HDC1080_Address_Get
 1178               	Sensors_HDC1080_Address_Get:
 1179               	.LFB20:
 1180               	.LM177:
 1181               	/* prologue: function */
 1182               	/* frame size = 0 */
 1183               	.LM178:
 1184 03be 8091 0000 		lds r24,HDC1080+4
 1185               	/* epilogue start */
 1186 03c2 0895      		ret
 1187               	.LFE20:
 1189               	.global	Sensors_HDC1080_Status_Get
 1191               	Sensors_HDC1080_Status_Get:
 1192               	.LFB21:
 1193               	.LM179:
 1194               	/* prologue: function */
 1195               	/* frame size = 0 */
 1196               	.LM180:
 1197 03c4 8091 0000 		lds r24,HDC1080
 1198               	/* epilogue start */
 1199 03c8 0895      		ret
 1200               	.LFE21:
 1202               	.global	Sensors_HDC1080_Error_Get
 1204               	Sensors_HDC1080_Error_Get:
 1205               	.LFB22:
 1206               	.LM181:
 1207               	/* prologue: function */
 1208               	/* frame size = 0 */
 1209               	.LM182:
 1210 03ca 8091 0000 		lds r24,HDC1080+12
 1211               	/* epilogue start */
 1212 03ce 0895      		ret
 1213               	.LFE22:
 1215               	.global	Sensors_HDC1080_Sticky_Error_Get
 1217               	Sensors_HDC1080_Sticky_Error_Get:
 1218               	.LFB23:
 1219               	.LM183:
 1220               	/* prologue: function */
 1221               	/* frame size = 0 */
 1222               	.LM184:
 1223 03d0 8091 0000 		lds r24,HDC1080+13
 1224               	/* epilogue start */
 1225 03d4 0895      		ret
 1226               	.LFE23:
 1228               	.global	Sensors_HDC1080_RH_Get
 1230               	Sensors_HDC1080_RH_Get:
 1231               	.LFB24:
 1232               	.LM185:
 1233               	/* prologue: function */
 1234               	/* frame size = 0 */
 1235               	.LM186:
 1236 03d6 8091 0000 		lds r24,HDC1080+9
 1237 03da 9091 0000 		lds r25,HDC1080+10
 1238               	/* epilogue start */
 1239 03de 0895      		ret
 1240               	.LFE24:
 1242               		.comm HDC1080,14,1
 1411               	.Letext0:
DEFINED SYMBOLS
                            *ABS*:00000000 sensors.c
C:\Users\farid\AppData\Local\Temp/ccY5TtoY.s:2      *ABS*:0000003f __SREG__
C:\Users\farid\AppData\Local\Temp/ccY5TtoY.s:3      *ABS*:0000003e __SP_H__
C:\Users\farid\AppData\Local\Temp/ccY5TtoY.s:4      *ABS*:0000003d __SP_L__
C:\Users\farid\AppData\Local\Temp/ccY5TtoY.s:5      *ABS*:00000034 __CCP__
C:\Users\farid\AppData\Local\Temp/ccY5TtoY.s:6      *ABS*:00000000 __tmp_reg__
C:\Users\farid\AppData\Local\Temp/ccY5TtoY.s:7      *ABS*:00000001 __zero_reg__
C:\Users\farid\AppData\Local\Temp/ccY5TtoY.s:18     .text:00000000 Sensors_HDC1080_Struct_Init
                            *COM*:0000000e HDC1080
C:\Users\farid\AppData\Local\Temp/ccY5TtoY.s:49     .text:0000002e Sensors_Init
C:\Users\farid\AppData\Local\Temp/ccY5TtoY.s:75     .text:00000040 Sensors_I2C_SCL_State_Set
C:\Users\farid\AppData\Local\Temp/ccY5TtoY.s:103    .text:00000058 Sensors_I2C_SDA_State_Set
C:\Users\farid\AppData\Local\Temp/ccY5TtoY.s:131    .text:00000070 Sensors_I2C_SDA_State_Get
C:\Users\farid\AppData\Local\Temp/ccY5TtoY.s:176    .text:0000008e Sensors_I2C_Bus_Idle
C:\Users\farid\AppData\Local\Temp/ccY5TtoY.s:201    .text:000000a8 Sensors_HDC1080_I2C_Start
C:\Users\farid\AppData\Local\Temp/ccY5TtoY.s:304    .text:000000e6 Sensors_HDC1080_I2C_Stop
C:\Users\farid\AppData\Local\Temp/ccY5TtoY.s:415    .text:0000012a Sensors_HDC1080_I2C_Forced_Stop_Clear_Error
C:\Users\farid\AppData\Local\Temp/ccY5TtoY.s:527    .text:0000017a Sensors_HDC1080_I2C_Send
C:\Users\farid\AppData\Local\Temp/ccY5TtoY.s:652    .text:000001ce Sensors_HDC1080_I2C_Receive
C:\Users\farid\AppData\Local\Temp/ccY5TtoY.s:777    .text:00000228 Sensors_HDC1080_I2C_Check_Ack
C:\Users\farid\AppData\Local\Temp/ccY5TtoY.s:889    .text:00000274 Sensors_HDC1080_I2C_Send_Ack
C:\Users\farid\AppData\Local\Temp/ccY5TtoY.s:986    .text:000002aa Sensors_Sample
C:\Users\farid\AppData\Local\Temp/ccY5TtoY.s:1178   .text:000003be Sensors_HDC1080_Address_Get
C:\Users\farid\AppData\Local\Temp/ccY5TtoY.s:1191   .text:000003c4 Sensors_HDC1080_Status_Get
C:\Users\farid\AppData\Local\Temp/ccY5TtoY.s:1204   .text:000003ca Sensors_HDC1080_Error_Get
C:\Users\farid\AppData\Local\Temp/ccY5TtoY.s:1217   .text:000003d0 Sensors_HDC1080_Sticky_Error_Get
C:\Users\farid\AppData\Local\Temp/ccY5TtoY.s:1230   .text:000003d6 Sensors_HDC1080_RH_Get

UNDEFINED SYMBOLS
__mulsi3
__udivmodsi4
__do_clear_bss
