   1               		.file	"tasks.c"
   2               	__SREG__ = 0x3f
   3               	__SP_H__ = 0x3e
   4               	__SP_L__ = 0x3d
   5               	__CCP__  = 0x34
   6               	__tmp_reg__ = 0
   7               	__zero_reg__ = 1
  15               	.Ltext0:
  16               	.global	Task_Disable_Peripherals
  18               	Task_Disable_Peripherals:
  19               	.LFB6:
  20               	.LM1:
  21               	/* prologue: function */
  22               	/* frame size = 0 */
  23               	/* epilogue start */
  24               	.LM2:
  25 0000 0895      		ret
  26               	.LFE6:
  28               	.global	Task_OTAU
  30               	Task_OTAU:
  31               	.LFB11:
  32               	.LM3:
  33               	/* prologue: function */
  34               	/* frame size = 0 */
  35               	.LM4:
  36 0002 82E0      		ldi r24,lo8(2)
  37 0004 90E0      		ldi r25,hi8(2)
  38               	.L6:
  39 0006 0E94 0000 		call Kernel_Task_Sleep
  40               	.LM5:
  41 000a 8CE2      		ldi r24,lo8(300)
  42 000c 91E0      		ldi r25,hi8(300)
  43 000e 00C0      		rjmp .L6
  44               	.LFE11:
  46               	.global	Task_Sensor
  48               	Task_Sensor:
  49               	.LFB10:
  50               	.LM6:
  51               	/* prologue: function */
  52               	/* frame size = 0 */
  53               	.LM7:
  54 0010 0E94 0000 		call Sensors_Init
  55               	.LM8:
  56 0014 82E0      		ldi r24,lo8(2)
  57 0016 90E0      		ldi r25,hi8(2)
  58               	.L10:
  59 0018 0E94 0000 		call Kernel_Task_Sleep
  60               	.LM9:
  61 001c 0E94 0000 		call Sensors_Power_Enable
  62               	.LM10:
  63 0020 0E94 0000 		call Sensors_Sample_Temp_RH
  64               	.LM11:
  65 0024 0E94 0000 		call Peripherals_V3V3_Sense_Sample
  66               	.LM12:
  67 0028 0E94 0000 		call Sensors_Power_Disable
  68               	.LM13:
  69 002c 0E94 0000 		call Sensors_HDC1080_Calculate
  70               	.LM14:
  71 0030 8CE2      		ldi r24,lo8(300)
  72 0032 91E0      		ldi r25,hi8(300)
  73 0034 00C0      		rjmp .L10
  74               	.LFE10:
  76               	.global	Task_Radio
  78               	Task_Radio:
  79               	.LFB9:
  80               	.LM15:
  81               	/* prologue: function */
  82               	/* frame size = 0 */
  83               	.LM16:
  84 0036 0E94 0000 		call nRF24L01P_Init
  85               	.LM17:
  86 003a 82E0      		ldi r24,lo8(2)
  87 003c 90E0      		ldi r25,hi8(2)
  88 003e 0E94 0000 		call Kernel_Task_Sleep
  89               	.LM18:
  90 0042 B0E1      		ldi r27,lo8(16)
  91 0044 BB2E      		mov r11,r27
  92               	.LM19:
  93 0046 C0E0      		ldi r28,lo8(TaskData)
  94 0048 D0E0      		ldi r29,hi8(TaskData)
  95               	.LM20:
  96 004a A2E0      		ldi r26,lo8(2)
  97 004c CA2E      		mov r12,r26
  98 004e D12C      		mov r13,__zero_reg__
  99 0050 CC0E      		add r12,r28
 100 0052 DD1E      		adc r13,r29
 101               	.LM21:
 102 0054 F8E0      		ldi r31,lo8(8)
 103 0056 EF2E      		mov r14,r31
 104 0058 F12C      		mov r15,__zero_reg__
 105 005a EC0E      		add r14,r28
 106 005c FD1E      		adc r15,r29
 107               	.LM22:
 108 005e 8E01      		movw r16,r28
 109 0060 025D      		subi r16,lo8(-(46))
 110 0062 1F4F      		sbci r17,hi8(-(46))
 111               	.L12:
 112               	.LM23:
 113 0064 B092 0000 		sts TaskData+10,r11
 114               	.LM24:
 115 0068 0E94 0000 		call Kernel_Tick_Val_Get
 116 006c 6093 0000 		sts TaskData+42,r22
 117 0070 7093 0000 		sts (TaskData+42)+1,r23
 118 0074 8093 0000 		sts (TaskData+42)+2,r24
 119 0078 9093 0000 		sts (TaskData+42)+3,r25
 120               	.LM25:
 121 007c 292F      		mov r18,r25
 122 007e 3327      		clr r19
 123 0080 4427      		clr r20
 124 0082 5527      		clr r21
 125 0084 2093 0000 		sts TaskData+11,r18
 126               	.LM26:
 127 0088 9C01      		movw r18,r24
 128 008a 4427      		clr r20
 129 008c 5527      		clr r21
 130 008e 2093 0000 		sts TaskData+12,r18
 131               	.LM27:
 132 0092 272F      		mov r18,r23
 133 0094 382F      		mov r19,r24
 134 0096 492F      		mov r20,r25
 135 0098 5527      		clr r21
 136 009a 2093 0000 		sts TaskData+13,r18
 137               	.LM28:
 138 009e 6093 0000 		sts TaskData+14,r22
 139               	.LM29:
 140 00a2 0E94 0000 		call Peripherals_Vin_Get
 141 00a6 8093 0000 		sts TaskData,r24
 142 00aa 9983      		std Y+1,r25
 143               	.LM30:
 144 00ac 9093 0000 		sts TaskData+15,r25
 145               	.LM31:
 146 00b0 8093 0000 		sts TaskData+16,r24
 147               	.LM32:
 148 00b4 0E94 0000 		call Peripherals_V3V3_Get
 149 00b8 8093 0000 		sts TaskData+2,r24
 150 00bc F601      		movw r30,r12
 151 00be 9183      		std Z+1,r25
 152               	.LM33:
 153 00c0 9093 0000 		sts TaskData+17,r25
 154               	.LM34:
 155 00c4 8093 0000 		sts TaskData+18,r24
 156               	.LM35:
 157 00c8 0E94 0000 		call Peripherals_Analog_Temp_Get
 158 00cc 9093 0000 		sts (TaskData+4)+1,r25
 159 00d0 8093 0000 		sts TaskData+4,r24
 160               	.LM36:
 161 00d4 292F      		mov r18,r25
 162 00d6 3327      		clr r19
 163 00d8 27FD      		sbrc r18,7
 164 00da 3A95      		dec r19
 165 00dc 2093 0000 		sts TaskData+19,r18
 166               	.LM37:
 167 00e0 8093 0000 		sts TaskData+20,r24
 168               	.LM38:
 169 00e4 0E94 0000 		call Peripherals_Digital_Temp_Get
 170 00e8 9093 0000 		sts (TaskData+6)+1,r25
 171 00ec 8093 0000 		sts TaskData+6,r24
 172               	.LM39:
 173 00f0 292F      		mov r18,r25
 174 00f2 3327      		clr r19
 175 00f4 27FD      		sbrc r18,7
 176 00f6 3A95      		dec r19
 177 00f8 2093 0000 		sts TaskData+21,r18
 178               	.LM40:
 179 00fc 8093 0000 		sts TaskData+22,r24
 180               	.LM41:
 181 0100 0E94 0000 		call Peripherals_Digital_RH_Get
 182 0104 8093 0000 		sts TaskData+8,r24
 183 0108 F701      		movw r30,r14
 184 010a 9183      		std Z+1,r25
 185               	.LM42:
 186 010c 8093 0000 		sts TaskData+23,r24
 187               	.LM43:
 188 0110 80E0      		ldi r24,lo8(TaskData+10)
 189 0112 90E0      		ldi r25,hi8(TaskData+10)
 190 0114 6EE0      		ldi r22,lo8(14)
 191 0116 0E94 0000 		call nRF24L01P_Calcuate_CRC_Block
 192 011a 8093 0000 		sts TaskData+46,r24
 193 011e F801      		movw r30,r16
 194 0120 9183      		std Z+1,r25
 195               	.LM44:
 196 0122 9093 0000 		sts TaskData+24,r25
 197               	.LM45:
 198 0126 8093 0000 		sts TaskData+25,r24
 199               	.LM46:
 200 012a 0E94 0000 		call nRF24L01P_WakeUp
 201               	.LM47:
 202 012e 80E0      		ldi r24,lo8(TaskData+10)
 203 0130 90E0      		ldi r25,hi8(TaskData+10)
 204 0132 60E1      		ldi r22,lo8(16)
 205 0134 0E94 0000 		call nRF24L01P_Transmit_Basic
 206               	.LM48:
 207 0138 0E94 0000 		call nRF24L01P_Deep_Sleep
 208               	.LM49:
 209 013c 0E94 0000 		call nRF24L01P_Error_Handler
 210               	.LM50:
 211 0140 8CE2      		ldi r24,lo8(300)
 212 0142 91E0      		ldi r25,hi8(300)
 213 0144 0E94 0000 		call Kernel_Task_Sleep
 214 0148 00C0      		rjmp .L12
 215               	.LFE9:
 217               	.global	Task_Vin_Sense
 219               	Task_Vin_Sense:
 220               	.LFB8:
 221               	.LM51:
 222               	/* prologue: function */
 223               	/* frame size = 0 */
 224               	.LM52:
 225 014a 529A      		sbi 42-32,2
 226               	.LM53:
 227 014c 5A98      		cbi 43-32,2
 228               	.LM54:
 229 014e 82E0      		ldi r24,lo8(2)
 230 0150 90E0      		ldi r25,hi8(2)
 231               	.L17:
 232 0152 0E94 0000 		call Kernel_Task_Sleep
 233               	.LM55:
 234 0156 0E94 0000 		call Peripherals_Vin_Sense_Sample
 235               	.LM56:
 236 015a 8CE3      		ldi r24,lo8(60)
 237 015c 90E0      		ldi r25,hi8(60)
 238 015e 00C0      		rjmp .L17
 239               	.LFE8:
 241               	.global	Task_RGB_LED
 243               	Task_RGB_LED:
 244               	.LFB7:
 245               	.LM57:
 246               	/* prologue: function */
 247               	/* frame size = 0 */
 248               	.LM58:
 249 0160 0E94 0000 		call RGB_Init
 250               	.LM59:
 251 0164 82E0      		ldi r24,lo8(2)
 252 0166 90E0      		ldi r25,hi8(2)
 253 0168 0E94 0000 		call Kernel_Task_Sleep
 254               	.LBB24:
 255               	.LBB25:
 256               	.LBB26:
 257               	.LBB27:
 258               	.LBB28:
 259               	.LBB29:
 260               	.LM60:
 261 016c C8EE      		ldi r28,lo8(1000)
 262 016e D3E0      		ldi r29,hi8(1000)
 263               	.L21:
 264               	.LBE29:
 265               	.LBE28:
 266               	.LBE27:
 267               	.LBE26:
 268               	.LBE25:
 269               	.LBE24:
 270               	.LM61:
 271 0170 0E94 0000 		call Peripherals_Vin_Get
 272 0174 815F      		subi r24,lo8(2801)
 273 0176 9A40      		sbci r25,hi8(2801)
 274 0178 00F0      		brlo .L19
 275               	.LM62:
 276 017a 80E0      		ldi r24,lo8(0)
 277 017c 61E0      		ldi r22,lo8(1)
 278 017e 00C0      		rjmp .L23
 279               	.L19:
 280               	.LM63:
 281 0180 81E0      		ldi r24,lo8(1)
 282 0182 60E0      		ldi r22,lo8(0)
 283               	.L23:
 284 0184 40E0      		ldi r20,lo8(0)
 285 0186 0E94 0000 		call RGB_Set_State
 286               	.LBB35:
 287               	.LBB34:
 288               	.LBB33:
 289               	.LBB32:
 290               	.LBB31:
 291               	.LBB30:
 292               	.LM64:
 293 018a CE01      		movw r24,r28
 294               	.LVL0:
 295               	/* #APP */
 296               	 ;  105 "c:/winavr-20100110/lib/gcc/../../avr/include/util/delay_basic.h" 1
 297 018c 0197      		1: sbiw r24,1
 298 018e 01F4      		brne 1b
 299               	 ;  0 "" 2
 300               	/* #NOAPP */
 301               	.LBE30:
 302               	.LBE31:
 303               	.LBE32:
 304               	.LBE33:
 305               	.LBE34:
 306               	.LBE35:
 307               	.LM65:
 308 0190 80E0      		ldi r24,lo8(0)
 309               	.LVL1:
 310 0192 60E0      		ldi r22,lo8(0)
 311 0194 40E0      		ldi r20,lo8(0)
 312 0196 0E94 0000 		call RGB_Set_State
 313               	.LM66:
 314 019a 8EE1      		ldi r24,lo8(30)
 315 019c 90E0      		ldi r25,hi8(30)
 316 019e 0E94 0000 		call Kernel_Task_Sleep
 317 01a2 00C0      		rjmp .L21
 318               	.LFE7:
 320               		.comm TaskData,48,1
 321               		.comm OTAU,261,1
 386               	.Letext0:
DEFINED SYMBOLS
                            *ABS*:00000000 tasks.c
C:\Users\WALTON\AppData\Local\Temp/cczLopNc.s:2      *ABS*:0000003f __SREG__
C:\Users\WALTON\AppData\Local\Temp/cczLopNc.s:3      *ABS*:0000003e __SP_H__
C:\Users\WALTON\AppData\Local\Temp/cczLopNc.s:4      *ABS*:0000003d __SP_L__
C:\Users\WALTON\AppData\Local\Temp/cczLopNc.s:5      *ABS*:00000034 __CCP__
C:\Users\WALTON\AppData\Local\Temp/cczLopNc.s:6      *ABS*:00000000 __tmp_reg__
C:\Users\WALTON\AppData\Local\Temp/cczLopNc.s:7      *ABS*:00000001 __zero_reg__
C:\Users\WALTON\AppData\Local\Temp/cczLopNc.s:18     .text:00000000 Task_Disable_Peripherals
C:\Users\WALTON\AppData\Local\Temp/cczLopNc.s:30     .text:00000002 Task_OTAU
C:\Users\WALTON\AppData\Local\Temp/cczLopNc.s:48     .text:00000010 Task_Sensor
C:\Users\WALTON\AppData\Local\Temp/cczLopNc.s:78     .text:00000036 Task_Radio
                            *COM*:00000030 TaskData
C:\Users\WALTON\AppData\Local\Temp/cczLopNc.s:219    .text:0000014a Task_Vin_Sense
C:\Users\WALTON\AppData\Local\Temp/cczLopNc.s:243    .text:00000160 Task_RGB_LED
                            *COM*:00000105 OTAU

UNDEFINED SYMBOLS
Kernel_Task_Sleep
Sensors_Init
Sensors_Power_Enable
Sensors_Sample_Temp_RH
Peripherals_V3V3_Sense_Sample
Sensors_Power_Disable
Sensors_HDC1080_Calculate
nRF24L01P_Init
Kernel_Tick_Val_Get
Peripherals_Vin_Get
Peripherals_V3V3_Get
Peripherals_Analog_Temp_Get
Peripherals_Digital_Temp_Get
Peripherals_Digital_RH_Get
nRF24L01P_Calcuate_CRC_Block
nRF24L01P_WakeUp
nRF24L01P_Transmit_Basic
nRF24L01P_Deep_Sleep
nRF24L01P_Error_Handler
Peripherals_Vin_Sense_Sample
RGB_Init
RGB_Set_State
__do_clear_bss
